[0.016s] Invoking command in '/home/loc/.distrobox/ros2-home/BTVN02/build/distance_warning': CMAKE_PREFIX_PATH=${CMAKE_PREFIX_PATH}:/opt/ros/humble PS1=\[\e]0;\u@\h: \w\a\]${debian_chroot:+($debian_chroot)}\[\033[01;32m\]\u@\h\[\033[00m\]:\[\033[01;34m\]\w\[\033[00m\]\$ /usr/bin/cmake /home/loc/.distrobox/ros2-home/BTVN02/src/distance_warning -DCMAKE_INSTALL_PREFIX=/home/loc/.distrobox/ros2-home/BTVN02/install/distance_warning
[0.103s] -- The C compiler identification is GNU 11.4.0
[0.182s] -- The CXX compiler identification is GNU 11.4.0
[0.192s] -- Detecting C compiler ABI info
[0.308s] -- Detecting C compiler ABI info - done
[0.321s] -- Check for working C compiler: /usr/bin/cc - skipped
[0.321s] -- Detecting C compile features
[0.321s] -- Detecting C compile features - done
[0.327s] -- Detecting CXX compiler ABI info
[0.453s] -- Detecting CXX compiler ABI info - done
[0.465s] -- Check for working CXX compiler: /usr/bin/c++ - skipped
[0.465s] -- Detecting CXX compile features
[0.466s] -- Detecting CXX compile features - done
[0.469s] -- Found ament_cmake: 1.3.14 (/opt/ros/humble/share/ament_cmake/cmake)
[0.680s] -- Found Python3: /usr/bin/python3 (found version "3.10.12") found components: Interpreter 
[0.779s] -- Found rclcpp: 16.0.19 (/opt/ros/humble/share/rclcpp/cmake)
[0.826s] -- Found rosidl_generator_c: 3.1.8 (/opt/ros/humble/share/rosidl_generator_c/cmake)
[0.832s] -- Found rosidl_adapter: 3.1.8 (/opt/ros/humble/share/rosidl_adapter/cmake)
[0.841s] -- Found rosidl_generator_cpp: 3.1.8 (/opt/ros/humble/share/rosidl_generator_cpp/cmake)
[0.853s] -- Using all available rosidl_typesupport_c: rosidl_typesupport_fastrtps_c;rosidl_typesupport_introspection_c
[0.869s] -- Using all available rosidl_typesupport_cpp: rosidl_typesupport_fastrtps_cpp;rosidl_typesupport_introspection_cpp
[0.913s] -- Found rmw_implementation_cmake: 6.1.2 (/opt/ros/humble/share/rmw_implementation_cmake/cmake)
[0.915s] -- Found rmw_fastrtps_cpp: 6.2.10 (/opt/ros/humble/share/rmw_fastrtps_cpp/cmake)
[1.043s] -- Found OpenSSL: /usr/lib/x86_64-linux-gnu/libcrypto.so (found version "3.0.2")  
[1.091s] -- Found FastRTPS: /opt/ros/humble/include  
[1.160s] -- Using RMW implementation 'rmw_fastrtps_cpp' as default
[1.169s] -- Looking for pthread.h
[1.292s] -- Looking for pthread.h - found
[1.293s] -- Performing Test CMAKE_HAVE_LIBC_PTHREAD
[1.414s] -- Performing Test CMAKE_HAVE_LIBC_PTHREAD - Success
[1.416s] -- Found Threads: TRUE  
[1.479s] -- Found rclcpp_action: 16.0.19 (/opt/ros/humble/share/rclcpp_action/cmake)
[1.515s] -- Found rosidl_default_generators: 1.2.1 (/opt/ros/humble/share/rosidl_default_generators/cmake)
[1.531s] -- Found tf2: 0.25.20 (/opt/ros/humble/share/tf2/cmake)
[1.561s] -- Found tf2_ros: 0.25.20 (/opt/ros/humble/share/tf2_ros/cmake)
[1.619s] -- Found tf2_geometry_msgs: 0.25.20 (/opt/ros/humble/share/tf2_geometry_msgs/cmake)
[1.634s] -- Found eigen3_cmake_module: 0.1.1 (/opt/ros/humble/share/eigen3_cmake_module/cmake)
[1.635s] -- Found Eigen3: TRUE (found version "3.4.0") 
[1.635s] -- Ensuring Eigen3 include directory is part of orocos-kdl CMake target
[1.963s] -- Found ament_cmake_ros: 0.10.0 (/opt/ros/humble/share/ament_cmake_ros/cmake)
[2.368s] -- Using all available rosidl_typesupport_c: rosidl_typesupport_fastrtps_c;rosidl_typesupport_introspection_c
[2.527s] -- Using all available rosidl_typesupport_cpp: rosidl_typesupport_fastrtps_cpp;rosidl_typesupport_introspection_cpp
[2.559s] -- Found PythonInterp: /usr/bin/python3 (found suitable version "3.10.12", minimum required is "3.6") 
[2.560s] -- Found python_cmake_module: 0.10.0 (/opt/ros/humble/share/python_cmake_module/cmake)
[2.589s] -- Found PythonLibs: /usr/lib/x86_64-linux-gnu/libpython3.10.so (found suitable version "3.10.12", minimum required is "3.5") 
[2.589s] -- Using PYTHON_EXECUTABLE: /usr/bin/python3
[2.589s] -- Using PYTHON_INCLUDE_DIRS: /usr/include/python3.10
[2.589s] -- Using PYTHON_LIBRARIES: /usr/lib/x86_64-linux-gnu/libpython3.10.so
[2.615s] -- Found PythonExtra: .so  
[2.757s] [0mCMake Deprecation Warning at /opt/ros/humble/share/rosidl_cmake/cmake/rosidl_target_interfaces.cmake:32 (message):
[2.757s]   Use rosidl_get_typesupport_target() and target_link_libraries() instead of
[2.757s]   rosidl_target_interfaces()
[2.757s] Call Stack (most recent call first):
[2.757s]   CMakeLists.txt:34 (rosidl_target_interfaces)
[2.757s] 
[2.757s] [0m
[2.757s] [0mCMake Deprecation Warning at /opt/ros/humble/share/rosidl_cmake/cmake/rosidl_target_interfaces.cmake:32 (message):
[2.757s]   Use rosidl_get_typesupport_target() and target_link_libraries() instead of
[2.758s]   rosidl_target_interfaces()
[2.758s] Call Stack (most recent call first):
[2.758s]   CMakeLists.txt:38 (rosidl_target_interfaces)
[2.758s] 
[2.758s] [0m
[2.758s] [0mCMake Deprecation Warning at /opt/ros/humble/share/rosidl_cmake/cmake/rosidl_target_interfaces.cmake:32 (message):
[2.758s]   Use rosidl_get_typesupport_target() and target_link_libraries() instead of
[2.758s]   rosidl_target_interfaces()
[2.759s] Call Stack (most recent call first):
[2.759s]   CMakeLists.txt:42 (rosidl_target_interfaces)
[2.759s] 
[2.759s] [0m
[2.778s] -- Configuring done
[2.853s] -- Generating done
[2.882s] -- Build files have been written to: /home/loc/.distrobox/ros2-home/BTVN02/build/distance_warning
[2.897s] Invoked command in '/home/loc/.distrobox/ros2-home/BTVN02/build/distance_warning' returned '0': CMAKE_PREFIX_PATH=${CMAKE_PREFIX_PATH}:/opt/ros/humble PS1=\[\e]0;\u@\h: \w\a\]${debian_chroot:+($debian_chroot)}\[\033[01;32m\]\u@\h\[\033[00m\]:\[\033[01;34m\]\w\[\033[00m\]\$ /usr/bin/cmake /home/loc/.distrobox/ros2-home/BTVN02/src/distance_warning -DCMAKE_INSTALL_PREFIX=/home/loc/.distrobox/ros2-home/BTVN02/install/distance_warning
[2.898s] Invoking command in '/home/loc/.distrobox/ros2-home/BTVN02/build/distance_warning': CMAKE_PREFIX_PATH=${CMAKE_PREFIX_PATH}:/opt/ros/humble PS1=\[\e]0;\u@\h: \w\a\]${debian_chroot:+($debian_chroot)}\[\033[01;32m\]\u@\h\[\033[00m\]:\[\033[01;34m\]\w\[\033[00m\]\$ /usr/bin/cmake --build /home/loc/.distrobox/ros2-home/BTVN02/build/distance_warning -- -j32 -l32
[2.969s] [  1%] [34m[1mGenerating C code for ROS interfaces[0m
[2.981s] [  3%] [34m[1mGenerating Rust code for ROS interfaces[0m
[2.989s] [  5%] [34m[1mGenerating C++ code for ROS interfaces[0m
[2.989s] [  7%] [32mBuilding CXX object CMakeFiles/distance_listener.dir/src/distance_listener.cpp.o[0m
[2.990s] [  9%] [32mBuilding CXX object CMakeFiles/distance_publisher.dir/src/distance_publisher.cpp.o[0m
[2.990s] [ 11%] [32mBuilding CXX object CMakeFiles/distance_tf_broadcaster.dir/src/distance_tf_broadcaster.cpp.o[0m
[3.004s] [ 11%] Built target ament_cmake_python_copy_distance_warning
[3.275s] running egg_info
[3.276s] creating distance_warning.egg-info
[3.276s] writing distance_warning.egg-info/PKG-INFO
[3.276s] writing dependency_links to distance_warning.egg-info/dependency_links.txt
[3.277s] writing top-level names to distance_warning.egg-info/top_level.txt
[3.277s] writing manifest file 'distance_warning.egg-info/SOURCES.txt'
[3.278s] reading manifest file 'distance_warning.egg-info/SOURCES.txt'
[3.279s] writing manifest file 'distance_warning.egg-info/SOURCES.txt'
[3.313s] [ 11%] Built target ament_cmake_python_build_distance_warning_egg
[3.386s] [ 11%] Built target distance_warning__rs
[3.567s] [ 13%] [32mBuilding C object CMakeFiles/distance_warning__rosidl_generator_c.dir/rosidl_generator_c/distance_warning/action/detail/check_distance__functions.c.o[0m
[3.569s] [ 15%] [32mBuilding C object CMakeFiles/distance_warning__rosidl_generator_c.dir/rosidl_generator_c/distance_warning/srv/detail/set_threshold__functions.c.o[0m
[3.578s] [ 15%] Built target distance_warning__cpp
[3.592s] [ 17%] [34m[1mGenerating C++ introspection for ROS interfaces[0m
[3.597s] [ 19%] [34m[1mGenerating C++ type support for eProsima Fast-RTPS[0m
[3.597s] [ 21%] [34m[1mGenerating C++ type support dispatch for ROS interfaces[0m
[3.761s] [ 23%] [32m[1mLinking C shared library libdistance_warning__rosidl_generator_c.so[0m
[3.834s] [ 23%] Built target distance_warning__rosidl_generator_c
[3.854s] [ 28%] [34m[1mGenerating C type support for eProsima Fast-RTPS[0m
[3.854s] [ 28%] [34m[1mGenerating C introspection for ROS interfaces[0m
[3.854s] [ 28%] [34m[1mGenerating C type support dispatch for ROS interfaces[0m
[4.035s] [ 30%] [32mBuilding CXX object CMakeFiles/distance_warning__rosidl_typesupport_cpp.dir/rosidl_typesupport_cpp/distance_warning/srv/set_threshold__type_support.cpp.o[0m
[4.036s] [ 32%] [32mBuilding CXX object CMakeFiles/distance_warning__rosidl_typesupport_cpp.dir/rosidl_typesupport_cpp/distance_warning/action/check_distance__type_support.cpp.o[0m
[4.047s] [ 34%] [32mBuilding CXX object CMakeFiles/distance_warning__rosidl_typesupport_introspection_cpp.dir/rosidl_typesupport_introspection_cpp/distance_warning/srv/detail/set_threshold__type_support.cpp.o[0m
[4.047s] [ 36%] [32mBuilding CXX object CMakeFiles/distance_warning__rosidl_typesupport_introspection_cpp.dir/rosidl_typesupport_introspection_cpp/distance_warning/action/detail/check_distance__type_support.cpp.o[0m
[4.192s] [ 38%] [32mBuilding CXX object CMakeFiles/distance_warning__rosidl_typesupport_fastrtps_cpp.dir/rosidl_typesupport_fastrtps_cpp/distance_warning/srv/detail/dds_fastrtps/set_threshold__type_support.cpp.o[0m
[4.197s] [ 40%] [32mBuilding CXX object CMakeFiles/distance_warning__rosidl_typesupport_fastrtps_cpp.dir/rosidl_typesupport_fastrtps_cpp/distance_warning/action/detail/dds_fastrtps/check_distance__type_support.cpp.o[0m
[4.397s] [ 44%] [32mBuilding CXX object CMakeFiles/distance_warning__rosidl_typesupport_fastrtps_c.dir/rosidl_typesupport_fastrtps_c/distance_warning/action/detail/check_distance__type_support_c.cpp.o[0m
[4.397s] [ 44%] [32mBuilding CXX object CMakeFiles/distance_warning__rosidl_typesupport_fastrtps_c.dir/rosidl_typesupport_fastrtps_c/distance_warning/srv/detail/set_threshold__type_support_c.cpp.o[0m
[4.551s] [ 46%] [32mBuilding CXX object CMakeFiles/distance_warning__rosidl_typesupport_c.dir/rosidl_typesupport_c/distance_warning/action/check_distance__type_support.cpp.o[0m
[4.551s] [ 48%] [32mBuilding CXX object CMakeFiles/distance_warning__rosidl_typesupport_c.dir/rosidl_typesupport_c/distance_warning/srv/set_threshold__type_support.cpp.o[0m
[4.591s] [ 50%] [32m[1mLinking CXX shared library libdistance_warning__rosidl_typesupport_cpp.so[0m
[4.627s] [ 51%] [32m[1mLinking CXX shared library libdistance_warning__rosidl_typesupport_c.so[0m
[4.668s] [ 51%] Built target distance_warning__rosidl_typesupport_cpp
[4.707s] [ 51%] Built target distance_warning__rosidl_typesupport_c
[4.726s] [ 55%] [32mBuilding C object CMakeFiles/distance_warning__rosidl_typesupport_introspection_c.dir/rosidl_typesupport_introspection_c/distance_warning/action/detail/check_distance__type_support.c.o[0m
[4.727s] [ 55%] [32mBuilding C object CMakeFiles/distance_warning__rosidl_typesupport_introspection_c.dir/rosidl_typesupport_introspection_c/distance_warning/srv/detail/set_threshold__type_support.c.o[0m
[4.727s] [ 57%] [32m[1mLinking CXX shared library libdistance_warning__rosidl_typesupport_introspection_cpp.so[0m
[4.805s] [ 59%] [32m[1mLinking C shared library libdistance_warning__rosidl_typesupport_introspection_c.so[0m
[4.824s] [ 61%] [32m[1mLinking CXX shared library libdistance_warning__rosidl_typesupport_fastrtps_c.so[0m
[4.824s] [ 61%] Built target distance_warning__rosidl_typesupport_introspection_cpp
[4.867s] [ 61%] Built target distance_warning__rosidl_typesupport_introspection_c
[4.893s] [ 63%] [32m[1mLinking CXX shared library libdistance_warning__rosidl_typesupport_fastrtps_cpp.so[0m
[4.928s] [ 63%] Built target distance_warning__rosidl_typesupport_fastrtps_c
[4.997s] [ 63%] Built target distance_warning__rosidl_typesupport_fastrtps_cpp
[5.028s] [ 63%] Built target distance_warning
[5.059s] [ 65%] [32mBuilding CXX object CMakeFiles/distance_action_client.dir/src/distance_action_client.cpp.o[0m
[5.061s] [ 67%] [32mBuilding CXX object CMakeFiles/set_threshold_service.dir/src/set_threshold_service.cpp.o[0m
[5.063s] [ 69%] [34m[1mGenerating Python code for ROS interfaces[0m
[5.063s] [ 71%] [32mBuilding CXX object CMakeFiles/distance_action_server.dir/src/distance_action_server.cpp.o[0m
[6.064s] [ 71%] Built target distance_warning__py
[6.098s] [ 73%] [32mBuilding C object CMakeFiles/distance_warning__rosidl_generator_py.dir/rosidl_generator_py/distance_warning/srv/_set_threshold_s.c.o[0m
[6.100s] [ 75%] [32mBuilding C object CMakeFiles/distance_warning__rosidl_generator_py.dir/rosidl_generator_py/distance_warning/action/_check_distance_s.c.o[0m
[6.280s] [ 76%] [32m[1mLinking C shared library rosidl_generator_py/distance_warning/libdistance_warning__rosidl_generator_py.so[0m
[6.354s] [ 76%] Built target distance_warning__rosidl_generator_py
[6.388s] [ 78%] [32mBuilding C object CMakeFiles/distance_warning__rosidl_typesupport_c__pyext.dir/rosidl_generator_py/distance_warning/_distance_warning_s.ep.rosidl_typesupport_c.c.o[0m
[6.390s] [ 80%] [32mBuilding C object CMakeFiles/distance_warning__rosidl_typesupport_fastrtps_c__pyext.dir/rosidl_generator_py/distance_warning/_distance_warning_s.ep.rosidl_typesupport_fastrtps_c.c.o[0m
[6.391s] [ 82%] [32mBuilding C object CMakeFiles/distance_warning__rosidl_typesupport_introspection_c__pyext.dir/rosidl_generator_py/distance_warning/_distance_warning_s.ep.rosidl_typesupport_introspection_c.c.o[0m
[6.546s] [ 84%] [32m[1mLinking C shared library rosidl_generator_py/distance_warning/distance_warning_s__rosidl_typesupport_c.cpython-310-x86_64-linux-gnu.so[0m
[6.609s] [ 86%] [32m[1mLinking C shared library rosidl_generator_py/distance_warning/distance_warning_s__rosidl_typesupport_fastrtps_c.cpython-310-x86_64-linux-gnu.so[0m
[6.621s] [ 86%] Built target distance_warning__rosidl_typesupport_c__pyext
[6.647s] [ 88%] [32m[1mLinking C shared library rosidl_generator_py/distance_warning/distance_warning_s__rosidl_typesupport_introspection_c.cpython-310-x86_64-linux-gnu.so[0m
[6.678s] [ 88%] Built target distance_warning__rosidl_typesupport_fastrtps_c__pyext
[6.710s] [ 88%] Built target distance_warning__rosidl_typesupport_introspection_c__pyext
[7.494s] [ 90%] [32m[1mLinking CXX executable distance_publisher[0m
[7.719s] [ 90%] Built target distance_publisher
[8.917s] [ 92%] [32m[1mLinking CXX executable distance_action_server[0m
[8.944s] [ 94%] [32m[1mLinking CXX executable distance_action_client[0m
[9.114s] [ 94%] Built target distance_action_server
[9.136s] [ 94%] Built target distance_action_client
[9.912s] [ 96%] [32m[1mLinking CXX executable set_threshold_service[0m
[10.149s] [ 96%] Built target set_threshold_service
[11.336s] [ 98%] [32m[1mLinking CXX executable distance_listener[0m
[11.755s] [ 98%] Built target distance_listener
[12.340s] [100%] [32m[1mLinking CXX executable distance_tf_broadcaster[0m
[12.830s] [100%] Built target distance_tf_broadcaster
[12.847s] Invoked command in '/home/loc/.distrobox/ros2-home/BTVN02/build/distance_warning' returned '0': CMAKE_PREFIX_PATH=${CMAKE_PREFIX_PATH}:/opt/ros/humble PS1=\[\e]0;\u@\h: \w\a\]${debian_chroot:+($debian_chroot)}\[\033[01;32m\]\u@\h\[\033[00m\]:\[\033[01;34m\]\w\[\033[00m\]\$ /usr/bin/cmake --build /home/loc/.distrobox/ros2-home/BTVN02/build/distance_warning -- -j32 -l32
[12.863s] Invoking command in '/home/loc/.distrobox/ros2-home/BTVN02/build/distance_warning': CMAKE_PREFIX_PATH=${CMAKE_PREFIX_PATH}:/opt/ros/humble PS1=\[\e]0;\u@\h: \w\a\]${debian_chroot:+($debian_chroot)}\[\033[01;32m\]\u@\h\[\033[00m\]:\[\033[01;34m\]\w\[\033[00m\]\$ /usr/bin/cmake --install /home/loc/.distrobox/ros2-home/BTVN02/build/distance_warning
[12.876s] -- Install configuration: ""
[12.877s] -- Installing: /home/loc/.distrobox/ros2-home/BTVN02/install/distance_warning/share/ament_index/resource_index/rosidl_interfaces/distance_warning
[12.877s] -- Installing: /home/loc/.distrobox/ros2-home/BTVN02/install/distance_warning/include/distance_warning/distance_warning
[12.877s] -- Installing: /home/loc/.distrobox/ros2-home/BTVN02/install/distance_warning/include/distance_warning/distance_warning/msg
[12.877s] -- Installing: /home/loc/.distrobox/ros2-home/BTVN02/install/distance_warning/include/distance_warning/distance_warning/msg/rosidl_generator_c__visibility_control.h
[12.878s] -- Installing: /home/loc/.distrobox/ros2-home/BTVN02/install/distance_warning/include/distance_warning/distance_warning/srv
[12.878s] -- Installing: /home/loc/.distrobox/ros2-home/BTVN02/install/distance_warning/include/distance_warning/distance_warning/srv/set_threshold.h
[12.878s] -- Installing: /home/loc/.distrobox/ros2-home/BTVN02/install/distance_warning/include/distance_warning/distance_warning/srv/detail
[12.878s] -- Installing: /home/loc/.distrobox/ros2-home/BTVN02/install/distance_warning/include/distance_warning/distance_warning/srv/detail/set_threshold__functions.c
[12.885s] -- Installing: /home/loc/.distrobox/ros2-home/BTVN02/install/distance_warning/include/distance_warning/distance_warning/srv/detail/set_threshold__functions.h
[12.886s] -- Installing: /home/loc/.distrobox/ros2-home/BTVN02/install/distance_warning/include/distance_warning/distance_warning/srv/detail/set_threshold__struct.h
[12.886s] -- Installing: /home/loc/.distrobox/ros2-home/BTVN02/install/distance_warning/include/distance_warning/distance_warning/srv/detail/set_threshold__type_support.h
[12.886s] -- Installing: /home/loc/.distrobox/ros2-home/BTVN02/install/distance_warning/include/distance_warning/distance_warning/action
[12.887s] -- Installing: /home/loc/.distrobox/ros2-home/BTVN02/install/distance_warning/include/distance_warning/distance_warning/action/check_distance.h
[12.887s] -- Installing: /home/loc/.distrobox/ros2-home/BTVN02/install/distance_warning/include/distance_warning/distance_warning/action/detail
[12.887s] -- Installing: /home/loc/.distrobox/ros2-home/BTVN02/install/distance_warning/include/distance_warning/distance_warning/action/detail/check_distance__functions.c
[12.888s] -- Installing: /home/loc/.distrobox/ros2-home/BTVN02/install/distance_warning/include/distance_warning/distance_warning/action/detail/check_distance__functions.h
[12.889s] -- Installing: /home/loc/.distrobox/ros2-home/BTVN02/install/distance_warning/include/distance_warning/distance_warning/action/detail/check_distance__struct.h
[12.889s] -- Installing: /home/loc/.distrobox/ros2-home/BTVN02/install/distance_warning/include/distance_warning/distance_warning/action/detail/check_distance__type_support.h
[12.890s] -- Installing: /home/loc/.distrobox/ros2-home/BTVN02/install/distance_warning/share/distance_warning/environment/library_path.sh
[12.890s] -- Installing: /home/loc/.distrobox/ros2-home/BTVN02/install/distance_warning/share/distance_warning/environment/library_path.dsv
[12.891s] -- Installing: /home/loc/.distrobox/ros2-home/BTVN02/install/distance_warning/lib/libdistance_warning__rosidl_generator_c.so
[12.892s] -- Set runtime path of "/home/loc/.distrobox/ros2-home/BTVN02/install/distance_warning/lib/libdistance_warning__rosidl_generator_c.so" to ""
[12.893s] -- Up-to-date: /home/loc/.distrobox/ros2-home/BTVN02/install/distance_warning/include/distance_warning/distance_warning
[12.893s] -- Up-to-date: /home/loc/.distrobox/ros2-home/BTVN02/install/distance_warning/include/distance_warning/distance_warning/msg
[12.893s] -- Installing: /home/loc/.distrobox/ros2-home/BTVN02/install/distance_warning/include/distance_warning/distance_warning/msg/rosidl_typesupport_fastrtps_c__visibility_control.h
[12.893s] -- Up-to-date: /home/loc/.distrobox/ros2-home/BTVN02/install/distance_warning/include/distance_warning/distance_warning/srv
[12.893s] -- Up-to-date: /home/loc/.distrobox/ros2-home/BTVN02/install/distance_warning/include/distance_warning/distance_warning/srv/detail
[12.893s] -- Installing: /home/loc/.distrobox/ros2-home/BTVN02/install/distance_warning/include/distance_warning/distance_warning/srv/detail/set_threshold__rosidl_typesupport_fastrtps_c.h
[12.893s] -- Up-to-date: /home/loc/.distrobox/ros2-home/BTVN02/install/distance_warning/include/distance_warning/distance_warning/action
[12.893s] -- Up-to-date: /home/loc/.distrobox/ros2-home/BTVN02/install/distance_warning/include/distance_warning/distance_warning/action/detail
[12.893s] -- Installing: /home/loc/.distrobox/ros2-home/BTVN02/install/distance_warning/include/distance_warning/distance_warning/action/detail/check_distance__rosidl_typesupport_fastrtps_c.h
[12.893s] -- Installing: /home/loc/.distrobox/ros2-home/BTVN02/install/distance_warning/lib/libdistance_warning__rosidl_typesupport_fastrtps_c.so
[12.894s] -- Set runtime path of "/home/loc/.distrobox/ros2-home/BTVN02/install/distance_warning/lib/libdistance_warning__rosidl_typesupport_fastrtps_c.so" to ""
[12.894s] -- Up-to-date: /home/loc/.distrobox/ros2-home/BTVN02/install/distance_warning/include/distance_warning/distance_warning
[12.894s] -- Up-to-date: /home/loc/.distrobox/ros2-home/BTVN02/install/distance_warning/include/distance_warning/distance_warning/msg
[12.894s] -- Installing: /home/loc/.distrobox/ros2-home/BTVN02/install/distance_warning/include/distance_warning/distance_warning/msg/rosidl_generator_cpp__visibility_control.hpp
[12.894s] -- Up-to-date: /home/loc/.distrobox/ros2-home/BTVN02/install/distance_warning/include/distance_warning/distance_warning/srv
[12.895s] -- Installing: /home/loc/.distrobox/ros2-home/BTVN02/install/distance_warning/include/distance_warning/distance_warning/srv/set_threshold.hpp
[12.895s] -- Up-to-date: /home/loc/.distrobox/ros2-home/BTVN02/install/distance_warning/include/distance_warning/distance_warning/srv/detail
[12.895s] -- Installing: /home/loc/.distrobox/ros2-home/BTVN02/install/distance_warning/include/distance_warning/distance_warning/srv/detail/set_threshold__builder.hpp
[12.895s] -- Installing: /home/loc/.distrobox/ros2-home/BTVN02/install/distance_warning/include/distance_warning/distance_warning/srv/detail/set_threshold__struct.hpp
[12.895s] -- Installing: /home/loc/.distrobox/ros2-home/BTVN02/install/distance_warning/include/distance_warning/distance_warning/srv/detail/set_threshold__traits.hpp
[12.895s] -- Installing: /home/loc/.distrobox/ros2-home/BTVN02/install/distance_warning/include/distance_warning/distance_warning/srv/detail/set_threshold__type_support.hpp
[12.895s] -- Up-to-date: /home/loc/.distrobox/ros2-home/BTVN02/install/distance_warning/include/distance_warning/distance_warning/action
[12.896s] -- Installing: /home/loc/.distrobox/ros2-home/BTVN02/install/distance_warning/include/distance_warning/distance_warning/action/check_distance.hpp
[12.896s] -- Up-to-date: /home/loc/.distrobox/ros2-home/BTVN02/install/distance_warning/include/distance_warning/distance_warning/action/detail
[12.896s] -- Installing: /home/loc/.distrobox/ros2-home/BTVN02/install/distance_warning/include/distance_warning/distance_warning/action/detail/check_distance__builder.hpp
[12.896s] -- Installing: /home/loc/.distrobox/ros2-home/BTVN02/install/distance_warning/include/distance_warning/distance_warning/action/detail/check_distance__struct.hpp
[12.896s] -- Installing: /home/loc/.distrobox/ros2-home/BTVN02/install/distance_warning/include/distance_warning/distance_warning/action/detail/check_distance__traits.hpp
[12.897s] -- Installing: /home/loc/.distrobox/ros2-home/BTVN02/install/distance_warning/include/distance_warning/distance_warning/action/detail/check_distance__type_support.hpp
[12.897s] -- Up-to-date: /home/loc/.distrobox/ros2-home/BTVN02/install/distance_warning/include/distance_warning/distance_warning
[12.897s] -- Up-to-date: /home/loc/.distrobox/ros2-home/BTVN02/install/distance_warning/include/distance_warning/distance_warning/msg
[12.897s] -- Installing: /home/loc/.distrobox/ros2-home/BTVN02/install/distance_warning/include/distance_warning/distance_warning/msg/rosidl_typesupport_fastrtps_cpp__visibility_control.h
[12.897s] -- Up-to-date: /home/loc/.distrobox/ros2-home/BTVN02/install/distance_warning/include/distance_warning/distance_warning/srv
[12.897s] -- Up-to-date: /home/loc/.distrobox/ros2-home/BTVN02/install/distance_warning/include/distance_warning/distance_warning/srv/detail
[12.897s] -- Installing: /home/loc/.distrobox/ros2-home/BTVN02/install/distance_warning/include/distance_warning/distance_warning/srv/detail/set_threshold__rosidl_typesupport_fastrtps_cpp.hpp
[12.898s] -- Installing: /home/loc/.distrobox/ros2-home/BTVN02/install/distance_warning/include/distance_warning/distance_warning/srv/detail/dds_fastrtps
[12.898s] -- Up-to-date: /home/loc/.distrobox/ros2-home/BTVN02/install/distance_warning/include/distance_warning/distance_warning/action
[12.898s] -- Up-to-date: /home/loc/.distrobox/ros2-home/BTVN02/install/distance_warning/include/distance_warning/distance_warning/action/detail
[12.898s] -- Installing: /home/loc/.distrobox/ros2-home/BTVN02/install/distance_warning/include/distance_warning/distance_warning/action/detail/check_distance__rosidl_typesupport_fastrtps_cpp.hpp
[12.898s] -- Installing: /home/loc/.distrobox/ros2-home/BTVN02/install/distance_warning/include/distance_warning/distance_warning/action/detail/dds_fastrtps
[12.898s] -- Installing: /home/loc/.distrobox/ros2-home/BTVN02/install/distance_warning/lib/libdistance_warning__rosidl_typesupport_fastrtps_cpp.so
[12.899s] -- Set runtime path of "/home/loc/.distrobox/ros2-home/BTVN02/install/distance_warning/lib/libdistance_warning__rosidl_typesupport_fastrtps_cpp.so" to ""
[12.899s] -- Up-to-date: /home/loc/.distrobox/ros2-home/BTVN02/install/distance_warning/include/distance_warning/distance_warning
[12.899s] -- Up-to-date: /home/loc/.distrobox/ros2-home/BTVN02/install/distance_warning/include/distance_warning/distance_warning/msg
[12.899s] -- Installing: /home/loc/.distrobox/ros2-home/BTVN02/install/distance_warning/include/distance_warning/distance_warning/msg/rosidl_typesupport_introspection_c__visibility_control.h
[12.899s] -- Up-to-date: /home/loc/.distrobox/ros2-home/BTVN02/install/distance_warning/include/distance_warning/distance_warning/srv
[12.899s] -- Up-to-date: /home/loc/.distrobox/ros2-home/BTVN02/install/distance_warning/include/distance_warning/distance_warning/srv/detail
[12.900s] -- Installing: /home/loc/.distrobox/ros2-home/BTVN02/install/distance_warning/include/distance_warning/distance_warning/srv/detail/set_threshold__rosidl_typesupport_introspection_c.h
[12.900s] -- Installing: /home/loc/.distrobox/ros2-home/BTVN02/install/distance_warning/include/distance_warning/distance_warning/srv/detail/set_threshold__type_support.c
[12.900s] -- Up-to-date: /home/loc/.distrobox/ros2-home/BTVN02/install/distance_warning/include/distance_warning/distance_warning/action
[12.900s] -- Up-to-date: /home/loc/.distrobox/ros2-home/BTVN02/install/distance_warning/include/distance_warning/distance_warning/action/detail
[12.900s] -- Installing: /home/loc/.distrobox/ros2-home/BTVN02/install/distance_warning/include/distance_warning/distance_warning/action/detail/check_distance__rosidl_typesupport_introspection_c.h
[12.900s] -- Installing: /home/loc/.distrobox/ros2-home/BTVN02/install/distance_warning/include/distance_warning/distance_warning/action/detail/check_distance__type_support.c
[12.901s] -- Installing: /home/loc/.distrobox/ros2-home/BTVN02/install/distance_warning/lib/libdistance_warning__rosidl_typesupport_introspection_c.so
[12.902s] -- Set runtime path of "/home/loc/.distrobox/ros2-home/BTVN02/install/distance_warning/lib/libdistance_warning__rosidl_typesupport_introspection_c.so" to ""
[12.902s] -- Installing: /home/loc/.distrobox/ros2-home/BTVN02/install/distance_warning/lib/libdistance_warning__rosidl_typesupport_c.so
[12.902s] -- Set runtime path of "/home/loc/.distrobox/ros2-home/BTVN02/install/distance_warning/lib/libdistance_warning__rosidl_typesupport_c.so" to ""
[12.903s] -- Up-to-date: /home/loc/.distrobox/ros2-home/BTVN02/install/distance_warning/include/distance_warning/distance_warning
[12.903s] -- Up-to-date: /home/loc/.distrobox/ros2-home/BTVN02/install/distance_warning/include/distance_warning/distance_warning/srv
[12.903s] -- Up-to-date: /home/loc/.distrobox/ros2-home/BTVN02/install/distance_warning/include/distance_warning/distance_warning/srv/detail
[12.903s] -- Installing: /home/loc/.distrobox/ros2-home/BTVN02/install/distance_warning/include/distance_warning/distance_warning/srv/detail/set_threshold__rosidl_typesupport_introspection_cpp.hpp
[12.903s] -- Installing: /home/loc/.distrobox/ros2-home/BTVN02/install/distance_warning/include/distance_warning/distance_warning/srv/detail/set_threshold__type_support.cpp
[12.903s] -- Up-to-date: /home/loc/.distrobox/ros2-home/BTVN02/install/distance_warning/include/distance_warning/distance_warning/action
[12.903s] -- Up-to-date: /home/loc/.distrobox/ros2-home/BTVN02/install/distance_warning/include/distance_warning/distance_warning/action/detail
[12.903s] -- Installing: /home/loc/.distrobox/ros2-home/BTVN02/install/distance_warning/include/distance_warning/distance_warning/action/detail/check_distance__rosidl_typesupport_introspection_cpp.hpp
[12.903s] -- Installing: /home/loc/.distrobox/ros2-home/BTVN02/install/distance_warning/include/distance_warning/distance_warning/action/detail/check_distance__type_support.cpp
[12.904s] -- Installing: /home/loc/.distrobox/ros2-home/BTVN02/install/distance_warning/lib/libdistance_warning__rosidl_typesupport_introspection_cpp.so
[12.905s] -- Set runtime path of "/home/loc/.distrobox/ros2-home/BTVN02/install/distance_warning/lib/libdistance_warning__rosidl_typesupport_introspection_cpp.so" to ""
[12.905s] -- Installing: /home/loc/.distrobox/ros2-home/BTVN02/install/distance_warning/lib/libdistance_warning__rosidl_typesupport_cpp.so
[12.906s] -- Set runtime path of "/home/loc/.distrobox/ros2-home/BTVN02/install/distance_warning/lib/libdistance_warning__rosidl_typesupport_cpp.so" to ""
[12.906s] -- Installing: /home/loc/.distrobox/ros2-home/BTVN02/install/distance_warning/share/distance_warning/environment/pythonpath.sh
[12.906s] -- Installing: /home/loc/.distrobox/ros2-home/BTVN02/install/distance_warning/share/distance_warning/environment/pythonpath.dsv
[12.907s] -- Installing: /home/loc/.distrobox/ros2-home/BTVN02/install/distance_warning/local/lib/python3.10/dist-packages/distance_warning-0.0.0-py3.10.egg-info
[12.907s] -- Installing: /home/loc/.distrobox/ros2-home/BTVN02/install/distance_warning/local/lib/python3.10/dist-packages/distance_warning-0.0.0-py3.10.egg-info/PKG-INFO
[12.907s] -- Installing: /home/loc/.distrobox/ros2-home/BTVN02/install/distance_warning/local/lib/python3.10/dist-packages/distance_warning-0.0.0-py3.10.egg-info/dependency_links.txt
[12.907s] -- Installing: /home/loc/.distrobox/ros2-home/BTVN02/install/distance_warning/local/lib/python3.10/dist-packages/distance_warning-0.0.0-py3.10.egg-info/top_level.txt
[12.907s] -- Installing: /home/loc/.distrobox/ros2-home/BTVN02/install/distance_warning/local/lib/python3.10/dist-packages/distance_warning-0.0.0-py3.10.egg-info/SOURCES.txt
[12.907s] -- Installing: /home/loc/.distrobox/ros2-home/BTVN02/install/distance_warning/local/lib/python3.10/dist-packages/distance_warning
[12.907s] -- Installing: /home/loc/.distrobox/ros2-home/BTVN02/install/distance_warning/local/lib/python3.10/dist-packages/distance_warning/__init__.py
[12.907s] -- Installing: /home/loc/.distrobox/ros2-home/BTVN02/install/distance_warning/local/lib/python3.10/dist-packages/distance_warning/srv
[12.907s] -- Installing: /home/loc/.distrobox/ros2-home/BTVN02/install/distance_warning/local/lib/python3.10/dist-packages/distance_warning/srv/_set_threshold.py
[12.908s] -- Installing: /home/loc/.distrobox/ros2-home/BTVN02/install/distance_warning/local/lib/python3.10/dist-packages/distance_warning/srv/_set_threshold_s.c
[12.908s] -- Installing: /home/loc/.distrobox/ros2-home/BTVN02/install/distance_warning/local/lib/python3.10/dist-packages/distance_warning/srv/__init__.py
[12.908s] -- Installing: /home/loc/.distrobox/ros2-home/BTVN02/install/distance_warning/local/lib/python3.10/dist-packages/distance_warning/action
[12.908s] -- Installing: /home/loc/.distrobox/ros2-home/BTVN02/install/distance_warning/local/lib/python3.10/dist-packages/distance_warning/action/_check_distance.py
[12.909s] -- Installing: /home/loc/.distrobox/ros2-home/BTVN02/install/distance_warning/local/lib/python3.10/dist-packages/distance_warning/action/_check_distance_s.c
[12.909s] -- Installing: /home/loc/.distrobox/ros2-home/BTVN02/install/distance_warning/local/lib/python3.10/dist-packages/distance_warning/action/__init__.py
[12.909s] -- Installing: /home/loc/.distrobox/ros2-home/BTVN02/install/distance_warning/local/lib/python3.10/dist-packages/distance_warning/_distance_warning_s.ep.rosidl_typesupport_fastrtps_c.c
[12.910s] -- Installing: /home/loc/.distrobox/ros2-home/BTVN02/install/distance_warning/local/lib/python3.10/dist-packages/distance_warning/_distance_warning_s.ep.rosidl_typesupport_introspection_c.c
[12.910s] -- Installing: /home/loc/.distrobox/ros2-home/BTVN02/install/distance_warning/local/lib/python3.10/dist-packages/distance_warning/_distance_warning_s.ep.rosidl_typesupport_c.c
[12.910s] -- Installing: /home/loc/.distrobox/ros2-home/BTVN02/install/distance_warning/local/lib/python3.10/dist-packages/distance_warning/libdistance_warning__rosidl_generator_py.so
[12.911s] -- Installing: /home/loc/.distrobox/ros2-home/BTVN02/install/distance_warning/local/lib/python3.10/dist-packages/distance_warning/distance_warning_s__rosidl_typesupport_c.cpython-310-x86_64-linux-gnu.so
[12.911s] -- Installing: /home/loc/.distrobox/ros2-home/BTVN02/install/distance_warning/local/lib/python3.10/dist-packages/distance_warning/distance_warning_s__rosidl_typesupport_fastrtps_c.cpython-310-x86_64-linux-gnu.so
[12.912s] -- Installing: /home/loc/.distrobox/ros2-home/BTVN02/install/distance_warning/local/lib/python3.10/dist-packages/distance_warning/distance_warning_s__rosidl_typesupport_introspection_c.cpython-310-x86_64-linux-gnu.so
[12.966s] Listing '/home/loc/.distrobox/ros2-home/BTVN02/install/distance_warning/local/lib/python3.10/dist-packages/distance_warning'...
[12.966s] Compiling '/home/loc/.distrobox/ros2-home/BTVN02/install/distance_warning/local/lib/python3.10/dist-packages/distance_warning/__init__.py'...
[12.966s] Listing '/home/loc/.distrobox/ros2-home/BTVN02/install/distance_warning/local/lib/python3.10/dist-packages/distance_warning/action'...
[12.966s] Compiling '/home/loc/.distrobox/ros2-home/BTVN02/install/distance_warning/local/lib/python3.10/dist-packages/distance_warning/action/__init__.py'...
[12.967s] Compiling '/home/loc/.distrobox/ros2-home/BTVN02/install/distance_warning/local/lib/python3.10/dist-packages/distance_warning/action/_check_distance.py'...
[12.967s] Listing '/home/loc/.distrobox/ros2-home/BTVN02/install/distance_warning/local/lib/python3.10/dist-packages/distance_warning/srv'...
[12.967s] Compiling '/home/loc/.distrobox/ros2-home/BTVN02/install/distance_warning/local/lib/python3.10/dist-packages/distance_warning/srv/__init__.py'...
[12.967s] Compiling '/home/loc/.distrobox/ros2-home/BTVN02/install/distance_warning/local/lib/python3.10/dist-packages/distance_warning/srv/_set_threshold.py'...
[12.973s] -- Installing: /home/loc/.distrobox/ros2-home/BTVN02/install/distance_warning/local/lib/python3.10/dist-packages/distance_warning/distance_warning_s__rosidl_typesupport_fastrtps_c.cpython-310-x86_64-linux-gnu.so
[12.974s] -- Set runtime path of "/home/loc/.distrobox/ros2-home/BTVN02/install/distance_warning/local/lib/python3.10/dist-packages/distance_warning/distance_warning_s__rosidl_typesupport_fastrtps_c.cpython-310-x86_64-linux-gnu.so" to ""
[12.974s] -- Installing: /home/loc/.distrobox/ros2-home/BTVN02/install/distance_warning/local/lib/python3.10/dist-packages/distance_warning/distance_warning_s__rosidl_typesupport_introspection_c.cpython-310-x86_64-linux-gnu.so
[12.975s] -- Set runtime path of "/home/loc/.distrobox/ros2-home/BTVN02/install/distance_warning/local/lib/python3.10/dist-packages/distance_warning/distance_warning_s__rosidl_typesupport_introspection_c.cpython-310-x86_64-linux-gnu.so" to ""
[12.975s] -- Installing: /home/loc/.distrobox/ros2-home/BTVN02/install/distance_warning/local/lib/python3.10/dist-packages/distance_warning/distance_warning_s__rosidl_typesupport_c.cpython-310-x86_64-linux-gnu.so
[12.976s] -- Set runtime path of "/home/loc/.distrobox/ros2-home/BTVN02/install/distance_warning/local/lib/python3.10/dist-packages/distance_warning/distance_warning_s__rosidl_typesupport_c.cpython-310-x86_64-linux-gnu.so" to ""
[12.976s] -- Installing: /home/loc/.distrobox/ros2-home/BTVN02/install/distance_warning/lib/libdistance_warning__rosidl_generator_py.so
[12.977s] -- Set runtime path of "/home/loc/.distrobox/ros2-home/BTVN02/install/distance_warning/lib/libdistance_warning__rosidl_generator_py.so" to ""
[12.977s] -- Installing: /home/loc/.distrobox/ros2-home/BTVN02/install/distance_warning/share/ament_index/resource_index/rust_packages/distance_warning
[12.977s] -- Installing: /home/loc/.distrobox/ros2-home/BTVN02/install/distance_warning/share/distance_warning/rust
[12.977s] -- Installing: /home/loc/.distrobox/ros2-home/BTVN02/install/distance_warning/share/distance_warning/rust/src
[12.977s] -- Installing: /home/loc/.distrobox/ros2-home/BTVN02/install/distance_warning/share/distance_warning/rust/src/srv.rs
[12.977s] -- Installing: /home/loc/.distrobox/ros2-home/BTVN02/install/distance_warning/share/distance_warning/rust/src/srv
[12.978s] -- Installing: /home/loc/.distrobox/ros2-home/BTVN02/install/distance_warning/share/distance_warning/rust/src/srv/rmw.rs
[12.978s] -- Installing: /home/loc/.distrobox/ros2-home/BTVN02/install/distance_warning/share/distance_warning/rust/src/action.rs
[12.978s] -- Installing: /home/loc/.distrobox/ros2-home/BTVN02/install/distance_warning/share/distance_warning/rust/src/action
[12.978s] -- Installing: /home/loc/.distrobox/ros2-home/BTVN02/install/distance_warning/share/distance_warning/rust/src/action/rmw.rs
[12.978s] -- Installing: /home/loc/.distrobox/ros2-home/BTVN02/install/distance_warning/share/distance_warning/rust/src/lib.rs
[12.979s] -- Installing: /home/loc/.distrobox/ros2-home/BTVN02/install/distance_warning/share/distance_warning/rust/Cargo.toml
[12.979s] -- Installing: /home/loc/.distrobox/ros2-home/BTVN02/install/distance_warning/share/distance_warning/rust/build.rs
[12.979s] -- Installing: /home/loc/.distrobox/ros2-home/BTVN02/install/distance_warning/share/distance_warning/srv/SetThreshold.idl
[12.979s] -- Installing: /home/loc/.distrobox/ros2-home/BTVN02/install/distance_warning/share/distance_warning/action/CheckDistance.idl
[12.979s] -- Installing: /home/loc/.distrobox/ros2-home/BTVN02/install/distance_warning/share/distance_warning/srv/SetThreshold.srv
[12.979s] -- Installing: /home/loc/.distrobox/ros2-home/BTVN02/install/distance_warning/share/distance_warning/srv/SetThreshold_Request.msg
[12.980s] -- Installing: /home/loc/.distrobox/ros2-home/BTVN02/install/distance_warning/share/distance_warning/srv/SetThreshold_Response.msg
[12.980s] -- Installing: /home/loc/.distrobox/ros2-home/BTVN02/install/distance_warning/share/distance_warning/action/CheckDistance.action
[12.980s] -- Installing: /home/loc/.distrobox/ros2-home/BTVN02/install/distance_warning/lib/distance_warning/distance_listener
[12.986s] -- Set runtime path of "/home/loc/.distrobox/ros2-home/BTVN02/install/distance_warning/lib/distance_warning/distance_listener" to ""
[12.987s] -- Installing: /home/loc/.distrobox/ros2-home/BTVN02/install/distance_warning/lib/distance_warning/distance_publisher
[12.991s] -- Set runtime path of "/home/loc/.distrobox/ros2-home/BTVN02/install/distance_warning/lib/distance_warning/distance_publisher" to ""
[12.992s] -- Installing: /home/loc/.distrobox/ros2-home/BTVN02/install/distance_warning/lib/distance_warning/set_threshold_service
[12.997s] -- Set runtime path of "/home/loc/.distrobox/ros2-home/BTVN02/install/distance_warning/lib/distance_warning/set_threshold_service" to ""
[12.997s] -- Installing: /home/loc/.distrobox/ros2-home/BTVN02/install/distance_warning/lib/distance_warning/distance_action_server
[13.002s] -- Set runtime path of "/home/loc/.distrobox/ros2-home/BTVN02/install/distance_warning/lib/distance_warning/distance_action_server" to ""
[13.002s] -- Installing: /home/loc/.distrobox/ros2-home/BTVN02/install/distance_warning/lib/distance_warning/distance_action_client
[13.007s] -- Set runtime path of "/home/loc/.distrobox/ros2-home/BTVN02/install/distance_warning/lib/distance_warning/distance_action_client" to ""
[13.007s] -- Installing: /home/loc/.distrobox/ros2-home/BTVN02/install/distance_warning/lib/distance_warning/distance_tf_broadcaster
[13.013s] -- Set runtime path of "/home/loc/.distrobox/ros2-home/BTVN02/install/distance_warning/lib/distance_warning/distance_tf_broadcaster" to ""
[13.014s] -- Installing: /home/loc/.distrobox/ros2-home/BTVN02/install/distance_warning/share/distance_warning/launch
[13.014s] -- Installing: /home/loc/.distrobox/ros2-home/BTVN02/install/distance_warning/share/distance_warning/launch/distance_warning.launch.py
[13.014s] -- Installing: /home/loc/.distrobox/ros2-home/BTVN02/install/distance_warning/share/distance_warning/launch/ distance_warning_full.launch.py
[13.014s] -- Installing: /home/loc/.distrobox/ros2-home/BTVN02/install/distance_warning/share/ament_index/resource_index/package_run_dependencies/distance_warning
[13.014s] -- Installing: /home/loc/.distrobox/ros2-home/BTVN02/install/distance_warning/share/ament_index/resource_index/parent_prefix_path/distance_warning
[13.014s] -- Installing: /home/loc/.distrobox/ros2-home/BTVN02/install/distance_warning/share/distance_warning/environment/ament_prefix_path.sh
[13.014s] -- Installing: /home/loc/.distrobox/ros2-home/BTVN02/install/distance_warning/share/distance_warning/environment/ament_prefix_path.dsv
[13.014s] -- Installing: /home/loc/.distrobox/ros2-home/BTVN02/install/distance_warning/share/distance_warning/environment/path.sh
[13.015s] -- Installing: /home/loc/.distrobox/ros2-home/BTVN02/install/distance_warning/share/distance_warning/environment/path.dsv
[13.015s] -- Installing: /home/loc/.distrobox/ros2-home/BTVN02/install/distance_warning/share/distance_warning/local_setup.bash
[13.015s] -- Installing: /home/loc/.distrobox/ros2-home/BTVN02/install/distance_warning/share/distance_warning/local_setup.sh
[13.015s] -- Installing: /home/loc/.distrobox/ros2-home/BTVN02/install/distance_warning/share/distance_warning/local_setup.zsh
[13.015s] -- Installing: /home/loc/.distrobox/ros2-home/BTVN02/install/distance_warning/share/distance_warning/local_setup.dsv
[13.015s] -- Installing: /home/loc/.distrobox/ros2-home/BTVN02/install/distance_warning/share/distance_warning/package.dsv
[13.015s] -- Installing: /home/loc/.distrobox/ros2-home/BTVN02/install/distance_warning/share/ament_index/resource_index/packages/distance_warning
[13.016s] -- Installing: /home/loc/.distrobox/ros2-home/BTVN02/install/distance_warning/share/distance_warning/cmake/export_distance_warning__rosidl_generator_cExport.cmake
[13.016s] -- Installing: /home/loc/.distrobox/ros2-home/BTVN02/install/distance_warning/share/distance_warning/cmake/export_distance_warning__rosidl_generator_cExport-noconfig.cmake
[13.016s] -- Installing: /home/loc/.distrobox/ros2-home/BTVN02/install/distance_warning/share/distance_warning/cmake/export_distance_warning__rosidl_typesupport_fastrtps_cExport.cmake
[13.017s] -- Installing: /home/loc/.distrobox/ros2-home/BTVN02/install/distance_warning/share/distance_warning/cmake/export_distance_warning__rosidl_typesupport_fastrtps_cExport-noconfig.cmake
[13.017s] -- Installing: /home/loc/.distrobox/ros2-home/BTVN02/install/distance_warning/share/distance_warning/cmake/export_distance_warning__rosidl_generator_cppExport.cmake
[13.017s] -- Installing: /home/loc/.distrobox/ros2-home/BTVN02/install/distance_warning/share/distance_warning/cmake/export_distance_warning__rosidl_typesupport_fastrtps_cppExport.cmake
[13.017s] -- Installing: /home/loc/.distrobox/ros2-home/BTVN02/install/distance_warning/share/distance_warning/cmake/export_distance_warning__rosidl_typesupport_fastrtps_cppExport-noconfig.cmake
[13.018s] -- Installing: /home/loc/.distrobox/ros2-home/BTVN02/install/distance_warning/share/distance_warning/cmake/distance_warning__rosidl_typesupport_introspection_cExport.cmake
[13.018s] -- Installing: /home/loc/.distrobox/ros2-home/BTVN02/install/distance_warning/share/distance_warning/cmake/distance_warning__rosidl_typesupport_introspection_cExport-noconfig.cmake
[13.018s] -- Installing: /home/loc/.distrobox/ros2-home/BTVN02/install/distance_warning/share/distance_warning/cmake/distance_warning__rosidl_typesupport_cExport.cmake
[13.019s] -- Installing: /home/loc/.distrobox/ros2-home/BTVN02/install/distance_warning/share/distance_warning/cmake/distance_warning__rosidl_typesupport_cExport-noconfig.cmake
[13.019s] -- Installing: /home/loc/.distrobox/ros2-home/BTVN02/install/distance_warning/share/distance_warning/cmake/distance_warning__rosidl_typesupport_introspection_cppExport.cmake
[13.019s] -- Installing: /home/loc/.distrobox/ros2-home/BTVN02/install/distance_warning/share/distance_warning/cmake/distance_warning__rosidl_typesupport_introspection_cppExport-noconfig.cmake
[13.019s] -- Installing: /home/loc/.distrobox/ros2-home/BTVN02/install/distance_warning/share/distance_warning/cmake/distance_warning__rosidl_typesupport_cppExport.cmake
[13.019s] -- Installing: /home/loc/.distrobox/ros2-home/BTVN02/install/distance_warning/share/distance_warning/cmake/distance_warning__rosidl_typesupport_cppExport-noconfig.cmake
[13.020s] -- Installing: /home/loc/.distrobox/ros2-home/BTVN02/install/distance_warning/share/distance_warning/cmake/export_distance_warning__rosidl_generator_pyExport.cmake
[13.020s] -- Installing: /home/loc/.distrobox/ros2-home/BTVN02/install/distance_warning/share/distance_warning/cmake/export_distance_warning__rosidl_generator_pyExport-noconfig.cmake
[13.020s] -- Installing: /home/loc/.distrobox/ros2-home/BTVN02/install/distance_warning/share/distance_warning/cmake/rosidl_cmake-extras.cmake
[13.020s] -- Installing: /home/loc/.distrobox/ros2-home/BTVN02/install/distance_warning/share/distance_warning/cmake/ament_cmake_export_dependencies-extras.cmake
[13.020s] -- Installing: /home/loc/.distrobox/ros2-home/BTVN02/install/distance_warning/share/distance_warning/cmake/ament_cmake_export_include_directories-extras.cmake
[13.020s] -- Installing: /home/loc/.distrobox/ros2-home/BTVN02/install/distance_warning/share/distance_warning/cmake/ament_cmake_export_libraries-extras.cmake
[13.020s] -- Installing: /home/loc/.distrobox/ros2-home/BTVN02/install/distance_warning/share/distance_warning/cmake/ament_cmake_export_targets-extras.cmake
[13.021s] -- Installing: /home/loc/.distrobox/ros2-home/BTVN02/install/distance_warning/share/distance_warning/cmake/rosidl_cmake_export_typesupport_targets-extras.cmake
[13.021s] -- Installing: /home/loc/.distrobox/ros2-home/BTVN02/install/distance_warning/share/distance_warning/cmake/rosidl_cmake_export_typesupport_libraries-extras.cmake
[13.021s] -- Installing: /home/loc/.distrobox/ros2-home/BTVN02/install/distance_warning/share/distance_warning/cmake/distance_warningConfig.cmake
[13.021s] -- Installing: /home/loc/.distrobox/ros2-home/BTVN02/install/distance_warning/share/distance_warning/cmake/distance_warningConfig-version.cmake
[13.021s] -- Installing: /home/loc/.distrobox/ros2-home/BTVN02/install/distance_warning/share/distance_warning/package.xml
[13.025s] Invoked command in '/home/loc/.distrobox/ros2-home/BTVN02/build/distance_warning' returned '0': CMAKE_PREFIX_PATH=${CMAKE_PREFIX_PATH}:/opt/ros/humble PS1=\[\e]0;\u@\h: \w\a\]${debian_chroot:+($debian_chroot)}\[\033[01;32m\]\u@\h\[\033[00m\]:\[\033[01;34m\]\w\[\033[00m\]\$ /usr/bin/cmake --install /home/loc/.distrobox/ros2-home/BTVN02/build/distance_warning
