[0mCMake Deprecation Warning at /opt/ros/humble/share/rosidl_cmake/cmake/rosidl_target_interfaces.cmake:32 (message):
  Use rosidl_get_typesupport_target() and target_link_libraries() instead of
  rosidl_target_interfaces()
Call Stack (most recent call first):
  CMakeLists.txt:34 (rosidl_target_interfaces)

[0m
[0mCMake Deprecation Warning at /opt/ros/humble/share/rosidl_cmake/cmake/rosidl_target_interfaces.cmake:32 (message):
  Use rosidl_get_typesupport_target() and target_link_libraries() instead of
  rosidl_target_interfaces()
Call Stack (most recent call first):
  CMakeLists.txt:38 (rosidl_target_interfaces)

[0m
[0mCMake Deprecation Warning at /opt/ros/humble/share/rosidl_cmake/cmake/rosidl_target_interfaces.cmake:32 (message):
  Use rosidl_get_typesupport_target() and target_link_libraries() instead of
  rosidl_target_interfaces()
Call Stack (most recent call first):
  CMakeLists.txt:42 (rosidl_target_interfaces)

[0m
[01m[K/home/loc/.distrobox/ros2-home/BTVN02/src/distance_warning/src/distance_tf_listener.cpp:5:10:[m[K [01;31m[Kfatal error: [m[Kdistance_warning/srv/set_threshold.hpp: No such file or directory
    5 | #include [01;31m[K"distance_warning/srv/set_threshold.hpp"[m[K
      |          [01;31m[K^~~~~~~~~~~~~~~~~~~~~~~~~~~~~~~~~~~~~~~~[m[K
compilation terminated.
gmake[2]: *** [CMakeFiles/distance_tf_listener.dir/build.make:76: CMakeFiles/distance_tf_listener.dir/src/distance_tf_listener.cpp.o] Error 1
gmake[1]: *** [CMakeFiles/Makefile2:785: CMakeFiles/distance_tf_listener.dir/all] Error 2
gmake: *** [Makefile:146: all] Error 2
