-- Found ament_cmake: 1.3.14 (/opt/ros/humble/share/ament_cmake/cmake)
-- Override CMake install command with custom implementation using symlinks instead of copying resources
-- Found rclcpp: 16.0.19 (/opt/ros/humble/share/rclcpp/cmake)
-- Found rosidl_generator_c: 3.1.8 (/opt/ros/humble/share/rosidl_generator_c/cmake)
-- Found rosidl_adapter: 3.1.8 (/opt/ros/humble/share/rosidl_adapter/cmake)
-- Found rosidl_generator_cpp: 3.1.8 (/opt/ros/humble/share/rosidl_generator_cpp/cmake)
-- Using all available rosidl_typesupport_c: rosidl_typesupport_fastrtps_c;rosidl_typesupport_introspection_c
-- Using all available rosidl_typesupport_cpp: rosidl_typesupport_fastrtps_cpp;rosidl_typesupport_introspection_cpp
-- Found rmw_implementation_cmake: 6.1.2 (/opt/ros/humble/share/rmw_implementation_cmake/cmake)
-- Found rmw_fastrtps_cpp: 6.2.10 (/opt/ros/humble/share/rmw_fastrtps_cpp/cmake)
-- Using RMW implementation 'rmw_fastrtps_cpp' as default
-- Found rclcpp_action: 16.0.19 (/opt/ros/humble/share/rclcpp_action/cmake)
-- Found rosidl_default_generators: 1.2.1 (/opt/ros/humble/share/rosidl_default_generators/cmake)
-- Found tf2: 0.25.20 (/opt/ros/humble/share/tf2/cmake)
-- Found tf2_ros: 0.25.20 (/opt/ros/humble/share/tf2_ros/cmake)
-- Found tf2_geometry_msgs: 0.25.20 (/opt/ros/humble/share/tf2_geometry_msgs/cmake)
-- Found eigen3_cmake_module: 0.1.1 (/opt/ros/humble/share/eigen3_cmake_module/cmake)
-- Ensuring Eigen3 include directory is part of orocos-kdl CMake target
-- Found ament_cmake_ros: 0.10.0 (/opt/ros/humble/share/ament_cmake_ros/cmake)
-- Using all available rosidl_typesupport_c: rosidl_typesupport_fastrtps_c;rosidl_typesupport_introspection_c
-- Using all available rosidl_typesupport_cpp: rosidl_typesupport_fastrtps_cpp;rosidl_typesupport_introspection_cpp
-- Found python_cmake_module: 0.10.0 (/opt/ros/humble/share/python_cmake_module/cmake)
-- Using PYTHON_EXECUTABLE: /usr/bin/python3
-- Using PYTHON_INCLUDE_DIRS: /usr/include/python3.10
-- Using PYTHON_LIBRARIES: /usr/lib/x86_64-linux-gnu/libpython3.10.so
-- Configuring done
-- Generating done
-- Build files have been written to: /home/loc/.distrobox/ros2-home/BTVN02/build/distance_warning
[35m[1mConsolidate compiler generated dependencies of target distance_warning__rosidl_generator_c[0m
[35m[1mConsolidate compiler generated dependencies of target distance_listener[0m
[35m[1mConsolidate compiler generated dependencies of target distance_publisher[0m
[35m[1mConsolidate compiler generated dependencies of target distance_tf_broadcaster[0m
[  1%] Built target distance_warning__rs
[  9%] Built target distance_warning__rosidl_generator_c
[ 11%] Built target distance_warning__cpp
[ 12%] [32mBuilding CXX object CMakeFiles/distance_tf_listener.dir/src/distance_tf_listener.cpp.o[0m
[ 12%] Built target ament_cmake_python_symlink_distance_warning
[35m[1mConsolidate compiler generated dependencies of target distance_warning__rosidl_typesupport_cpp[0m
[35m[1mConsolidate compiler generated dependencies of target distance_warning__rosidl_typesupport_introspection_cpp[0m
[35m[1mConsolidate compiler generated dependencies of target distance_warning__rosidl_typesupport_introspection_c[0m
[35m[1mConsolidate compiler generated dependencies of target distance_warning__rosidl_typesupport_fastrtps_c[0m
[35m[1mConsolidate compiler generated dependencies of target distance_warning__rosidl_typesupport_c[0m
[35m[1mConsolidate compiler generated dependencies of target distance_warning__rosidl_typesupport_fastrtps_cpp[0m
[ 16%] Built target distance_listener
[ 20%] Built target distance_publisher
[ 24%] Built target distance_tf_broadcaster
[ 31%] Built target distance_warning__rosidl_typesupport_c
[ 38%] Built target distance_warning__rosidl_typesupport_introspection_c
[ 46%] Built target distance_warning__rosidl_typesupport_cpp
[ 53%] Built target distance_warning__rosidl_typesupport_introspection_cpp
[ 61%] Built target distance_warning__rosidl_typesupport_fastrtps_c
[ 68%] Built target distance_warning__rosidl_typesupport_fastrtps_cpp
[ 68%] Built target distance_warning
[35m[1mConsolidate compiler generated dependencies of target distance_action_client[0m
[35m[1mConsolidate compiler generated dependencies of target set_threshold_service[0m
[35m[1mConsolidate compiler generated dependencies of target distance_action_server[0m
[ 70%] Built target distance_warning__py
[35m[1mConsolidate compiler generated dependencies of target distance_warning__rosidl_generator_py[0m
[ 74%] Built target distance_action_client
[ 81%] Built target distance_action_server
[ 81%] Built target set_threshold_service
[ 87%] Built target distance_warning__rosidl_generator_py
[35m[1mConsolidate compiler generated dependencies of target distance_warning__rosidl_typesupport_fastrtps_c__pyext[0m
[35m[1mConsolidate compiler generated dependencies of target distance_warning__rosidl_typesupport_c__pyext[0m
[35m[1mConsolidate compiler generated dependencies of target distance_warning__rosidl_typesupport_introspection_c__pyext[0m
[ 90%] Built target distance_warning__rosidl_typesupport_c__pyext
[ 94%] Built target distance_warning__rosidl_typesupport_fastrtps_c__pyext
[ 98%] Built target distance_warning__rosidl_typesupport_introspection_c__pyext
running egg_info
writing distance_warning.egg-info/PKG-INFO
writing dependency_links to distance_warning.egg-info/dependency_links.txt
writing top-level names to distance_warning.egg-info/top_level.txt
reading manifest file 'distance_warning.egg-info/SOURCES.txt'
writing manifest file 'distance_warning.egg-info/SOURCES.txt'
[ 98%] Built target ament_cmake_python_build_distance_warning_egg
