[0.014s] Invoking command in '/home/loc/.distrobox/ros2-home/BTVN02/build/distance_warning': CMAKE_PREFIX_PATH=${CMAKE_PREFIX_PATH}:/opt/ros/humble PS1=\[\e]0;\u@\h: \w\a\]${debian_chroot:+($debian_chroot)}\[\033[01;32m\]\u@\h\[\033[00m\]:\[\033[01;34m\]\w\[\033[00m\]\$ /usr/bin/cmake --build /home/loc/.distrobox/ros2-home/BTVN02/build/distance_warning -- -j32 -l32
[0.060s] -- Found ament_cmake: 1.3.14 (/opt/ros/humble/share/ament_cmake/cmake)
[0.209s] -- Override CMake install command with custom implementation using symlinks instead of copying resources
[0.229s] -- Found rclcpp: 16.0.19 (/opt/ros/humble/share/rclcpp/cmake)
[0.267s] -- Found rosidl_generator_c: 3.1.8 (/opt/ros/humble/share/rosidl_generator_c/cmake)
[0.270s] -- Found rosidl_adapter: 3.1.8 (/opt/ros/humble/share/rosidl_adapter/cmake)
[0.277s] -- Found rosidl_generator_cpp: 3.1.8 (/opt/ros/humble/share/rosidl_generator_cpp/cmake)
[0.288s] -- Using all available rosidl_typesupport_c: rosidl_typesupport_fastrtps_c;rosidl_typesupport_introspection_c
[0.302s] -- Using all available rosidl_typesupport_cpp: rosidl_typesupport_fastrtps_cpp;rosidl_typesupport_introspection_cpp
[0.340s] -- Found rmw_implementation_cmake: 6.1.2 (/opt/ros/humble/share/rmw_implementation_cmake/cmake)
[0.342s] -- Found rmw_fastrtps_cpp: 6.2.10 (/opt/ros/humble/share/rmw_fastrtps_cpp/cmake)
[0.496s] -- Using RMW implementation 'rmw_fastrtps_cpp' as default
[0.560s] -- Found rclcpp_action: 16.0.19 (/opt/ros/humble/share/rclcpp_action/cmake)
[0.600s] -- Found rosidl_default_generators: 1.2.1 (/opt/ros/humble/share/rosidl_default_generators/cmake)
[0.613s] -- Found tf2: 0.25.20 (/opt/ros/humble/share/tf2/cmake)
[0.638s] -- Found tf2_ros: 0.25.20 (/opt/ros/humble/share/tf2_ros/cmake)
[0.696s] -- Found tf2_geometry_msgs: 0.25.20 (/opt/ros/humble/share/tf2_geometry_msgs/cmake)
[0.700s] -- Found eigen3_cmake_module: 0.1.1 (/opt/ros/humble/share/eigen3_cmake_module/cmake)
[0.702s] -- Ensuring Eigen3 include directory is part of orocos-kdl CMake target
[1.050s] -- Found ament_cmake_ros: 0.10.0 (/opt/ros/humble/share/ament_cmake_ros/cmake)
[1.462s] -- Using all available rosidl_typesupport_c: rosidl_typesupport_fastrtps_c;rosidl_typesupport_introspection_c
[1.623s] -- Using all available rosidl_typesupport_cpp: rosidl_typesupport_fastrtps_cpp;rosidl_typesupport_introspection_cpp
[1.663s] -- Found python_cmake_module: 0.10.0 (/opt/ros/humble/share/python_cmake_module/cmake)
[1.694s] -- Using PYTHON_EXECUTABLE: /usr/bin/python3
[1.694s] -- Using PYTHON_INCLUDE_DIRS: /usr/include/python3.10
[1.694s] -- Using PYTHON_LIBRARIES: /usr/lib/x86_64-linux-gnu/libpython3.10.so
[1.810s] [0mCMake Deprecation Warning at /opt/ros/humble/share/rosidl_cmake/cmake/rosidl_target_interfaces.cmake:32 (message):
[1.810s]   Use rosidl_get_typesupport_target() and target_link_libraries() instead of
[1.810s]   rosidl_target_interfaces()
[1.810s] Call Stack (most recent call first):
[1.810s]   CMakeLists.txt:34 (rosidl_target_interfaces)
[1.811s] 
[1.811s] [0m
[1.811s] [0mCMake Deprecation Warning at /opt/ros/humble/share/rosidl_cmake/cmake/rosidl_target_interfaces.cmake:32 (message):
[1.811s]   Use rosidl_get_typesupport_target() and target_link_libraries() instead of
[1.811s]   rosidl_target_interfaces()
[1.811s] Call Stack (most recent call first):
[1.811s]   CMakeLists.txt:38 (rosidl_target_interfaces)
[1.811s] 
[1.811s] [0m
[1.812s] [0mCMake Deprecation Warning at /opt/ros/humble/share/rosidl_cmake/cmake/rosidl_target_interfaces.cmake:32 (message):
[1.812s]   Use rosidl_get_typesupport_target() and target_link_libraries() instead of
[1.812s]   rosidl_target_interfaces()
[1.812s] Call Stack (most recent call first):
[1.812s]   CMakeLists.txt:42 (rosidl_target_interfaces)
[1.812s] 
[1.812s] [0m
[1.826s] -- Configuring done
[1.908s] -- Generating done
[1.942s] -- Build files have been written to: /home/loc/.distrobox/ros2-home/BTVN02/build/distance_warning
[1.987s] [35m[1mConsolidate compiler generated dependencies of target distance_warning__rosidl_generator_c[0m
[1.992s] [35m[1mConsolidate compiler generated dependencies of target distance_listener[0m
[1.993s] [35m[1mConsolidate compiler generated dependencies of target distance_publisher[0m
[1.994s] [35m[1mConsolidate compiler generated dependencies of target distance_tf_broadcaster[0m
[2.005s] [  1%] Built target distance_warning__rs
[2.007s] [  9%] Built target distance_warning__rosidl_generator_c
[2.008s] [ 11%] Built target distance_warning__cpp
[2.010s] [ 12%] [32mBuilding CXX object CMakeFiles/distance_tf_listener.dir/src/distance_tf_listener.cpp.o[0m
[2.020s] [ 12%] Built target ament_cmake_python_symlink_distance_warning
[2.025s] [35m[1mConsolidate compiler generated dependencies of target distance_warning__rosidl_typesupport_cpp[0m
[2.026s] [35m[1mConsolidate compiler generated dependencies of target distance_warning__rosidl_typesupport_introspection_cpp[0m
[2.026s] [35m[1mConsolidate compiler generated dependencies of target distance_warning__rosidl_typesupport_introspection_c[0m
[2.026s] [35m[1mConsolidate compiler generated dependencies of target distance_warning__rosidl_typesupport_fastrtps_c[0m
[2.028s] [35m[1mConsolidate compiler generated dependencies of target distance_warning__rosidl_typesupport_c[0m
[2.028s] [35m[1mConsolidate compiler generated dependencies of target distance_warning__rosidl_typesupport_fastrtps_cpp[0m
[2.037s] [ 16%] Built target distance_listener
[2.038s] [ 20%] Built target distance_publisher
[2.038s] [ 24%] Built target distance_tf_broadcaster
[2.049s] [ 31%] Built target distance_warning__rosidl_typesupport_c
[2.049s] [ 38%] Built target distance_warning__rosidl_typesupport_introspection_c
[2.052s] [ 46%] Built target distance_warning__rosidl_typesupport_cpp
[2.054s] [ 53%] Built target distance_warning__rosidl_typesupport_introspection_cpp
[2.060s] [ 61%] Built target distance_warning__rosidl_typesupport_fastrtps_c
[2.062s] [ 68%] Built target distance_warning__rosidl_typesupport_fastrtps_cpp
[2.095s] [ 68%] Built target distance_warning
[2.114s] [35m[1mConsolidate compiler generated dependencies of target distance_action_client[0m
[2.115s] [35m[1mConsolidate compiler generated dependencies of target set_threshold_service[0m
[2.115s] [35m[1mConsolidate compiler generated dependencies of target distance_action_server[0m
[2.130s] [ 70%] Built target distance_warning__py
[2.150s] [35m[1mConsolidate compiler generated dependencies of target distance_warning__rosidl_generator_py[0m
[2.152s] [ 74%] Built target distance_action_client
[2.157s] [ 81%] Built target distance_action_server
[2.157s] [ 81%] Built target set_threshold_service
[2.176s] [ 87%] Built target distance_warning__rosidl_generator_py
[2.194s] [35m[1mConsolidate compiler generated dependencies of target distance_warning__rosidl_typesupport_fastrtps_c__pyext[0m
[2.195s] [35m[1mConsolidate compiler generated dependencies of target distance_warning__rosidl_typesupport_c__pyext[0m
[2.195s] [35m[1mConsolidate compiler generated dependencies of target distance_warning__rosidl_typesupport_introspection_c__pyext[0m
[2.220s] [ 90%] Built target distance_warning__rosidl_typesupport_c__pyext
[2.221s] [ 94%] Built target distance_warning__rosidl_typesupport_fastrtps_c__pyext
[2.221s] [ 98%] Built target distance_warning__rosidl_typesupport_introspection_c__pyext
[2.297s] running egg_info
[2.297s] writing distance_warning.egg-info/PKG-INFO
[2.298s] writing dependency_links to distance_warning.egg-info/dependency_links.txt
[2.298s] writing top-level names to distance_warning.egg-info/top_level.txt
[2.300s] reading manifest file 'distance_warning.egg-info/SOURCES.txt'
[2.300s] writing manifest file 'distance_warning.egg-info/SOURCES.txt'
[2.334s] [ 98%] Built target ament_cmake_python_build_distance_warning_egg
[2.398s] [01m[K/home/loc/.distrobox/ros2-home/BTVN02/src/distance_warning/src/distance_tf_listener.cpp:5:10:[m[K [01;31m[Kfatal error: [m[Kdistance_warning/srv/set_threshold.hpp: No such file or directory
[2.398s]     5 | #include [01;31m[K"distance_warning/srv/set_threshold.hpp"[m[K
[2.398s]       |          [01;31m[K^~~~~~~~~~~~~~~~~~~~~~~~~~~~~~~~~~~~~~~~[m[K
[2.398s] compilation terminated.
[2.401s] gmake[2]: *** [CMakeFiles/distance_tf_listener.dir/build.make:76: CMakeFiles/distance_tf_listener.dir/src/distance_tf_listener.cpp.o] Error 1
[2.401s] gmake[1]: *** [CMakeFiles/Makefile2:785: CMakeFiles/distance_tf_listener.dir/all] Error 2
[2.402s] gmake: *** [Makefile:146: all] Error 2
[2.406s] Invoked command in '/home/loc/.distrobox/ros2-home/BTVN02/build/distance_warning' returned '2': CMAKE_PREFIX_PATH=${CMAKE_PREFIX_PATH}:/opt/ros/humble PS1=\[\e]0;\u@\h: \w\a\]${debian_chroot:+($debian_chroot)}\[\033[01;32m\]\u@\h\[\033[00m\]:\[\033[01;34m\]\w\[\033[00m\]\$ /usr/bin/cmake --build /home/loc/.distrobox/ros2-home/BTVN02/build/distance_warning -- -j32 -l32
