[0.014s] Invoking command in '/home/loc/.distrobox/ros2-home/ros2_ws/build/distance_warning': CMAKE_PREFIX_PATH=/opt/ros/humble DEBUGINFOD_URLS=ima:enforcing https://debuginfod.fedoraproject.org/ ima:ignore PS1=\[\e]0;\u@\h: \w\a\]${debian_chroot:+($debian_chroot)}\[\033[01;32m\]\u@\h\[\033[00m\]:\[\033[01;34m\]\w\[\033[00m\]\$ /usr/bin/cmake --build /home/loc/.distrobox/ros2-home/ros2_ws/build/distance_warning -- -j32 -l32
[0.124s] [  2%] Built target distance_warning__cpp
[0.124s] [  4%] Built target distance_warning__rs
[0.132s] [ 12%] Built target distance_warning__rosidl_generator_c
[0.139s] [ 12%] Built target ament_cmake_python_copy_distance_warning
[0.158s] [ 20%] Built target distance_listener
[0.158s] [ 20%] Built target distance_publisher
[0.168s] [ 28%] Built target distance_warning__rosidl_typesupport_introspection_cpp
[0.168s] [ 36%] Built target distance_warning__rosidl_typesupport_cpp
[0.169s] [ 44%] Built target distance_warning__rosidl_typesupport_fastrtps_cpp
[0.172s] [ 52%] Built target distance_warning__rosidl_typesupport_introspection_c
[0.173s] [ 60%] Built target distance_warning__rosidl_typesupport_c
[0.174s] [ 68%] Built target distance_warning__rosidl_typesupport_fastrtps_c
[0.207s] [ 68%] Built target distance_warning
[0.242s] [ 70%] Built target distance_warning__py
[0.253s] [ 74%] Built target set_threshold_service
[0.259s] [ 78%] Built target distance_action_server
[0.260s] [ 82%] Built target distance_action_client
[0.284s] [ 88%] Built target distance_warning__rosidl_generator_py
[0.322s] [ 92%] Built target distance_warning__rosidl_typesupport_introspection_c__pyext
[0.326s] [100%] Built target distance_warning__rosidl_typesupport_c__pyext
[0.326s] [100%] Built target distance_warning__rosidl_typesupport_fastrtps_c__pyext
[0.438s] running egg_info
[0.439s] writing distance_warning.egg-info/PKG-INFO
[0.439s] writing dependency_links to distance_warning.egg-info/dependency_links.txt
[0.439s] writing top-level names to distance_warning.egg-info/top_level.txt
[0.443s] reading manifest file 'distance_warning.egg-info/SOURCES.txt'
[0.444s] writing manifest file 'distance_warning.egg-info/SOURCES.txt'
[0.484s] [100%] Built target ament_cmake_python_build_distance_warning_egg
[0.503s] Invoked command in '/home/loc/.distrobox/ros2-home/ros2_ws/build/distance_warning' returned '0': CMAKE_PREFIX_PATH=/opt/ros/humble DEBUGINFOD_URLS=ima:enforcing https://debuginfod.fedoraproject.org/ ima:ignore PS1=\[\e]0;\u@\h: \w\a\]${debian_chroot:+($debian_chroot)}\[\033[01;32m\]\u@\h\[\033[00m\]:\[\033[01;34m\]\w\[\033[00m\]\$ /usr/bin/cmake --build /home/loc/.distrobox/ros2-home/ros2_ws/build/distance_warning -- -j32 -l32
[0.522s] Invoking command in '/home/loc/.distrobox/ros2-home/ros2_ws/build/distance_warning': CMAKE_PREFIX_PATH=/opt/ros/humble DEBUGINFOD_URLS=ima:enforcing https://debuginfod.fedoraproject.org/ ima:ignore PS1=\[\e]0;\u@\h: \w\a\]${debian_chroot:+($debian_chroot)}\[\033[01;32m\]\u@\h\[\033[00m\]:\[\033[01;34m\]\w\[\033[00m\]\$ /usr/bin/cmake --install /home/loc/.distrobox/ros2-home/ros2_ws/build/distance_warning
[0.532s] -- Install configuration: ""
[0.532s] -- Up-to-date: /home/loc/.distrobox/ros2-home/ros2_ws/install/distance_warning/share/ament_index/resource_index/rosidl_interfaces/distance_warning
[0.532s] -- Up-to-date: /home/loc/.distrobox/ros2-home/ros2_ws/install/distance_warning/include/distance_warning/distance_warning
[0.533s] -- Up-to-date: /home/loc/.distrobox/ros2-home/ros2_ws/install/distance_warning/include/distance_warning/distance_warning/msg
[0.533s] -- Up-to-date: /home/loc/.distrobox/ros2-home/ros2_ws/install/distance_warning/include/distance_warning/distance_warning/msg/rosidl_generator_c__visibility_control.h
[0.533s] -- Up-to-date: /home/loc/.distrobox/ros2-home/ros2_ws/install/distance_warning/include/distance_warning/distance_warning/srv
[0.533s] -- Up-to-date: /home/loc/.distrobox/ros2-home/ros2_ws/install/distance_warning/include/distance_warning/distance_warning/srv/set_threshold.h
[0.533s] -- Up-to-date: /home/loc/.distrobox/ros2-home/ros2_ws/install/distance_warning/include/distance_warning/distance_warning/srv/detail
[0.533s] -- Up-to-date: /home/loc/.distrobox/ros2-home/ros2_ws/install/distance_warning/include/distance_warning/distance_warning/srv/detail/set_threshold__functions.c
[0.534s] -- Up-to-date: /home/loc/.distrobox/ros2-home/ros2_ws/install/distance_warning/include/distance_warning/distance_warning/srv/detail/set_threshold__functions.h
[0.534s] -- Up-to-date: /home/loc/.distrobox/ros2-home/ros2_ws/install/distance_warning/include/distance_warning/distance_warning/srv/detail/set_threshold__struct.h
[0.534s] -- Up-to-date: /home/loc/.distrobox/ros2-home/ros2_ws/install/distance_warning/include/distance_warning/distance_warning/srv/detail/set_threshold__type_support.h
[0.534s] -- Up-to-date: /home/loc/.distrobox/ros2-home/ros2_ws/install/distance_warning/include/distance_warning/distance_warning/action
[0.534s] -- Up-to-date: /home/loc/.distrobox/ros2-home/ros2_ws/install/distance_warning/include/distance_warning/distance_warning/action/check_distance.h
[0.534s] -- Up-to-date: /home/loc/.distrobox/ros2-home/ros2_ws/install/distance_warning/include/distance_warning/distance_warning/action/detail
[0.535s] -- Up-to-date: /home/loc/.distrobox/ros2-home/ros2_ws/install/distance_warning/include/distance_warning/distance_warning/action/detail/check_distance__functions.c
[0.535s] -- Up-to-date: /home/loc/.distrobox/ros2-home/ros2_ws/install/distance_warning/include/distance_warning/distance_warning/action/detail/check_distance__functions.h
[0.535s] -- Up-to-date: /home/loc/.distrobox/ros2-home/ros2_ws/install/distance_warning/include/distance_warning/distance_warning/action/detail/check_distance__struct.h
[0.535s] -- Up-to-date: /home/loc/.distrobox/ros2-home/ros2_ws/install/distance_warning/include/distance_warning/distance_warning/action/detail/check_distance__type_support.h
[0.535s] -- Up-to-date: /home/loc/.distrobox/ros2-home/ros2_ws/install/distance_warning/share/distance_warning/environment/library_path.sh
[0.536s] -- Up-to-date: /home/loc/.distrobox/ros2-home/ros2_ws/install/distance_warning/share/distance_warning/environment/library_path.dsv
[0.536s] -- Up-to-date: /home/loc/.distrobox/ros2-home/ros2_ws/install/distance_warning/lib/libdistance_warning__rosidl_generator_c.so
[0.536s] -- Up-to-date: /home/loc/.distrobox/ros2-home/ros2_ws/install/distance_warning/include/distance_warning/distance_warning
[0.536s] -- Up-to-date: /home/loc/.distrobox/ros2-home/ros2_ws/install/distance_warning/include/distance_warning/distance_warning/msg
[0.536s] -- Up-to-date: /home/loc/.distrobox/ros2-home/ros2_ws/install/distance_warning/include/distance_warning/distance_warning/msg/rosidl_typesupport_fastrtps_c__visibility_control.h
[0.537s] -- Up-to-date: /home/loc/.distrobox/ros2-home/ros2_ws/install/distance_warning/include/distance_warning/distance_warning/srv
[0.537s] -- Up-to-date: /home/loc/.distrobox/ros2-home/ros2_ws/install/distance_warning/include/distance_warning/distance_warning/srv/detail
[0.537s] -- Up-to-date: /home/loc/.distrobox/ros2-home/ros2_ws/install/distance_warning/include/distance_warning/distance_warning/srv/detail/set_threshold__rosidl_typesupport_fastrtps_c.h
[0.537s] -- Up-to-date: /home/loc/.distrobox/ros2-home/ros2_ws/install/distance_warning/include/distance_warning/distance_warning/action
[0.537s] -- Up-to-date: /home/loc/.distrobox/ros2-home/ros2_ws/install/distance_warning/include/distance_warning/distance_warning/action/detail
[0.537s] -- Up-to-date: /home/loc/.distrobox/ros2-home/ros2_ws/install/distance_warning/include/distance_warning/distance_warning/action/detail/check_distance__rosidl_typesupport_fastrtps_c.h
[0.537s] -- Up-to-date: /home/loc/.distrobox/ros2-home/ros2_ws/install/distance_warning/lib/libdistance_warning__rosidl_typesupport_fastrtps_c.so
[0.538s] -- Up-to-date: /home/loc/.distrobox/ros2-home/ros2_ws/install/distance_warning/include/distance_warning/distance_warning
[0.538s] -- Up-to-date: /home/loc/.distrobox/ros2-home/ros2_ws/install/distance_warning/include/distance_warning/distance_warning/msg
[0.538s] -- Up-to-date: /home/loc/.distrobox/ros2-home/ros2_ws/install/distance_warning/include/distance_warning/distance_warning/msg/rosidl_generator_cpp__visibility_control.hpp
[0.538s] -- Up-to-date: /home/loc/.distrobox/ros2-home/ros2_ws/install/distance_warning/include/distance_warning/distance_warning/srv
[0.538s] -- Up-to-date: /home/loc/.distrobox/ros2-home/ros2_ws/install/distance_warning/include/distance_warning/distance_warning/srv/set_threshold.hpp
[0.538s] -- Up-to-date: /home/loc/.distrobox/ros2-home/ros2_ws/install/distance_warning/include/distance_warning/distance_warning/srv/detail
[0.538s] -- Up-to-date: /home/loc/.distrobox/ros2-home/ros2_ws/install/distance_warning/include/distance_warning/distance_warning/srv/detail/set_threshold__builder.hpp
[0.538s] -- Up-to-date: /home/loc/.distrobox/ros2-home/ros2_ws/install/distance_warning/include/distance_warning/distance_warning/srv/detail/set_threshold__struct.hpp
[0.538s] -- Up-to-date: /home/loc/.distrobox/ros2-home/ros2_ws/install/distance_warning/include/distance_warning/distance_warning/srv/detail/set_threshold__traits.hpp
[0.538s] -- Up-to-date: /home/loc/.distrobox/ros2-home/ros2_ws/install/distance_warning/include/distance_warning/distance_warning/srv/detail/set_threshold__type_support.hpp
[0.538s] -- Up-to-date: /home/loc/.distrobox/ros2-home/ros2_ws/install/distance_warning/include/distance_warning/distance_warning/action
[0.538s] -- Up-to-date: /home/loc/.distrobox/ros2-home/ros2_ws/install/distance_warning/include/distance_warning/distance_warning/action/check_distance.hpp
[0.538s] -- Up-to-date: /home/loc/.distrobox/ros2-home/ros2_ws/install/distance_warning/include/distance_warning/distance_warning/action/detail
[0.539s] -- Up-to-date: /home/loc/.distrobox/ros2-home/ros2_ws/install/distance_warning/include/distance_warning/distance_warning/action/detail/check_distance__builder.hpp
[0.539s] -- Up-to-date: /home/loc/.distrobox/ros2-home/ros2_ws/install/distance_warning/include/distance_warning/distance_warning/action/detail/check_distance__struct.hpp
[0.539s] -- Up-to-date: /home/loc/.distrobox/ros2-home/ros2_ws/install/distance_warning/include/distance_warning/distance_warning/action/detail/check_distance__traits.hpp
[0.539s] -- Up-to-date: /home/loc/.distrobox/ros2-home/ros2_ws/install/distance_warning/include/distance_warning/distance_warning/action/detail/check_distance__type_support.hpp
[0.539s] -- Up-to-date: /home/loc/.distrobox/ros2-home/ros2_ws/install/distance_warning/include/distance_warning/distance_warning
[0.539s] -- Up-to-date: /home/loc/.distrobox/ros2-home/ros2_ws/install/distance_warning/include/distance_warning/distance_warning/msg
[0.539s] -- Up-to-date: /home/loc/.distrobox/ros2-home/ros2_ws/install/distance_warning/include/distance_warning/distance_warning/msg/rosidl_typesupport_fastrtps_cpp__visibility_control.h
[0.539s] -- Up-to-date: /home/loc/.distrobox/ros2-home/ros2_ws/install/distance_warning/include/distance_warning/distance_warning/srv
[0.539s] -- Up-to-date: /home/loc/.distrobox/ros2-home/ros2_ws/install/distance_warning/include/distance_warning/distance_warning/srv/detail
[0.539s] -- Up-to-date: /home/loc/.distrobox/ros2-home/ros2_ws/install/distance_warning/include/distance_warning/distance_warning/srv/detail/set_threshold__rosidl_typesupport_fastrtps_cpp.hpp
[0.539s] -- Up-to-date: /home/loc/.distrobox/ros2-home/ros2_ws/install/distance_warning/include/distance_warning/distance_warning/srv/detail/dds_fastrtps
[0.539s] -- Up-to-date: /home/loc/.distrobox/ros2-home/ros2_ws/install/distance_warning/include/distance_warning/distance_warning/action
[0.539s] -- Up-to-date: /home/loc/.distrobox/ros2-home/ros2_ws/install/distance_warning/include/distance_warning/distance_warning/action/detail
[0.540s] -- Up-to-date: /home/loc/.distrobox/ros2-home/ros2_ws/install/distance_warning/include/distance_warning/distance_warning/action/detail/check_distance__rosidl_typesupport_fastrtps_cpp.hpp
[0.540s] -- Up-to-date: /home/loc/.distrobox/ros2-home/ros2_ws/install/distance_warning/include/distance_warning/distance_warning/action/detail/dds_fastrtps
[0.540s] -- Up-to-date: /home/loc/.distrobox/ros2-home/ros2_ws/install/distance_warning/lib/libdistance_warning__rosidl_typesupport_fastrtps_cpp.so
[0.540s] -- Up-to-date: /home/loc/.distrobox/ros2-home/ros2_ws/install/distance_warning/include/distance_warning/distance_warning
[0.540s] -- Up-to-date: /home/loc/.distrobox/ros2-home/ros2_ws/install/distance_warning/include/distance_warning/distance_warning/msg
[0.540s] -- Up-to-date: /home/loc/.distrobox/ros2-home/ros2_ws/install/distance_warning/include/distance_warning/distance_warning/msg/rosidl_typesupport_introspection_c__visibility_control.h
[0.540s] -- Up-to-date: /home/loc/.distrobox/ros2-home/ros2_ws/install/distance_warning/include/distance_warning/distance_warning/srv
[0.540s] -- Up-to-date: /home/loc/.distrobox/ros2-home/ros2_ws/install/distance_warning/include/distance_warning/distance_warning/srv/detail
[0.540s] -- Up-to-date: /home/loc/.distrobox/ros2-home/ros2_ws/install/distance_warning/include/distance_warning/distance_warning/srv/detail/set_threshold__rosidl_typesupport_introspection_c.h
[0.540s] -- Up-to-date: /home/loc/.distrobox/ros2-home/ros2_ws/install/distance_warning/include/distance_warning/distance_warning/srv/detail/set_threshold__type_support.c
[0.540s] -- Up-to-date: /home/loc/.distrobox/ros2-home/ros2_ws/install/distance_warning/include/distance_warning/distance_warning/action
[0.540s] -- Up-to-date: /home/loc/.distrobox/ros2-home/ros2_ws/install/distance_warning/include/distance_warning/distance_warning/action/detail
[0.540s] -- Up-to-date: /home/loc/.distrobox/ros2-home/ros2_ws/install/distance_warning/include/distance_warning/distance_warning/action/detail/check_distance__rosidl_typesupport_introspection_c.h
[0.540s] -- Up-to-date: /home/loc/.distrobox/ros2-home/ros2_ws/install/distance_warning/include/distance_warning/distance_warning/action/detail/check_distance__type_support.c
[0.541s] -- Up-to-date: /home/loc/.distrobox/ros2-home/ros2_ws/install/distance_warning/lib/libdistance_warning__rosidl_typesupport_introspection_c.so
[0.541s] -- Up-to-date: /home/loc/.distrobox/ros2-home/ros2_ws/install/distance_warning/lib/libdistance_warning__rosidl_typesupport_c.so
[0.541s] -- Up-to-date: /home/loc/.distrobox/ros2-home/ros2_ws/install/distance_warning/include/distance_warning/distance_warning
[0.541s] -- Up-to-date: /home/loc/.distrobox/ros2-home/ros2_ws/install/distance_warning/include/distance_warning/distance_warning/srv
[0.541s] -- Up-to-date: /home/loc/.distrobox/ros2-home/ros2_ws/install/distance_warning/include/distance_warning/distance_warning/srv/detail
[0.541s] -- Up-to-date: /home/loc/.distrobox/ros2-home/ros2_ws/install/distance_warning/include/distance_warning/distance_warning/srv/detail/set_threshold__rosidl_typesupport_introspection_cpp.hpp
[0.541s] -- Up-to-date: /home/loc/.distrobox/ros2-home/ros2_ws/install/distance_warning/include/distance_warning/distance_warning/srv/detail/set_threshold__type_support.cpp
[0.541s] -- Up-to-date: /home/loc/.distrobox/ros2-home/ros2_ws/install/distance_warning/include/distance_warning/distance_warning/action
[0.541s] -- Up-to-date: /home/loc/.distrobox/ros2-home/ros2_ws/install/distance_warning/include/distance_warning/distance_warning/action/detail
[0.541s] -- Up-to-date: /home/loc/.distrobox/ros2-home/ros2_ws/install/distance_warning/include/distance_warning/distance_warning/action/detail/check_distance__rosidl_typesupport_introspection_cpp.hpp
[0.541s] -- Up-to-date: /home/loc/.distrobox/ros2-home/ros2_ws/install/distance_warning/include/distance_warning/distance_warning/action/detail/check_distance__type_support.cpp
[0.542s] -- Up-to-date: /home/loc/.distrobox/ros2-home/ros2_ws/install/distance_warning/lib/libdistance_warning__rosidl_typesupport_introspection_cpp.so
[0.542s] -- Up-to-date: /home/loc/.distrobox/ros2-home/ros2_ws/install/distance_warning/lib/libdistance_warning__rosidl_typesupport_cpp.so
[0.542s] -- Up-to-date: /home/loc/.distrobox/ros2-home/ros2_ws/install/distance_warning/share/distance_warning/environment/pythonpath.sh
[0.542s] -- Up-to-date: /home/loc/.distrobox/ros2-home/ros2_ws/install/distance_warning/share/distance_warning/environment/pythonpath.dsv
[0.542s] -- Up-to-date: /home/loc/.distrobox/ros2-home/ros2_ws/install/distance_warning/local/lib/python3.10/dist-packages/distance_warning-0.0.0-py3.10.egg-info
[0.542s] -- Installing: /home/loc/.distrobox/ros2-home/ros2_ws/install/distance_warning/local/lib/python3.10/dist-packages/distance_warning-0.0.0-py3.10.egg-info/PKG-INFO
[0.542s] -- Installing: /home/loc/.distrobox/ros2-home/ros2_ws/install/distance_warning/local/lib/python3.10/dist-packages/distance_warning-0.0.0-py3.10.egg-info/dependency_links.txt
[0.542s] -- Installing: /home/loc/.distrobox/ros2-home/ros2_ws/install/distance_warning/local/lib/python3.10/dist-packages/distance_warning-0.0.0-py3.10.egg-info/top_level.txt
[0.542s] -- Installing: /home/loc/.distrobox/ros2-home/ros2_ws/install/distance_warning/local/lib/python3.10/dist-packages/distance_warning-0.0.0-py3.10.egg-info/SOURCES.txt
[0.542s] -- Up-to-date: /home/loc/.distrobox/ros2-home/ros2_ws/install/distance_warning/local/lib/python3.10/dist-packages/distance_warning
[0.542s] -- Up-to-date: /home/loc/.distrobox/ros2-home/ros2_ws/install/distance_warning/local/lib/python3.10/dist-packages/distance_warning/__init__.py
[0.542s] -- Up-to-date: /home/loc/.distrobox/ros2-home/ros2_ws/install/distance_warning/local/lib/python3.10/dist-packages/distance_warning/srv
[0.542s] -- Up-to-date: /home/loc/.distrobox/ros2-home/ros2_ws/install/distance_warning/local/lib/python3.10/dist-packages/distance_warning/srv/_set_threshold.py
[0.542s] -- Up-to-date: /home/loc/.distrobox/ros2-home/ros2_ws/install/distance_warning/local/lib/python3.10/dist-packages/distance_warning/srv/_set_threshold_s.c
[0.543s] -- Up-to-date: /home/loc/.distrobox/ros2-home/ros2_ws/install/distance_warning/local/lib/python3.10/dist-packages/distance_warning/srv/__init__.py
[0.543s] -- Up-to-date: /home/loc/.distrobox/ros2-home/ros2_ws/install/distance_warning/local/lib/python3.10/dist-packages/distance_warning/action
[0.543s] -- Up-to-date: /home/loc/.distrobox/ros2-home/ros2_ws/install/distance_warning/local/lib/python3.10/dist-packages/distance_warning/action/_check_distance.py
[0.543s] -- Up-to-date: /home/loc/.distrobox/ros2-home/ros2_ws/install/distance_warning/local/lib/python3.10/dist-packages/distance_warning/action/_check_distance_s.c
[0.543s] -- Up-to-date: /home/loc/.distrobox/ros2-home/ros2_ws/install/distance_warning/local/lib/python3.10/dist-packages/distance_warning/action/__init__.py
[0.543s] -- Up-to-date: /home/loc/.distrobox/ros2-home/ros2_ws/install/distance_warning/local/lib/python3.10/dist-packages/distance_warning/_distance_warning_s.ep.rosidl_typesupport_fastrtps_c.c
[0.543s] -- Up-to-date: /home/loc/.distrobox/ros2-home/ros2_ws/install/distance_warning/local/lib/python3.10/dist-packages/distance_warning/_distance_warning_s.ep.rosidl_typesupport_introspection_c.c
[0.543s] -- Up-to-date: /home/loc/.distrobox/ros2-home/ros2_ws/install/distance_warning/local/lib/python3.10/dist-packages/distance_warning/_distance_warning_s.ep.rosidl_typesupport_c.c
[0.543s] -- Up-to-date: /home/loc/.distrobox/ros2-home/ros2_ws/install/distance_warning/local/lib/python3.10/dist-packages/distance_warning/libdistance_warning__rosidl_generator_py.so
[0.543s] -- Up-to-date: /home/loc/.distrobox/ros2-home/ros2_ws/install/distance_warning/local/lib/python3.10/dist-packages/distance_warning/distance_warning_s__rosidl_typesupport_introspection_c.cpython-310-x86_64-linux-gnu.so
[0.543s] -- Up-to-date: /home/loc/.distrobox/ros2-home/ros2_ws/install/distance_warning/local/lib/python3.10/dist-packages/distance_warning/distance_warning_s__rosidl_typesupport_fastrtps_c.cpython-310-x86_64-linux-gnu.so
[0.543s] -- Up-to-date: /home/loc/.distrobox/ros2-home/ros2_ws/install/distance_warning/local/lib/python3.10/dist-packages/distance_warning/distance_warning_s__rosidl_typesupport_c.cpython-310-x86_64-linux-gnu.so
[0.591s] Listing '/home/loc/.distrobox/ros2-home/ros2_ws/install/distance_warning/local/lib/python3.10/dist-packages/distance_warning'...
[0.591s] Listing '/home/loc/.distrobox/ros2-home/ros2_ws/install/distance_warning/local/lib/python3.10/dist-packages/distance_warning/action'...
[0.591s] Listing '/home/loc/.distrobox/ros2-home/ros2_ws/install/distance_warning/local/lib/python3.10/dist-packages/distance_warning/srv'...
[0.598s] -- Up-to-date: /home/loc/.distrobox/ros2-home/ros2_ws/install/distance_warning/local/lib/python3.10/dist-packages/distance_warning/distance_warning_s__rosidl_typesupport_fastrtps_c.cpython-310-x86_64-linux-gnu.so
[0.599s] -- Up-to-date: /home/loc/.distrobox/ros2-home/ros2_ws/install/distance_warning/local/lib/python3.10/dist-packages/distance_warning/distance_warning_s__rosidl_typesupport_introspection_c.cpython-310-x86_64-linux-gnu.so
[0.600s] -- Up-to-date: /home/loc/.distrobox/ros2-home/ros2_ws/install/distance_warning/local/lib/python3.10/dist-packages/distance_warning/distance_warning_s__rosidl_typesupport_c.cpython-310-x86_64-linux-gnu.so
[0.602s] -- Up-to-date: /home/loc/.distrobox/ros2-home/ros2_ws/install/distance_warning/lib/libdistance_warning__rosidl_generator_py.so
[0.602s] -- Up-to-date: /home/loc/.distrobox/ros2-home/ros2_ws/install/distance_warning/share/ament_index/resource_index/rust_packages/distance_warning
[0.603s] -- Up-to-date: /home/loc/.distrobox/ros2-home/ros2_ws/install/distance_warning/share/distance_warning/rust
[0.603s] -- Up-to-date: /home/loc/.distrobox/ros2-home/ros2_ws/install/distance_warning/share/distance_warning/rust/src
[0.603s] -- Up-to-date: /home/loc/.distrobox/ros2-home/ros2_ws/install/distance_warning/share/distance_warning/rust/src/srv.rs
[0.603s] -- Up-to-date: /home/loc/.distrobox/ros2-home/ros2_ws/install/distance_warning/share/distance_warning/rust/src/srv
[0.603s] -- Up-to-date: /home/loc/.distrobox/ros2-home/ros2_ws/install/distance_warning/share/distance_warning/rust/src/srv/rmw.rs
[0.603s] -- Up-to-date: /home/loc/.distrobox/ros2-home/ros2_ws/install/distance_warning/share/distance_warning/rust/src/action.rs
[0.603s] -- Up-to-date: /home/loc/.distrobox/ros2-home/ros2_ws/install/distance_warning/share/distance_warning/rust/src/action
[0.603s] -- Up-to-date: /home/loc/.distrobox/ros2-home/ros2_ws/install/distance_warning/share/distance_warning/rust/src/action/rmw.rs
[0.603s] -- Up-to-date: /home/loc/.distrobox/ros2-home/ros2_ws/install/distance_warning/share/distance_warning/rust/src/lib.rs
[0.603s] -- Up-to-date: /home/loc/.distrobox/ros2-home/ros2_ws/install/distance_warning/share/distance_warning/rust/Cargo.toml
[0.603s] -- Up-to-date: /home/loc/.distrobox/ros2-home/ros2_ws/install/distance_warning/share/distance_warning/rust/build.rs
[0.604s] -- Up-to-date: /home/loc/.distrobox/ros2-home/ros2_ws/install/distance_warning/share/distance_warning/srv/SetThreshold.idl
[0.604s] -- Up-to-date: /home/loc/.distrobox/ros2-home/ros2_ws/install/distance_warning/share/distance_warning/action/CheckDistance.idl
[0.604s] -- Up-to-date: /home/loc/.distrobox/ros2-home/ros2_ws/install/distance_warning/share/distance_warning/srv/SetThreshold.srv
[0.604s] -- Up-to-date: /home/loc/.distrobox/ros2-home/ros2_ws/install/distance_warning/share/distance_warning/srv/SetThreshold_Request.msg
[0.604s] -- Up-to-date: /home/loc/.distrobox/ros2-home/ros2_ws/install/distance_warning/share/distance_warning/srv/SetThreshold_Response.msg
[0.604s] -- Up-to-date: /home/loc/.distrobox/ros2-home/ros2_ws/install/distance_warning/share/distance_warning/action/CheckDistance.action
[0.604s] -- Up-to-date: /home/loc/.distrobox/ros2-home/ros2_ws/install/distance_warning/share/ament_index/resource_index/package_run_dependencies/distance_warning
[0.604s] -- Up-to-date: /home/loc/.distrobox/ros2-home/ros2_ws/install/distance_warning/share/ament_index/resource_index/parent_prefix_path/distance_warning
[0.604s] -- Up-to-date: /home/loc/.distrobox/ros2-home/ros2_ws/install/distance_warning/share/distance_warning/environment/ament_prefix_path.sh
[0.604s] -- Up-to-date: /home/loc/.distrobox/ros2-home/ros2_ws/install/distance_warning/share/distance_warning/environment/ament_prefix_path.dsv
[0.604s] -- Up-to-date: /home/loc/.distrobox/ros2-home/ros2_ws/install/distance_warning/share/distance_warning/environment/path.sh
[0.604s] -- Up-to-date: /home/loc/.distrobox/ros2-home/ros2_ws/install/distance_warning/share/distance_warning/environment/path.dsv
[0.604s] -- Up-to-date: /home/loc/.distrobox/ros2-home/ros2_ws/install/distance_warning/share/distance_warning/local_setup.bash
[0.604s] -- Up-to-date: /home/loc/.distrobox/ros2-home/ros2_ws/install/distance_warning/share/distance_warning/local_setup.sh
[0.604s] -- Up-to-date: /home/loc/.distrobox/ros2-home/ros2_ws/install/distance_warning/share/distance_warning/local_setup.zsh
[0.605s] -- Up-to-date: /home/loc/.distrobox/ros2-home/ros2_ws/install/distance_warning/share/distance_warning/local_setup.dsv
[0.605s] -- Installing: /home/loc/.distrobox/ros2-home/ros2_ws/install/distance_warning/share/distance_warning/package.dsv
[0.605s] -- Up-to-date: /home/loc/.distrobox/ros2-home/ros2_ws/install/distance_warning/share/ament_index/resource_index/packages/distance_warning
[0.605s] -- Up-to-date: /home/loc/.distrobox/ros2-home/ros2_ws/install/distance_warning/share/distance_warning/cmake/export_distance_warning__rosidl_generator_cExport.cmake
[0.605s] -- Up-to-date: /home/loc/.distrobox/ros2-home/ros2_ws/install/distance_warning/share/distance_warning/cmake/export_distance_warning__rosidl_generator_cExport-noconfig.cmake
[0.605s] -- Up-to-date: /home/loc/.distrobox/ros2-home/ros2_ws/install/distance_warning/share/distance_warning/cmake/export_distance_warning__rosidl_typesupport_fastrtps_cExport.cmake
[0.605s] -- Up-to-date: /home/loc/.distrobox/ros2-home/ros2_ws/install/distance_warning/share/distance_warning/cmake/export_distance_warning__rosidl_typesupport_fastrtps_cExport-noconfig.cmake
[0.605s] -- Up-to-date: /home/loc/.distrobox/ros2-home/ros2_ws/install/distance_warning/share/distance_warning/cmake/export_distance_warning__rosidl_generator_cppExport.cmake
[0.605s] -- Up-to-date: /home/loc/.distrobox/ros2-home/ros2_ws/install/distance_warning/share/distance_warning/cmake/export_distance_warning__rosidl_typesupport_fastrtps_cppExport.cmake
[0.605s] -- Up-to-date: /home/loc/.distrobox/ros2-home/ros2_ws/install/distance_warning/share/distance_warning/cmake/export_distance_warning__rosidl_typesupport_fastrtps_cppExport-noconfig.cmake
[0.605s] -- Up-to-date: /home/loc/.distrobox/ros2-home/ros2_ws/install/distance_warning/share/distance_warning/cmake/distance_warning__rosidl_typesupport_introspection_cExport.cmake
[0.605s] -- Up-to-date: /home/loc/.distrobox/ros2-home/ros2_ws/install/distance_warning/share/distance_warning/cmake/distance_warning__rosidl_typesupport_introspection_cExport-noconfig.cmake
[0.605s] -- Up-to-date: /home/loc/.distrobox/ros2-home/ros2_ws/install/distance_warning/share/distance_warning/cmake/distance_warning__rosidl_typesupport_cExport.cmake
[0.605s] -- Up-to-date: /home/loc/.distrobox/ros2-home/ros2_ws/install/distance_warning/share/distance_warning/cmake/distance_warning__rosidl_typesupport_cExport-noconfig.cmake
[0.606s] -- Up-to-date: /home/loc/.distrobox/ros2-home/ros2_ws/install/distance_warning/share/distance_warning/cmake/distance_warning__rosidl_typesupport_introspection_cppExport.cmake
[0.606s] -- Up-to-date: /home/loc/.distrobox/ros2-home/ros2_ws/install/distance_warning/share/distance_warning/cmake/distance_warning__rosidl_typesupport_introspection_cppExport-noconfig.cmake
[0.606s] -- Up-to-date: /home/loc/.distrobox/ros2-home/ros2_ws/install/distance_warning/share/distance_warning/cmake/distance_warning__rosidl_typesupport_cppExport.cmake
[0.606s] -- Up-to-date: /home/loc/.distrobox/ros2-home/ros2_ws/install/distance_warning/share/distance_warning/cmake/distance_warning__rosidl_typesupport_cppExport-noconfig.cmake
[0.606s] -- Up-to-date: /home/loc/.distrobox/ros2-home/ros2_ws/install/distance_warning/share/distance_warning/cmake/export_distance_warning__rosidl_generator_pyExport.cmake
[0.606s] -- Up-to-date: /home/loc/.distrobox/ros2-home/ros2_ws/install/distance_warning/share/distance_warning/cmake/export_distance_warning__rosidl_generator_pyExport-noconfig.cmake
[0.606s] -- Up-to-date: /home/loc/.distrobox/ros2-home/ros2_ws/install/distance_warning/share/distance_warning/cmake/rosidl_cmake-extras.cmake
[0.606s] -- Up-to-date: /home/loc/.distrobox/ros2-home/ros2_ws/install/distance_warning/share/distance_warning/cmake/ament_cmake_export_dependencies-extras.cmake
[0.606s] -- Up-to-date: /home/loc/.distrobox/ros2-home/ros2_ws/install/distance_warning/share/distance_warning/cmake/ament_cmake_export_include_directories-extras.cmake
[0.606s] -- Up-to-date: /home/loc/.distrobox/ros2-home/ros2_ws/install/distance_warning/share/distance_warning/cmake/ament_cmake_export_libraries-extras.cmake
[0.607s] -- Up-to-date: /home/loc/.distrobox/ros2-home/ros2_ws/install/distance_warning/share/distance_warning/cmake/ament_cmake_export_targets-extras.cmake
[0.607s] -- Up-to-date: /home/loc/.distrobox/ros2-home/ros2_ws/install/distance_warning/share/distance_warning/cmake/rosidl_cmake_export_typesupport_targets-extras.cmake
[0.607s] -- Up-to-date: /home/loc/.distrobox/ros2-home/ros2_ws/install/distance_warning/share/distance_warning/cmake/rosidl_cmake_export_typesupport_libraries-extras.cmake
[0.607s] -- Up-to-date: /home/loc/.distrobox/ros2-home/ros2_ws/install/distance_warning/share/distance_warning/cmake/distance_warningConfig.cmake
[0.607s] -- Up-to-date: /home/loc/.distrobox/ros2-home/ros2_ws/install/distance_warning/share/distance_warning/cmake/distance_warningConfig-version.cmake
[0.607s] -- Up-to-date: /home/loc/.distrobox/ros2-home/ros2_ws/install/distance_warning/share/distance_warning/package.xml
[0.607s] -- Up-to-date: /home/loc/.distrobox/ros2-home/ros2_ws/install/distance_warning/lib/distance_warning/distance_listener
[0.609s] -- Up-to-date: /home/loc/.distrobox/ros2-home/ros2_ws/install/distance_warning/lib/distance_warning/distance_publisher
[0.611s] -- Up-to-date: /home/loc/.distrobox/ros2-home/ros2_ws/install/distance_warning/lib/distance_warning/set_threshold_service
[0.613s] -- Up-to-date: /home/loc/.distrobox/ros2-home/ros2_ws/install/distance_warning/lib/distance_warning/distance_action_server
[0.615s] -- Up-to-date: /home/loc/.distrobox/ros2-home/ros2_ws/install/distance_warning/lib/distance_warning/distance_action_client
[0.615s] -- Up-to-date: /home/loc/.distrobox/ros2-home/ros2_ws/install/distance_warning/share/distance_warning//launch
[0.615s] -- Up-to-date: /home/loc/.distrobox/ros2-home/ros2_ws/install/distance_warning/share/distance_warning//launch/distance_warning.launch.py
[0.619s] Invoked command in '/home/loc/.distrobox/ros2-home/ros2_ws/build/distance_warning' returned '0': CMAKE_PREFIX_PATH=/opt/ros/humble DEBUGINFOD_URLS=ima:enforcing https://debuginfod.fedoraproject.org/ ima:ignore PS1=\[\e]0;\u@\h: \w\a\]${debian_chroot:+($debian_chroot)}\[\033[01;32m\]\u@\h\[\033[00m\]:\[\033[01;34m\]\w\[\033[00m\]\$ /usr/bin/cmake --install /home/loc/.distrobox/ros2-home/ros2_ws/build/distance_warning
