[0.124s] DEBUG:colcon:Command line arguments: ['/usr/bin/colcon', 'build', '--symlink-install', '--packages-select', 'distance_warning']
[0.124s] DEBUG:colcon:Parsed command line arguments: Namespace(log_base=None, log_level=None, verb_name='build', build_base='build', install_base='install', merge_install=False, symlink_install=True, test_result_base=None, continue_on_error=False, executor='parallel', parallel_workers=32, event_handlers=None, ignore_user_meta=False, metas=['./colcon.meta'], base_paths=['.'], packages_ignore=None, packages_ignore_regex=None, paths=None, packages_up_to=None, packages_up_to_regex=None, packages_above=None, packages_above_and_dependencies=None, packages_above_depth=None, packages_select_by_dep=None, packages_skip_by_dep=None, packages_skip_up_to=None, packages_select_build_failed=False, packages_skip_build_finished=False, packages_select_test_failures=False, packages_skip_test_passed=False, packages_select=['distance_warning'], packages_skip=None, packages_select_regex=None, packages_skip_regex=None, packages_start=None, packages_end=None, allow_overriding=[], cmake_args=None, cmake_target=None, cmake_target_skip_unavailable=False, cmake_clean_cache=False, cmake_clean_first=False, cmake_force_configure=False, ament_cmake_args=None, catkin_cmake_args=None, catkin_skip_building_tests=False, verb_parser=<colcon_defaults.argument_parser.defaults.DefaultArgumentsDecorator object at 0x7f5d7458e4d0>, verb_extension=<colcon_core.verb.build.BuildVerb object at 0x7f5d746739a0>, main=<bound method BuildVerb.main of <colcon_core.verb.build.BuildVerb object at 0x7f5d746739a0>>)
[0.270s] Level 1:colcon.colcon_core.package_discovery:discover_packages(colcon_meta) check parameters
[0.270s] Level 1:colcon.colcon_core.package_discovery:discover_packages(recursive) check parameters
[0.270s] Level 1:colcon.colcon_core.package_discovery:discover_packages(ignore) check parameters
[0.270s] Level 1:colcon.colcon_core.package_discovery:discover_packages(path) check parameters
[0.270s] Level 1:colcon.colcon_core.package_discovery:discover_packages(colcon_meta) discover
[0.270s] Level 1:colcon.colcon_core.package_discovery:discover_packages(recursive) discover
[0.270s] INFO:colcon.colcon_core.package_discovery:Crawling recursively for packages in '/home/loc/.distrobox/ros2-home/BTVN02'
[0.270s] Level 1:colcon.colcon_core.package_identification:_identify(.) by extensions ['ignore', 'ignore_ament_install']
[0.270s] Level 1:colcon.colcon_core.package_identification:_identify(.) by extension 'ignore'
[0.270s] Level 1:colcon.colcon_core.package_identification:_identify(.) by extension 'ignore_ament_install'
[0.270s] Level 1:colcon.colcon_core.package_identification:_identify(.) by extensions ['colcon_pkg']
[0.270s] Level 1:colcon.colcon_core.package_identification:_identify(.) by extension 'colcon_pkg'
[0.270s] Level 1:colcon.colcon_core.package_identification:_identify(.) by extensions ['colcon_meta']
[0.270s] Level 1:colcon.colcon_core.package_identification:_identify(.) by extension 'colcon_meta'
[0.270s] Level 1:colcon.colcon_core.package_identification:_identify(.) by extensions ['ros']
[0.270s] Level 1:colcon.colcon_core.package_identification:_identify(.) by extension 'ros'
[0.283s] Level 1:colcon.colcon_core.package_identification:_identify(.) by extensions ['cmake', 'python']
[0.283s] Level 1:colcon.colcon_core.package_identification:_identify(.) by extension 'cmake'
[0.283s] Level 1:colcon.colcon_core.package_identification:_identify(.) by extension 'python'
[0.284s] Level 1:colcon.colcon_core.package_identification:_identify(.) by extensions ['python_setup_py']
[0.284s] Level 1:colcon.colcon_core.package_identification:_identify(.) by extension 'python_setup_py'
[0.284s] Level 1:colcon.colcon_core.package_identification:_identify(build) by extensions ['ignore', 'ignore_ament_install']
[0.284s] Level 1:colcon.colcon_core.package_identification:_identify(build) by extension 'ignore'
[0.284s] Level 1:colcon.colcon_core.package_identification:_identify(build) ignored
[0.284s] Level 1:colcon.colcon_core.package_identification:_identify(install) by extensions ['ignore', 'ignore_ament_install']
[0.284s] Level 1:colcon.colcon_core.package_identification:_identify(install) by extension 'ignore'
[0.284s] Level 1:colcon.colcon_core.package_identification:_identify(install) ignored
[0.284s] Level 1:colcon.colcon_core.package_identification:_identify(log) by extensions ['ignore', 'ignore_ament_install']
[0.284s] Level 1:colcon.colcon_core.package_identification:_identify(log) by extension 'ignore'
[0.284s] Level 1:colcon.colcon_core.package_identification:_identify(log) ignored
[0.284s] Level 1:colcon.colcon_core.package_identification:_identify(src) by extensions ['ignore', 'ignore_ament_install']
[0.284s] Level 1:colcon.colcon_core.package_identification:_identify(src) by extension 'ignore'
[0.285s] Level 1:colcon.colcon_core.package_identification:_identify(src) by extension 'ignore_ament_install'
[0.285s] Level 1:colcon.colcon_core.package_identification:_identify(src) by extensions ['colcon_pkg']
[0.285s] Level 1:colcon.colcon_core.package_identification:_identify(src) by extension 'colcon_pkg'
[0.285s] Level 1:colcon.colcon_core.package_identification:_identify(src) by extensions ['colcon_meta']
[0.285s] Level 1:colcon.colcon_core.package_identification:_identify(src) by extension 'colcon_meta'
[0.285s] Level 1:colcon.colcon_core.package_identification:_identify(src) by extensions ['ros']
[0.285s] Level 1:colcon.colcon_core.package_identification:_identify(src) by extension 'ros'
[0.285s] Level 1:colcon.colcon_core.package_identification:_identify(src) by extensions ['cmake', 'python']
[0.285s] Level 1:colcon.colcon_core.package_identification:_identify(src) by extension 'cmake'
[0.285s] Level 1:colcon.colcon_core.package_identification:_identify(src) by extension 'python'
[0.285s] Level 1:colcon.colcon_core.package_identification:_identify(src) by extensions ['python_setup_py']
[0.285s] Level 1:colcon.colcon_core.package_identification:_identify(src) by extension 'python_setup_py'
[0.285s] Level 1:colcon.colcon_core.package_identification:_identify(src/distance_warning) by extensions ['ignore', 'ignore_ament_install']
[0.285s] Level 1:colcon.colcon_core.package_identification:_identify(src/distance_warning) by extension 'ignore'
[0.285s] Level 1:colcon.colcon_core.package_identification:_identify(src/distance_warning) by extension 'ignore_ament_install'
[0.285s] Level 1:colcon.colcon_core.package_identification:_identify(src/distance_warning) by extensions ['colcon_pkg']
[0.285s] Level 1:colcon.colcon_core.package_identification:_identify(src/distance_warning) by extension 'colcon_pkg'
[0.285s] Level 1:colcon.colcon_core.package_identification:_identify(src/distance_warning) by extensions ['colcon_meta']
[0.285s] Level 1:colcon.colcon_core.package_identification:_identify(src/distance_warning) by extension 'colcon_meta'
[0.285s] Level 1:colcon.colcon_core.package_identification:_identify(src/distance_warning) by extensions ['ros']
[0.285s] Level 1:colcon.colcon_core.package_identification:_identify(src/distance_warning) by extension 'ros'
[0.289s] DEBUG:colcon.colcon_core.package_identification:Package 'src/distance_warning' with type 'ros.ament_cmake' and name 'distance_warning'
[0.289s] Level 1:colcon.colcon_core.package_discovery:discover_packages(recursive) using defaults
[0.289s] Level 1:colcon.colcon_core.package_discovery:discover_packages(ignore) discover
[0.289s] Level 1:colcon.colcon_core.package_discovery:discover_packages(ignore) using defaults
[0.289s] Level 1:colcon.colcon_core.package_discovery:discover_packages(path) discover
[0.289s] Level 1:colcon.colcon_core.package_discovery:discover_packages(path) using defaults
[0.310s] Level 1:colcon.colcon_core.package_discovery:discover_packages(prefix_path) check parameters
[0.310s] Level 1:colcon.colcon_core.package_discovery:discover_packages(prefix_path) discover
[0.312s] DEBUG:colcon.colcon_installed_package_information.package_discovery:Found 1 installed packages in /home/loc/.distrobox/ros2-home/BTVN02/install
[0.313s] DEBUG:colcon.colcon_installed_package_information.package_discovery:Found 273 installed packages in /opt/ros/humble
[0.315s] Level 1:colcon.colcon_core.package_discovery:discover_packages(prefix_path) using defaults
[0.363s] Level 5:colcon.colcon_core.verb:set package 'distance_warning' build argument 'cmake_args' from command line to 'None'
[0.363s] Level 5:colcon.colcon_core.verb:set package 'distance_warning' build argument 'cmake_target' from command line to 'None'
[0.363s] Level 5:colcon.colcon_core.verb:set package 'distance_warning' build argument 'cmake_target_skip_unavailable' from command line to 'False'
[0.363s] Level 5:colcon.colcon_core.verb:set package 'distance_warning' build argument 'cmake_clean_cache' from command line to 'False'
[0.363s] Level 5:colcon.colcon_core.verb:set package 'distance_warning' build argument 'cmake_clean_first' from command line to 'False'
[0.363s] Level 5:colcon.colcon_core.verb:set package 'distance_warning' build argument 'cmake_force_configure' from command line to 'False'
[0.363s] Level 5:colcon.colcon_core.verb:set package 'distance_warning' build argument 'ament_cmake_args' from command line to 'None'
[0.363s] Level 5:colcon.colcon_core.verb:set package 'distance_warning' build argument 'catkin_cmake_args' from command line to 'None'
[0.363s] Level 5:colcon.colcon_core.verb:set package 'distance_warning' build argument 'catkin_skip_building_tests' from command line to 'False'
[0.363s] DEBUG:colcon.colcon_core.verb:Building package 'distance_warning' with the following arguments: {'ament_cmake_args': None, 'build_base': '/home/loc/.distrobox/ros2-home/BTVN02/build/distance_warning', 'catkin_cmake_args': None, 'catkin_skip_building_tests': False, 'cmake_args': None, 'cmake_clean_cache': False, 'cmake_clean_first': False, 'cmake_force_configure': False, 'cmake_target': None, 'cmake_target_skip_unavailable': False, 'install_base': '/home/loc/.distrobox/ros2-home/BTVN02/install/distance_warning', 'merge_install': False, 'path': '/home/loc/.distrobox/ros2-home/BTVN02/src/distance_warning', 'symlink_install': True, 'test_result_base': None}
[0.363s] INFO:colcon.colcon_core.executor:Executing jobs using 'parallel' executor
[0.365s] DEBUG:colcon.colcon_parallel_executor.executor.parallel:run_until_complete
[0.365s] INFO:colcon.colcon_ros.task.ament_cmake.build:Building ROS package in '/home/loc/.distrobox/ros2-home/BTVN02/src/distance_warning' with build type 'ament_cmake'
[0.365s] INFO:colcon.colcon_cmake.task.cmake.build:Building CMake package in '/home/loc/.distrobox/ros2-home/BTVN02/src/distance_warning'
[0.367s] INFO:colcon.colcon_core.plugin_system:Skipping extension 'colcon_core.shell.bat': Not used on non-Windows systems
[0.367s] INFO:colcon.colcon_core.shell:Skip shell extension 'powershell' for command environment: Not usable outside of PowerShell
[0.367s] DEBUG:colcon.colcon_core.shell:Skip shell extension 'dsv' for command environment
[0.380s] DEBUG:colcon.colcon_core.event_handler.log_command:Invoking command in '/home/loc/.distrobox/ros2-home/BTVN02/build/distance_warning': CMAKE_PREFIX_PATH=${CMAKE_PREFIX_PATH}:/opt/ros/humble PS1=\[\e]0;\u@\h: \w\a\]${debian_chroot:+($debian_chroot)}\[\033[01;32m\]\u@\h\[\033[00m\]:\[\033[01;34m\]\w\[\033[00m\]\$ /usr/bin/cmake --build /home/loc/.distrobox/ros2-home/BTVN02/build/distance_warning -- -j32 -l32
[11.083s] DEBUG:colcon.colcon_core.event_handler.log_command:Invoked command in '/home/loc/.distrobox/ros2-home/BTVN02/build/distance_warning' returned '0': CMAKE_PREFIX_PATH=${CMAKE_PREFIX_PATH}:/opt/ros/humble PS1=\[\e]0;\u@\h: \w\a\]${debian_chroot:+($debian_chroot)}\[\033[01;32m\]\u@\h\[\033[00m\]:\[\033[01;34m\]\w\[\033[00m\]\$ /usr/bin/cmake --build /home/loc/.distrobox/ros2-home/BTVN02/build/distance_warning -- -j32 -l32
[11.097s] DEBUG:colcon.colcon_core.event_handler.log_command:Invoking command in '/home/loc/.distrobox/ros2-home/BTVN02/build/distance_warning': CMAKE_PREFIX_PATH=${CMAKE_PREFIX_PATH}:/opt/ros/humble PS1=\[\e]0;\u@\h: \w\a\]${debian_chroot:+($debian_chroot)}\[\033[01;32m\]\u@\h\[\033[00m\]:\[\033[01;34m\]\w\[\033[00m\]\$ /usr/bin/cmake --install /home/loc/.distrobox/ros2-home/BTVN02/build/distance_warning
[11.229s] Level 1:colcon.colcon_core.environment:create_environment_scripts_only(distance_warning)
[11.231s] DEBUG:colcon.colcon_core.event_handler.log_command:Invoked command in '/home/loc/.distrobox/ros2-home/BTVN02/build/distance_warning' returned '0': CMAKE_PREFIX_PATH=${CMAKE_PREFIX_PATH}:/opt/ros/humble PS1=\[\e]0;\u@\h: \w\a\]${debian_chroot:+($debian_chroot)}\[\033[01;32m\]\u@\h\[\033[00m\]:\[\033[01;34m\]\w\[\033[00m\]\$ /usr/bin/cmake --install /home/loc/.distrobox/ros2-home/BTVN02/build/distance_warning
[11.235s] Level 1:colcon.colcon_core.environment:checking '/home/loc/.distrobox/ros2-home/BTVN02/install/distance_warning' for CMake module files
[11.236s] Level 1:colcon.colcon_core.environment:checking '/home/loc/.distrobox/ros2-home/BTVN02/install/distance_warning' for CMake config files
[11.238s] Level 1:colcon.colcon_core.shell:create_environment_hook('distance_warning', 'cmake_prefix_path')
[11.238s] INFO:colcon.colcon_core.shell:Creating environment hook '/home/loc/.distrobox/ros2-home/BTVN02/install/distance_warning/share/distance_warning/hook/cmake_prefix_path.ps1'
[11.239s] INFO:colcon.colcon_core.shell:Creating environment descriptor '/home/loc/.distrobox/ros2-home/BTVN02/install/distance_warning/share/distance_warning/hook/cmake_prefix_path.dsv'
[11.240s] INFO:colcon.colcon_core.shell:Creating environment hook '/home/loc/.distrobox/ros2-home/BTVN02/install/distance_warning/share/distance_warning/hook/cmake_prefix_path.sh'
[11.242s] Level 1:colcon.colcon_core.environment:checking '/home/loc/.distrobox/ros2-home/BTVN02/install/distance_warning/lib'
[11.242s] Level 1:colcon.colcon_core.shell:create_environment_hook('distance_warning', 'ld_library_path_lib')
[11.242s] INFO:colcon.colcon_core.shell:Creating environment hook '/home/loc/.distrobox/ros2-home/BTVN02/install/distance_warning/share/distance_warning/hook/ld_library_path_lib.ps1'
[11.243s] INFO:colcon.colcon_core.shell:Creating environment descriptor '/home/loc/.distrobox/ros2-home/BTVN02/install/distance_warning/share/distance_warning/hook/ld_library_path_lib.dsv'
[11.244s] INFO:colcon.colcon_core.shell:Creating environment hook '/home/loc/.distrobox/ros2-home/BTVN02/install/distance_warning/share/distance_warning/hook/ld_library_path_lib.sh'
[11.244s] Level 1:colcon.colcon_core.environment:checking '/home/loc/.distrobox/ros2-home/BTVN02/install/distance_warning/bin'
[11.245s] Level 1:colcon.colcon_core.environment:checking '/home/loc/.distrobox/ros2-home/BTVN02/install/distance_warning/lib/pkgconfig/distance_warning.pc'
[11.245s] Level 1:colcon.colcon_core.environment:checking '/home/loc/.distrobox/ros2-home/BTVN02/install/distance_warning/lib/python3.10/site-packages'
[11.246s] Level 1:colcon.colcon_core.environment:checking '/home/loc/.distrobox/ros2-home/BTVN02/install/distance_warning/bin'
[11.246s] INFO:colcon.colcon_core.shell:Creating package script '/home/loc/.distrobox/ros2-home/BTVN02/install/distance_warning/share/distance_warning/package.ps1'
[11.249s] INFO:colcon.colcon_core.shell:Creating package descriptor '/home/loc/.distrobox/ros2-home/BTVN02/install/distance_warning/share/distance_warning/package.dsv'
[11.250s] INFO:colcon.colcon_core.shell:Creating package script '/home/loc/.distrobox/ros2-home/BTVN02/install/distance_warning/share/distance_warning/package.sh'
[11.251s] INFO:colcon.colcon_core.shell:Creating package script '/home/loc/.distrobox/ros2-home/BTVN02/install/distance_warning/share/distance_warning/package.bash'
[11.252s] INFO:colcon.colcon_core.shell:Creating package script '/home/loc/.distrobox/ros2-home/BTVN02/install/distance_warning/share/distance_warning/package.zsh'
[11.253s] Level 1:colcon.colcon_core.environment:create_file_with_runtime_dependencies(/home/loc/.distrobox/ros2-home/BTVN02/install/distance_warning/share/colcon-core/packages/distance_warning)
[11.254s] Level 1:colcon.colcon_core.environment:create_environment_scripts_only(distance_warning)
[11.254s] Level 1:colcon.colcon_core.environment:checking '/home/loc/.distrobox/ros2-home/BTVN02/install/distance_warning' for CMake module files
[11.255s] Level 1:colcon.colcon_core.environment:checking '/home/loc/.distrobox/ros2-home/BTVN02/install/distance_warning' for CMake config files
[11.255s] Level 1:colcon.colcon_core.shell:create_environment_hook('distance_warning', 'cmake_prefix_path')
[11.256s] INFO:colcon.colcon_core.shell:Creating environment hook '/home/loc/.distrobox/ros2-home/BTVN02/install/distance_warning/share/distance_warning/hook/cmake_prefix_path.ps1'
[11.256s] INFO:colcon.colcon_core.shell:Creating environment descriptor '/home/loc/.distrobox/ros2-home/BTVN02/install/distance_warning/share/distance_warning/hook/cmake_prefix_path.dsv'
[11.256s] INFO:colcon.colcon_core.shell:Creating environment hook '/home/loc/.distrobox/ros2-home/BTVN02/install/distance_warning/share/distance_warning/hook/cmake_prefix_path.sh'
[11.257s] Level 1:colcon.colcon_core.environment:checking '/home/loc/.distrobox/ros2-home/BTVN02/install/distance_warning/lib'
[11.257s] Level 1:colcon.colcon_core.shell:create_environment_hook('distance_warning', 'ld_library_path_lib')
[11.257s] INFO:colcon.colcon_core.shell:Creating environment hook '/home/loc/.distrobox/ros2-home/BTVN02/install/distance_warning/share/distance_warning/hook/ld_library_path_lib.ps1'
[11.258s] INFO:colcon.colcon_core.shell:Creating environment descriptor '/home/loc/.distrobox/ros2-home/BTVN02/install/distance_warning/share/distance_warning/hook/ld_library_path_lib.dsv'
[11.258s] INFO:colcon.colcon_core.shell:Creating environment hook '/home/loc/.distrobox/ros2-home/BTVN02/install/distance_warning/share/distance_warning/hook/ld_library_path_lib.sh'
[11.258s] Level 1:colcon.colcon_core.environment:checking '/home/loc/.distrobox/ros2-home/BTVN02/install/distance_warning/bin'
[11.258s] Level 1:colcon.colcon_core.environment:checking '/home/loc/.distrobox/ros2-home/BTVN02/install/distance_warning/lib/pkgconfig/distance_warning.pc'
[11.259s] Level 1:colcon.colcon_core.environment:checking '/home/loc/.distrobox/ros2-home/BTVN02/install/distance_warning/lib/python3.10/site-packages'
[11.259s] Level 1:colcon.colcon_core.environment:checking '/home/loc/.distrobox/ros2-home/BTVN02/install/distance_warning/bin'
[11.259s] INFO:colcon.colcon_core.shell:Creating package script '/home/loc/.distrobox/ros2-home/BTVN02/install/distance_warning/share/distance_warning/package.ps1'
[11.260s] INFO:colcon.colcon_core.shell:Creating package descriptor '/home/loc/.distrobox/ros2-home/BTVN02/install/distance_warning/share/distance_warning/package.dsv'
[11.261s] INFO:colcon.colcon_core.shell:Creating package script '/home/loc/.distrobox/ros2-home/BTVN02/install/distance_warning/share/distance_warning/package.sh'
[11.261s] INFO:colcon.colcon_core.shell:Creating package script '/home/loc/.distrobox/ros2-home/BTVN02/install/distance_warning/share/distance_warning/package.bash'
[11.261s] INFO:colcon.colcon_core.shell:Creating package script '/home/loc/.distrobox/ros2-home/BTVN02/install/distance_warning/share/distance_warning/package.zsh'
[11.262s] Level 1:colcon.colcon_core.environment:create_file_with_runtime_dependencies(/home/loc/.distrobox/ros2-home/BTVN02/install/distance_warning/share/colcon-core/packages/distance_warning)
[11.262s] DEBUG:colcon.colcon_parallel_executor.executor.parallel:closing loop
[11.263s] DEBUG:colcon.colcon_parallel_executor.executor.parallel:loop closed
[11.263s] DEBUG:colcon.colcon_parallel_executor.executor.parallel:run_until_complete finished with '0'
[11.263s] DEBUG:colcon.colcon_core.event_reactor:joining thread
[11.271s] INFO:colcon.colcon_core.plugin_system:Skipping extension 'colcon_notification.desktop_notification.notify_send': Could not find 'notify-send'
[11.271s] INFO:colcon.colcon_core.plugin_system:Skipping extension 'colcon_notification.desktop_notification.terminal_notifier': Not used on non-Darwin systems
[11.271s] INFO:colcon.colcon_core.plugin_system:Skipping extension 'colcon_notification.desktop_notification.win32': Not used on non-Windows systems
[11.271s] INFO:colcon.colcon_notification.desktop_notification:Sending desktop notification using 'notify2'
[11.271s] DEBUG:colcon.colcon_notification.desktop_notification.notify2:Failed to initialize notify2: org.freedesktop.DBus.Error.FileNotFound: Failed to connect to socket /run/user/0/bus: No such file or directory
[11.272s] DEBUG:colcon.colcon_core.event_reactor:joined thread
[11.272s] INFO:colcon.colcon_core.shell:Creating prefix script '/home/loc/.distrobox/ros2-home/BTVN02/install/local_setup.ps1'
[11.273s] INFO:colcon.colcon_core.shell:Creating prefix util module '/home/loc/.distrobox/ros2-home/BTVN02/install/_local_setup_util_ps1.py'
[11.275s] INFO:colcon.colcon_core.shell:Creating prefix chain script '/home/loc/.distrobox/ros2-home/BTVN02/install/setup.ps1'
[11.276s] INFO:colcon.colcon_core.shell:Creating prefix script '/home/loc/.distrobox/ros2-home/BTVN02/install/local_setup.sh'
[11.277s] INFO:colcon.colcon_core.shell:Creating prefix util module '/home/loc/.distrobox/ros2-home/BTVN02/install/_local_setup_util_sh.py'
[11.278s] INFO:colcon.colcon_core.shell:Creating prefix chain script '/home/loc/.distrobox/ros2-home/BTVN02/install/setup.sh'
[11.280s] INFO:colcon.colcon_core.shell:Creating prefix script '/home/loc/.distrobox/ros2-home/BTVN02/install/local_setup.bash'
[11.280s] INFO:colcon.colcon_core.shell:Creating prefix chain script '/home/loc/.distrobox/ros2-home/BTVN02/install/setup.bash'
[11.281s] INFO:colcon.colcon_core.shell:Creating prefix script '/home/loc/.distrobox/ros2-home/BTVN02/install/local_setup.zsh'
[11.282s] INFO:colcon.colcon_core.shell:Creating prefix chain script '/home/loc/.distrobox/ros2-home/BTVN02/install/setup.zsh'
