[0.015s] Invoking command in '/home/loc/.distrobox/ros2-home/ros2_ws/build/distance_warning': CMAKE_PREFIX_PATH=${CMAKE_PREFIX_PATH}:/opt/ros/humble DEBUGINFOD_URLS=ima:enforcing https://debuginfod.fedoraproject.org/ ima:ignore PS1=\[\e]0;\u@\h: \w\a\]${debian_chroot:+($debian_chroot)}\[\033[01;32m\]\u@\h\[\033[00m\]:\[\033[01;34m\]\w\[\033[00m\]\$ /usr/bin/cmake --build /home/loc/.distrobox/ros2-home/ros2_ws/build/distance_warning -- -j32 -l32
[0.049s] -- Found ament_cmake: 1.3.14 (/opt/ros/humble/share/ament_cmake/cmake)
[0.191s] -- Found rclcpp: 16.0.19 (/opt/ros/humble/share/rclcpp/cmake)
[0.224s] -- Found rosidl_generator_c: 3.1.8 (/opt/ros/humble/share/rosidl_generator_c/cmake)
[0.227s] -- Found rosidl_adapter: 3.1.8 (/opt/ros/humble/share/rosidl_adapter/cmake)
[0.233s] -- Found rosidl_generator_cpp: 3.1.8 (/opt/ros/humble/share/rosidl_generator_cpp/cmake)
[0.244s] -- Using all available rosidl_typesupport_c: rosidl_typesupport_fastrtps_c;rosidl_typesupport_introspection_c
[0.258s] -- Using all available rosidl_typesupport_cpp: rosidl_typesupport_fastrtps_cpp;rosidl_typesupport_introspection_cpp
[0.295s] -- Found rmw_implementation_cmake: 6.1.2 (/opt/ros/humble/share/rmw_implementation_cmake/cmake)
[0.296s] -- Found rmw_fastrtps_cpp: 6.2.10 (/opt/ros/humble/share/rmw_fastrtps_cpp/cmake)
[0.429s] -- Using RMW implementation 'rmw_fastrtps_cpp' as default
[0.485s] -- Found rclcpp_action: 16.0.19 (/opt/ros/humble/share/rclcpp_action/cmake)
[0.518s] -- Found rosidl_default_generators: 1.2.1 (/opt/ros/humble/share/rosidl_default_generators/cmake)
[0.854s] -- Found ament_cmake_ros: 0.10.0 (/opt/ros/humble/share/ament_cmake_ros/cmake)
[1.227s] -- Using all available rosidl_typesupport_c: rosidl_typesupport_fastrtps_c;rosidl_typesupport_introspection_c
[1.376s] -- Using all available rosidl_typesupport_cpp: rosidl_typesupport_fastrtps_cpp;rosidl_typesupport_introspection_cpp
[1.405s] -- Found python_cmake_module: 0.10.0 (/opt/ros/humble/share/python_cmake_module/cmake)
[1.436s] -- Using PYTHON_EXECUTABLE: /usr/bin/python3
[1.436s] -- Using PYTHON_INCLUDE_DIRS: /usr/include/python3.10
[1.436s] -- Using PYTHON_LIBRARIES: /usr/lib/x86_64-linux-gnu/libpython3.10.so
[1.529s] -- Found ament_lint_auto: 0.12.15 (/opt/ros/humble/share/ament_lint_auto/cmake)
[1.539s] -- Added test 'cppcheck' to perform static code analysis on C / C++ code
[1.540s] -- Configured cppcheck include dirs: 
[1.540s] -- Configured cppcheck exclude dirs and/or files: 
[1.540s] -- Added test 'lint_cmake' to check CMake code style
[1.541s] -- Added test 'uncrustify' to check C / C++ code style
[1.542s] -- Configured uncrustify additional arguments: 
[1.542s] -- Added test 'xmllint' to check XML markup files
[1.545s] -- Configuring done
[1.595s] -- Generating done
[1.614s] -- Build files have been written to: /home/loc/.distrobox/ros2-home/ros2_ws/build/distance_warning
[1.653s] [35m[1mConsolidate compiler generated dependencies of target distance_warning__rosidl_generator_c[0m
[1.654s] [35m[1mConsolidate compiler generated dependencies of target distance_listener[0m
[1.666s] [  2%] [32mBuilding CXX object CMakeFiles/distance_publisher.dir/src/distance_publisher.cpp.o[0m
[1.667s] [  4%] Built target distance_warning__rs
[1.670s] [  6%] Built target distance_warning__cpp
[1.674s] [ 15%] Built target distance_warning__rosidl_generator_c
[1.678s] [ 15%] Built target ament_cmake_python_copy_distance_warning
[1.684s] [ 18%] [32mBuilding CXX object CMakeFiles/distance_listener.dir/src/distance_listener.cpp.o[0m
[1.685s] [35m[1mConsolidate compiler generated dependencies of target distance_warning__rosidl_typesupport_c[0m
[1.688s] [35m[1mConsolidate compiler generated dependencies of target distance_warning__rosidl_typesupport_fastrtps_cpp[0m
[1.689s] [35m[1mConsolidate compiler generated dependencies of target distance_warning__rosidl_typesupport_cpp[0m
[1.689s] [35m[1mConsolidate compiler generated dependencies of target distance_warning__rosidl_typesupport_introspection_cpp[0m
[1.689s] [35m[1mConsolidate compiler generated dependencies of target distance_warning__rosidl_typesupport_fastrtps_c[0m
[1.692s] [35m[1mConsolidate compiler generated dependencies of target distance_warning__rosidl_typesupport_introspection_c[0m
[1.704s] [ 27%] Built target distance_warning__rosidl_typesupport_c
[1.713s] [ 36%] Built target distance_warning__rosidl_typesupport_introspection_c
[1.716s] [ 45%] Built target distance_warning__rosidl_typesupport_fastrtps_c
[1.718s] [ 54%] Built target distance_warning__rosidl_typesupport_cpp
[1.718s] [ 63%] Built target distance_warning__rosidl_typesupport_introspection_cpp
[1.720s] [ 72%] Built target distance_warning__rosidl_typesupport_fastrtps_cpp
[1.752s] [ 72%] Built target distance_warning
[1.784s] [ 75%] Built target distance_warning__py
[1.801s] [35m[1mConsolidate compiler generated dependencies of target distance_warning__rosidl_generator_py[0m
[1.828s] [ 81%] Built target distance_warning__rosidl_generator_py
[1.845s] [35m[1mConsolidate compiler generated dependencies of target distance_warning__rosidl_typesupport_fastrtps_c__pyext[0m
[1.846s] [35m[1mConsolidate compiler generated dependencies of target distance_warning__rosidl_typesupport_c__pyext[0m
[1.846s] [35m[1mConsolidate compiler generated dependencies of target distance_warning__rosidl_typesupport_introspection_c__pyext[0m
[1.869s] [ 86%] Built target distance_warning__rosidl_typesupport_c__pyext
[1.869s] [ 95%] Built target distance_warning__rosidl_typesupport_introspection_c__pyext
[1.870s] [ 95%] Built target distance_warning__rosidl_typesupport_fastrtps_c__pyext
[1.905s] running egg_info
[1.906s] writing distance_warning.egg-info/PKG-INFO
[1.906s] writing dependency_links to distance_warning.egg-info/dependency_links.txt
[1.906s] writing top-level names to distance_warning.egg-info/top_level.txt
[1.908s] reading manifest file 'distance_warning.egg-info/SOURCES.txt'
[1.909s] writing manifest file 'distance_warning.egg-info/SOURCES.txt'
[1.941s] [ 95%] Built target ament_cmake_python_build_distance_warning_egg
[5.938s] [ 97%] [32m[1mLinking CXX executable distance_publisher[0m
[6.151s] [ 97%] Built target distance_publisher
[9.573s] [100%] [32m[1mLinking CXX executable distance_listener[0m
[9.975s] [100%] Built target distance_listener
[9.995s] Invoked command in '/home/loc/.distrobox/ros2-home/ros2_ws/build/distance_warning' returned '0': CMAKE_PREFIX_PATH=${CMAKE_PREFIX_PATH}:/opt/ros/humble DEBUGINFOD_URLS=ima:enforcing https://debuginfod.fedoraproject.org/ ima:ignore PS1=\[\e]0;\u@\h: \w\a\]${debian_chroot:+($debian_chroot)}\[\033[01;32m\]\u@\h\[\033[00m\]:\[\033[01;34m\]\w\[\033[00m\]\$ /usr/bin/cmake --build /home/loc/.distrobox/ros2-home/ros2_ws/build/distance_warning -- -j32 -l32
[10.009s] Invoking command in '/home/loc/.distrobox/ros2-home/ros2_ws/build/distance_warning': CMAKE_PREFIX_PATH=${CMAKE_PREFIX_PATH}:/opt/ros/humble DEBUGINFOD_URLS=ima:enforcing https://debuginfod.fedoraproject.org/ ima:ignore PS1=\[\e]0;\u@\h: \w\a\]${debian_chroot:+($debian_chroot)}\[\033[01;32m\]\u@\h\[\033[00m\]:\[\033[01;34m\]\w\[\033[00m\]\$ /usr/bin/cmake --install /home/loc/.distrobox/ros2-home/ros2_ws/build/distance_warning
[10.021s] -- Install configuration: ""
[10.021s] -- Up-to-date: /home/loc/.distrobox/ros2-home/ros2_ws/install/distance_warning/share/ament_index/resource_index/rosidl_interfaces/distance_warning
[10.021s] -- Up-to-date: /home/loc/.distrobox/ros2-home/ros2_ws/install/distance_warning/include/distance_warning/distance_warning
[10.021s] -- Up-to-date: /home/loc/.distrobox/ros2-home/ros2_ws/install/distance_warning/include/distance_warning/distance_warning/msg
[10.022s] -- Up-to-date: /home/loc/.distrobox/ros2-home/ros2_ws/install/distance_warning/include/distance_warning/distance_warning/msg/rosidl_generator_c__visibility_control.h
[10.022s] -- Up-to-date: /home/loc/.distrobox/ros2-home/ros2_ws/install/distance_warning/include/distance_warning/distance_warning/srv
[10.022s] -- Up-to-date: /home/loc/.distrobox/ros2-home/ros2_ws/install/distance_warning/include/distance_warning/distance_warning/srv/set_threshold.h
[10.022s] -- Up-to-date: /home/loc/.distrobox/ros2-home/ros2_ws/install/distance_warning/include/distance_warning/distance_warning/srv/detail
[10.022s] -- Up-to-date: /home/loc/.distrobox/ros2-home/ros2_ws/install/distance_warning/include/distance_warning/distance_warning/srv/detail/set_threshold__functions.c
[10.022s] -- Up-to-date: /home/loc/.distrobox/ros2-home/ros2_ws/install/distance_warning/include/distance_warning/distance_warning/srv/detail/set_threshold__functions.h
[10.022s] -- Up-to-date: /home/loc/.distrobox/ros2-home/ros2_ws/install/distance_warning/include/distance_warning/distance_warning/srv/detail/set_threshold__struct.h
[10.022s] -- Up-to-date: /home/loc/.distrobox/ros2-home/ros2_ws/install/distance_warning/include/distance_warning/distance_warning/srv/detail/set_threshold__type_support.h
[10.022s] -- Up-to-date: /home/loc/.distrobox/ros2-home/ros2_ws/install/distance_warning/include/distance_warning/distance_warning/action
[10.022s] -- Up-to-date: /home/loc/.distrobox/ros2-home/ros2_ws/install/distance_warning/include/distance_warning/distance_warning/action/check_distance.h
[10.023s] -- Up-to-date: /home/loc/.distrobox/ros2-home/ros2_ws/install/distance_warning/include/distance_warning/distance_warning/action/detail
[10.023s] -- Up-to-date: /home/loc/.distrobox/ros2-home/ros2_ws/install/distance_warning/include/distance_warning/distance_warning/action/detail/check_distance__functions.c
[10.023s] -- Up-to-date: /home/loc/.distrobox/ros2-home/ros2_ws/install/distance_warning/include/distance_warning/distance_warning/action/detail/check_distance__functions.h
[10.023s] -- Up-to-date: /home/loc/.distrobox/ros2-home/ros2_ws/install/distance_warning/include/distance_warning/distance_warning/action/detail/check_distance__struct.h
[10.023s] -- Up-to-date: /home/loc/.distrobox/ros2-home/ros2_ws/install/distance_warning/include/distance_warning/distance_warning/action/detail/check_distance__type_support.h
[10.023s] -- Up-to-date: /home/loc/.distrobox/ros2-home/ros2_ws/install/distance_warning/share/distance_warning/environment/library_path.sh
[10.023s] -- Installing: /home/loc/.distrobox/ros2-home/ros2_ws/install/distance_warning/share/distance_warning/environment/library_path.dsv
[10.023s] -- Up-to-date: /home/loc/.distrobox/ros2-home/ros2_ws/install/distance_warning/lib/libdistance_warning__rosidl_generator_c.so
[10.023s] -- Up-to-date: /home/loc/.distrobox/ros2-home/ros2_ws/install/distance_warning/include/distance_warning/distance_warning
[10.023s] -- Up-to-date: /home/loc/.distrobox/ros2-home/ros2_ws/install/distance_warning/include/distance_warning/distance_warning/msg
[10.023s] -- Up-to-date: /home/loc/.distrobox/ros2-home/ros2_ws/install/distance_warning/include/distance_warning/distance_warning/msg/rosidl_typesupport_fastrtps_c__visibility_control.h
[10.023s] -- Up-to-date: /home/loc/.distrobox/ros2-home/ros2_ws/install/distance_warning/include/distance_warning/distance_warning/srv
[10.023s] -- Up-to-date: /home/loc/.distrobox/ros2-home/ros2_ws/install/distance_warning/include/distance_warning/distance_warning/srv/detail
[10.023s] -- Up-to-date: /home/loc/.distrobox/ros2-home/ros2_ws/install/distance_warning/include/distance_warning/distance_warning/srv/detail/set_threshold__rosidl_typesupport_fastrtps_c.h
[10.023s] -- Up-to-date: /home/loc/.distrobox/ros2-home/ros2_ws/install/distance_warning/include/distance_warning/distance_warning/action
[10.024s] -- Up-to-date: /home/loc/.distrobox/ros2-home/ros2_ws/install/distance_warning/include/distance_warning/distance_warning/action/detail
[10.024s] -- Up-to-date: /home/loc/.distrobox/ros2-home/ros2_ws/install/distance_warning/include/distance_warning/distance_warning/action/detail/check_distance__rosidl_typesupport_fastrtps_c.h
[10.024s] -- Up-to-date: /home/loc/.distrobox/ros2-home/ros2_ws/install/distance_warning/lib/libdistance_warning__rosidl_typesupport_fastrtps_c.so
[10.024s] -- Up-to-date: /home/loc/.distrobox/ros2-home/ros2_ws/install/distance_warning/include/distance_warning/distance_warning
[10.024s] -- Up-to-date: /home/loc/.distrobox/ros2-home/ros2_ws/install/distance_warning/include/distance_warning/distance_warning/msg
[10.024s] -- Up-to-date: /home/loc/.distrobox/ros2-home/ros2_ws/install/distance_warning/include/distance_warning/distance_warning/msg/rosidl_generator_cpp__visibility_control.hpp
[10.024s] -- Up-to-date: /home/loc/.distrobox/ros2-home/ros2_ws/install/distance_warning/include/distance_warning/distance_warning/srv
[10.024s] -- Up-to-date: /home/loc/.distrobox/ros2-home/ros2_ws/install/distance_warning/include/distance_warning/distance_warning/srv/set_threshold.hpp
[10.024s] -- Up-to-date: /home/loc/.distrobox/ros2-home/ros2_ws/install/distance_warning/include/distance_warning/distance_warning/srv/detail
[10.024s] -- Up-to-date: /home/loc/.distrobox/ros2-home/ros2_ws/install/distance_warning/include/distance_warning/distance_warning/srv/detail/set_threshold__builder.hpp
[10.025s] -- Up-to-date: /home/loc/.distrobox/ros2-home/ros2_ws/install/distance_warning/include/distance_warning/distance_warning/srv/detail/set_threshold__struct.hpp
[10.025s] -- Up-to-date: /home/loc/.distrobox/ros2-home/ros2_ws/install/distance_warning/include/distance_warning/distance_warning/srv/detail/set_threshold__traits.hpp
[10.025s] -- Up-to-date: /home/loc/.distrobox/ros2-home/ros2_ws/install/distance_warning/include/distance_warning/distance_warning/srv/detail/set_threshold__type_support.hpp
[10.025s] -- Up-to-date: /home/loc/.distrobox/ros2-home/ros2_ws/install/distance_warning/include/distance_warning/distance_warning/action
[10.026s] -- Up-to-date: /home/loc/.distrobox/ros2-home/ros2_ws/install/distance_warning/include/distance_warning/distance_warning/action/check_distance.hpp
[10.026s] -- Up-to-date: /home/loc/.distrobox/ros2-home/ros2_ws/install/distance_warning/include/distance_warning/distance_warning/action/detail
[10.026s] -- Up-to-date: /home/loc/.distrobox/ros2-home/ros2_ws/install/distance_warning/include/distance_warning/distance_warning/action/detail/check_distance__builder.hpp
[10.026s] -- Up-to-date: /home/loc/.distrobox/ros2-home/ros2_ws/install/distance_warning/include/distance_warning/distance_warning/action/detail/check_distance__struct.hpp
[10.026s] -- Up-to-date: /home/loc/.distrobox/ros2-home/ros2_ws/install/distance_warning/include/distance_warning/distance_warning/action/detail/check_distance__traits.hpp
[10.027s] -- Up-to-date: /home/loc/.distrobox/ros2-home/ros2_ws/install/distance_warning/include/distance_warning/distance_warning/action/detail/check_distance__type_support.hpp
[10.027s] -- Up-to-date: /home/loc/.distrobox/ros2-home/ros2_ws/install/distance_warning/include/distance_warning/distance_warning
[10.027s] -- Up-to-date: /home/loc/.distrobox/ros2-home/ros2_ws/install/distance_warning/include/distance_warning/distance_warning/msg
[10.027s] -- Up-to-date: /home/loc/.distrobox/ros2-home/ros2_ws/install/distance_warning/include/distance_warning/distance_warning/msg/rosidl_typesupport_fastrtps_cpp__visibility_control.h
[10.027s] -- Up-to-date: /home/loc/.distrobox/ros2-home/ros2_ws/install/distance_warning/include/distance_warning/distance_warning/srv
[10.027s] -- Up-to-date: /home/loc/.distrobox/ros2-home/ros2_ws/install/distance_warning/include/distance_warning/distance_warning/srv/detail
[10.027s] -- Up-to-date: /home/loc/.distrobox/ros2-home/ros2_ws/install/distance_warning/include/distance_warning/distance_warning/srv/detail/set_threshold__rosidl_typesupport_fastrtps_cpp.hpp
[10.027s] -- Up-to-date: /home/loc/.distrobox/ros2-home/ros2_ws/install/distance_warning/include/distance_warning/distance_warning/srv/detail/dds_fastrtps
[10.027s] -- Up-to-date: /home/loc/.distrobox/ros2-home/ros2_ws/install/distance_warning/include/distance_warning/distance_warning/action
[10.027s] -- Up-to-date: /home/loc/.distrobox/ros2-home/ros2_ws/install/distance_warning/include/distance_warning/distance_warning/action/detail
[10.028s] -- Up-to-date: /home/loc/.distrobox/ros2-home/ros2_ws/install/distance_warning/include/distance_warning/distance_warning/action/detail/check_distance__rosidl_typesupport_fastrtps_cpp.hpp
[10.028s] -- Up-to-date: /home/loc/.distrobox/ros2-home/ros2_ws/install/distance_warning/include/distance_warning/distance_warning/action/detail/dds_fastrtps
[10.028s] -- Up-to-date: /home/loc/.distrobox/ros2-home/ros2_ws/install/distance_warning/lib/libdistance_warning__rosidl_typesupport_fastrtps_cpp.so
[10.028s] -- Up-to-date: /home/loc/.distrobox/ros2-home/ros2_ws/install/distance_warning/include/distance_warning/distance_warning
[10.028s] -- Up-to-date: /home/loc/.distrobox/ros2-home/ros2_ws/install/distance_warning/include/distance_warning/distance_warning/msg
[10.028s] -- Up-to-date: /home/loc/.distrobox/ros2-home/ros2_ws/install/distance_warning/include/distance_warning/distance_warning/msg/rosidl_typesupport_introspection_c__visibility_control.h
[10.028s] -- Up-to-date: /home/loc/.distrobox/ros2-home/ros2_ws/install/distance_warning/include/distance_warning/distance_warning/srv
[10.028s] -- Up-to-date: /home/loc/.distrobox/ros2-home/ros2_ws/install/distance_warning/include/distance_warning/distance_warning/srv/detail
[10.028s] -- Up-to-date: /home/loc/.distrobox/ros2-home/ros2_ws/install/distance_warning/include/distance_warning/distance_warning/srv/detail/set_threshold__rosidl_typesupport_introspection_c.h
[10.028s] -- Up-to-date: /home/loc/.distrobox/ros2-home/ros2_ws/install/distance_warning/include/distance_warning/distance_warning/srv/detail/set_threshold__type_support.c
[10.028s] -- Up-to-date: /home/loc/.distrobox/ros2-home/ros2_ws/install/distance_warning/include/distance_warning/distance_warning/action
[10.028s] -- Up-to-date: /home/loc/.distrobox/ros2-home/ros2_ws/install/distance_warning/include/distance_warning/distance_warning/action/detail
[10.028s] -- Up-to-date: /home/loc/.distrobox/ros2-home/ros2_ws/install/distance_warning/include/distance_warning/distance_warning/action/detail/check_distance__rosidl_typesupport_introspection_c.h
[10.028s] -- Up-to-date: /home/loc/.distrobox/ros2-home/ros2_ws/install/distance_warning/include/distance_warning/distance_warning/action/detail/check_distance__type_support.c
[10.028s] -- Up-to-date: /home/loc/.distrobox/ros2-home/ros2_ws/install/distance_warning/lib/libdistance_warning__rosidl_typesupport_introspection_c.so
[10.028s] -- Up-to-date: /home/loc/.distrobox/ros2-home/ros2_ws/install/distance_warning/lib/libdistance_warning__rosidl_typesupport_c.so
[10.028s] -- Up-to-date: /home/loc/.distrobox/ros2-home/ros2_ws/install/distance_warning/include/distance_warning/distance_warning
[10.028s] -- Up-to-date: /home/loc/.distrobox/ros2-home/ros2_ws/install/distance_warning/include/distance_warning/distance_warning/srv
[10.028s] -- Up-to-date: /home/loc/.distrobox/ros2-home/ros2_ws/install/distance_warning/include/distance_warning/distance_warning/srv/detail
[10.029s] -- Up-to-date: /home/loc/.distrobox/ros2-home/ros2_ws/install/distance_warning/include/distance_warning/distance_warning/srv/detail/set_threshold__rosidl_typesupport_introspection_cpp.hpp
[10.029s] -- Up-to-date: /home/loc/.distrobox/ros2-home/ros2_ws/install/distance_warning/include/distance_warning/distance_warning/srv/detail/set_threshold__type_support.cpp
[10.029s] -- Up-to-date: /home/loc/.distrobox/ros2-home/ros2_ws/install/distance_warning/include/distance_warning/distance_warning/action
[10.029s] -- Up-to-date: /home/loc/.distrobox/ros2-home/ros2_ws/install/distance_warning/include/distance_warning/distance_warning/action/detail
[10.029s] -- Up-to-date: /home/loc/.distrobox/ros2-home/ros2_ws/install/distance_warning/include/distance_warning/distance_warning/action/detail/check_distance__rosidl_typesupport_introspection_cpp.hpp
[10.029s] -- Up-to-date: /home/loc/.distrobox/ros2-home/ros2_ws/install/distance_warning/include/distance_warning/distance_warning/action/detail/check_distance__type_support.cpp
[10.029s] -- Up-to-date: /home/loc/.distrobox/ros2-home/ros2_ws/install/distance_warning/lib/libdistance_warning__rosidl_typesupport_introspection_cpp.so
[10.029s] -- Up-to-date: /home/loc/.distrobox/ros2-home/ros2_ws/install/distance_warning/lib/libdistance_warning__rosidl_typesupport_cpp.so
[10.029s] -- Up-to-date: /home/loc/.distrobox/ros2-home/ros2_ws/install/distance_warning/share/distance_warning/environment/pythonpath.sh
[10.029s] -- Installing: /home/loc/.distrobox/ros2-home/ros2_ws/install/distance_warning/share/distance_warning/environment/pythonpath.dsv
[10.029s] -- Up-to-date: /home/loc/.distrobox/ros2-home/ros2_ws/install/distance_warning/local/lib/python3.10/dist-packages/distance_warning-0.0.0-py3.10.egg-info
[10.029s] -- Installing: /home/loc/.distrobox/ros2-home/ros2_ws/install/distance_warning/local/lib/python3.10/dist-packages/distance_warning-0.0.0-py3.10.egg-info/PKG-INFO
[10.029s] -- Installing: /home/loc/.distrobox/ros2-home/ros2_ws/install/distance_warning/local/lib/python3.10/dist-packages/distance_warning-0.0.0-py3.10.egg-info/dependency_links.txt
[10.029s] -- Installing: /home/loc/.distrobox/ros2-home/ros2_ws/install/distance_warning/local/lib/python3.10/dist-packages/distance_warning-0.0.0-py3.10.egg-info/top_level.txt
[10.029s] -- Installing: /home/loc/.distrobox/ros2-home/ros2_ws/install/distance_warning/local/lib/python3.10/dist-packages/distance_warning-0.0.0-py3.10.egg-info/SOURCES.txt
[10.029s] -- Up-to-date: /home/loc/.distrobox/ros2-home/ros2_ws/install/distance_warning/local/lib/python3.10/dist-packages/distance_warning
[10.029s] -- Installing: /home/loc/.distrobox/ros2-home/ros2_ws/install/distance_warning/local/lib/python3.10/dist-packages/distance_warning/__init__.py
[10.029s] -- Up-to-date: /home/loc/.distrobox/ros2-home/ros2_ws/install/distance_warning/local/lib/python3.10/dist-packages/distance_warning/srv
[10.029s] -- Up-to-date: /home/loc/.distrobox/ros2-home/ros2_ws/install/distance_warning/local/lib/python3.10/dist-packages/distance_warning/srv/_set_threshold.py
[10.029s] -- Up-to-date: /home/loc/.distrobox/ros2-home/ros2_ws/install/distance_warning/local/lib/python3.10/dist-packages/distance_warning/srv/_set_threshold_s.c
[10.030s] -- Up-to-date: /home/loc/.distrobox/ros2-home/ros2_ws/install/distance_warning/local/lib/python3.10/dist-packages/distance_warning/srv/__init__.py
[10.030s] -- Up-to-date: /home/loc/.distrobox/ros2-home/ros2_ws/install/distance_warning/local/lib/python3.10/dist-packages/distance_warning/action
[10.030s] -- Up-to-date: /home/loc/.distrobox/ros2-home/ros2_ws/install/distance_warning/local/lib/python3.10/dist-packages/distance_warning/action/_check_distance.py
[10.030s] -- Up-to-date: /home/loc/.distrobox/ros2-home/ros2_ws/install/distance_warning/local/lib/python3.10/dist-packages/distance_warning/action/_check_distance_s.c
[10.030s] -- Up-to-date: /home/loc/.distrobox/ros2-home/ros2_ws/install/distance_warning/local/lib/python3.10/dist-packages/distance_warning/action/__init__.py
[10.030s] -- Up-to-date: /home/loc/.distrobox/ros2-home/ros2_ws/install/distance_warning/local/lib/python3.10/dist-packages/distance_warning/_distance_warning_s.ep.rosidl_typesupport_fastrtps_c.c
[10.030s] -- Up-to-date: /home/loc/.distrobox/ros2-home/ros2_ws/install/distance_warning/local/lib/python3.10/dist-packages/distance_warning/_distance_warning_s.ep.rosidl_typesupport_introspection_c.c
[10.030s] -- Up-to-date: /home/loc/.distrobox/ros2-home/ros2_ws/install/distance_warning/local/lib/python3.10/dist-packages/distance_warning/_distance_warning_s.ep.rosidl_typesupport_c.c
[10.030s] -- Up-to-date: /home/loc/.distrobox/ros2-home/ros2_ws/install/distance_warning/local/lib/python3.10/dist-packages/distance_warning/libdistance_warning__rosidl_generator_py.so
[10.030s] -- Up-to-date: /home/loc/.distrobox/ros2-home/ros2_ws/install/distance_warning/local/lib/python3.10/dist-packages/distance_warning/distance_warning_s__rosidl_typesupport_introspection_c.cpython-310-x86_64-linux-gnu.so
[10.030s] -- Up-to-date: /home/loc/.distrobox/ros2-home/ros2_ws/install/distance_warning/local/lib/python3.10/dist-packages/distance_warning/distance_warning_s__rosidl_typesupport_fastrtps_c.cpython-310-x86_64-linux-gnu.so
[10.030s] -- Up-to-date: /home/loc/.distrobox/ros2-home/ros2_ws/install/distance_warning/local/lib/python3.10/dist-packages/distance_warning/distance_warning_s__rosidl_typesupport_c.cpython-310-x86_64-linux-gnu.so
[10.063s] Listing '/home/loc/.distrobox/ros2-home/ros2_ws/install/distance_warning/local/lib/python3.10/dist-packages/distance_warning'...
[10.063s] Compiling '/home/loc/.distrobox/ros2-home/ros2_ws/install/distance_warning/local/lib/python3.10/dist-packages/distance_warning/__init__.py'...
[10.063s] Listing '/home/loc/.distrobox/ros2-home/ros2_ws/install/distance_warning/local/lib/python3.10/dist-packages/distance_warning/action'...
[10.063s] Listing '/home/loc/.distrobox/ros2-home/ros2_ws/install/distance_warning/local/lib/python3.10/dist-packages/distance_warning/srv'...
[10.068s] -- Up-to-date: /home/loc/.distrobox/ros2-home/ros2_ws/install/distance_warning/local/lib/python3.10/dist-packages/distance_warning/distance_warning_s__rosidl_typesupport_fastrtps_c.cpython-310-x86_64-linux-gnu.so
[10.069s] -- Up-to-date: /home/loc/.distrobox/ros2-home/ros2_ws/install/distance_warning/local/lib/python3.10/dist-packages/distance_warning/distance_warning_s__rosidl_typesupport_introspection_c.cpython-310-x86_64-linux-gnu.so
[10.069s] -- Up-to-date: /home/loc/.distrobox/ros2-home/ros2_ws/install/distance_warning/local/lib/python3.10/dist-packages/distance_warning/distance_warning_s__rosidl_typesupport_c.cpython-310-x86_64-linux-gnu.so
[10.069s] -- Up-to-date: /home/loc/.distrobox/ros2-home/ros2_ws/install/distance_warning/lib/libdistance_warning__rosidl_generator_py.so
[10.070s] -- Up-to-date: /home/loc/.distrobox/ros2-home/ros2_ws/install/distance_warning/share/ament_index/resource_index/rust_packages/distance_warning
[10.070s] -- Up-to-date: /home/loc/.distrobox/ros2-home/ros2_ws/install/distance_warning/share/distance_warning/rust
[10.070s] -- Up-to-date: /home/loc/.distrobox/ros2-home/ros2_ws/install/distance_warning/share/distance_warning/rust/src
[10.070s] -- Up-to-date: /home/loc/.distrobox/ros2-home/ros2_ws/install/distance_warning/share/distance_warning/rust/src/srv.rs
[10.070s] -- Up-to-date: /home/loc/.distrobox/ros2-home/ros2_ws/install/distance_warning/share/distance_warning/rust/src/srv
[10.070s] -- Up-to-date: /home/loc/.distrobox/ros2-home/ros2_ws/install/distance_warning/share/distance_warning/rust/src/srv/rmw.rs
[10.070s] -- Up-to-date: /home/loc/.distrobox/ros2-home/ros2_ws/install/distance_warning/share/distance_warning/rust/src/action.rs
[10.070s] -- Up-to-date: /home/loc/.distrobox/ros2-home/ros2_ws/install/distance_warning/share/distance_warning/rust/src/action
[10.070s] -- Up-to-date: /home/loc/.distrobox/ros2-home/ros2_ws/install/distance_warning/share/distance_warning/rust/src/action/rmw.rs
[10.070s] -- Up-to-date: /home/loc/.distrobox/ros2-home/ros2_ws/install/distance_warning/share/distance_warning/rust/src/lib.rs
[10.070s] -- Up-to-date: /home/loc/.distrobox/ros2-home/ros2_ws/install/distance_warning/share/distance_warning/rust/Cargo.toml
[10.070s] -- Up-to-date: /home/loc/.distrobox/ros2-home/ros2_ws/install/distance_warning/share/distance_warning/rust/build.rs
[10.070s] -- Up-to-date: /home/loc/.distrobox/ros2-home/ros2_ws/install/distance_warning/share/distance_warning/srv/SetThreshold.idl
[10.070s] -- Up-to-date: /home/loc/.distrobox/ros2-home/ros2_ws/install/distance_warning/share/distance_warning/action/CheckDistance.idl
[10.070s] -- Up-to-date: /home/loc/.distrobox/ros2-home/ros2_ws/install/distance_warning/share/distance_warning/srv/SetThreshold.srv
[10.071s] -- Up-to-date: /home/loc/.distrobox/ros2-home/ros2_ws/install/distance_warning/share/distance_warning/srv/SetThreshold_Request.msg
[10.071s] -- Up-to-date: /home/loc/.distrobox/ros2-home/ros2_ws/install/distance_warning/share/distance_warning/srv/SetThreshold_Response.msg
[10.071s] -- Up-to-date: /home/loc/.distrobox/ros2-home/ros2_ws/install/distance_warning/share/distance_warning/action/CheckDistance.action
[10.071s] -- Up-to-date: /home/loc/.distrobox/ros2-home/ros2_ws/install/distance_warning/share/ament_index/resource_index/package_run_dependencies/distance_warning
[10.071s] -- Up-to-date: /home/loc/.distrobox/ros2-home/ros2_ws/install/distance_warning/share/ament_index/resource_index/parent_prefix_path/distance_warning
[10.071s] -- Up-to-date: /home/loc/.distrobox/ros2-home/ros2_ws/install/distance_warning/share/distance_warning/environment/ament_prefix_path.sh
[10.071s] -- Installing: /home/loc/.distrobox/ros2-home/ros2_ws/install/distance_warning/share/distance_warning/environment/ament_prefix_path.dsv
[10.071s] -- Up-to-date: /home/loc/.distrobox/ros2-home/ros2_ws/install/distance_warning/share/distance_warning/environment/path.sh
[10.071s] -- Installing: /home/loc/.distrobox/ros2-home/ros2_ws/install/distance_warning/share/distance_warning/environment/path.dsv
[10.071s] -- Up-to-date: /home/loc/.distrobox/ros2-home/ros2_ws/install/distance_warning/share/distance_warning/local_setup.bash
[10.071s] -- Up-to-date: /home/loc/.distrobox/ros2-home/ros2_ws/install/distance_warning/share/distance_warning/local_setup.sh
[10.071s] -- Up-to-date: /home/loc/.distrobox/ros2-home/ros2_ws/install/distance_warning/share/distance_warning/local_setup.zsh
[10.071s] -- Installing: /home/loc/.distrobox/ros2-home/ros2_ws/install/distance_warning/share/distance_warning/local_setup.dsv
[10.071s] -- Installing: /home/loc/.distrobox/ros2-home/ros2_ws/install/distance_warning/share/distance_warning/package.dsv
[10.071s] -- Up-to-date: /home/loc/.distrobox/ros2-home/ros2_ws/install/distance_warning/share/ament_index/resource_index/packages/distance_warning
[10.071s] -- Up-to-date: /home/loc/.distrobox/ros2-home/ros2_ws/install/distance_warning/share/distance_warning/cmake/export_distance_warning__rosidl_generator_cExport.cmake
[10.072s] -- Up-to-date: /home/loc/.distrobox/ros2-home/ros2_ws/install/distance_warning/share/distance_warning/cmake/export_distance_warning__rosidl_generator_cExport-noconfig.cmake
[10.072s] -- Up-to-date: /home/loc/.distrobox/ros2-home/ros2_ws/install/distance_warning/share/distance_warning/cmake/export_distance_warning__rosidl_typesupport_fastrtps_cExport.cmake
[10.072s] -- Up-to-date: /home/loc/.distrobox/ros2-home/ros2_ws/install/distance_warning/share/distance_warning/cmake/export_distance_warning__rosidl_typesupport_fastrtps_cExport-noconfig.cmake
[10.072s] -- Up-to-date: /home/loc/.distrobox/ros2-home/ros2_ws/install/distance_warning/share/distance_warning/cmake/export_distance_warning__rosidl_generator_cppExport.cmake
[10.072s] -- Up-to-date: /home/loc/.distrobox/ros2-home/ros2_ws/install/distance_warning/share/distance_warning/cmake/export_distance_warning__rosidl_typesupport_fastrtps_cppExport.cmake
[10.072s] -- Up-to-date: /home/loc/.distrobox/ros2-home/ros2_ws/install/distance_warning/share/distance_warning/cmake/export_distance_warning__rosidl_typesupport_fastrtps_cppExport-noconfig.cmake
[10.072s] -- Up-to-date: /home/loc/.distrobox/ros2-home/ros2_ws/install/distance_warning/share/distance_warning/cmake/distance_warning__rosidl_typesupport_introspection_cExport.cmake
[10.072s] -- Up-to-date: /home/loc/.distrobox/ros2-home/ros2_ws/install/distance_warning/share/distance_warning/cmake/distance_warning__rosidl_typesupport_introspection_cExport-noconfig.cmake
[10.072s] -- Up-to-date: /home/loc/.distrobox/ros2-home/ros2_ws/install/distance_warning/share/distance_warning/cmake/distance_warning__rosidl_typesupport_cExport.cmake
[10.072s] -- Up-to-date: /home/loc/.distrobox/ros2-home/ros2_ws/install/distance_warning/share/distance_warning/cmake/distance_warning__rosidl_typesupport_cExport-noconfig.cmake
[10.072s] -- Up-to-date: /home/loc/.distrobox/ros2-home/ros2_ws/install/distance_warning/share/distance_warning/cmake/distance_warning__rosidl_typesupport_introspection_cppExport.cmake
[10.072s] -- Up-to-date: /home/loc/.distrobox/ros2-home/ros2_ws/install/distance_warning/share/distance_warning/cmake/distance_warning__rosidl_typesupport_introspection_cppExport-noconfig.cmake
[10.072s] -- Up-to-date: /home/loc/.distrobox/ros2-home/ros2_ws/install/distance_warning/share/distance_warning/cmake/distance_warning__rosidl_typesupport_cppExport.cmake
[10.072s] -- Up-to-date: /home/loc/.distrobox/ros2-home/ros2_ws/install/distance_warning/share/distance_warning/cmake/distance_warning__rosidl_typesupport_cppExport-noconfig.cmake
[10.073s] -- Up-to-date: /home/loc/.distrobox/ros2-home/ros2_ws/install/distance_warning/share/distance_warning/cmake/export_distance_warning__rosidl_generator_pyExport.cmake
[10.073s] -- Up-to-date: /home/loc/.distrobox/ros2-home/ros2_ws/install/distance_warning/share/distance_warning/cmake/export_distance_warning__rosidl_generator_pyExport-noconfig.cmake
[10.073s] -- Up-to-date: /home/loc/.distrobox/ros2-home/ros2_ws/install/distance_warning/share/distance_warning/cmake/rosidl_cmake-extras.cmake
[10.073s] -- Up-to-date: /home/loc/.distrobox/ros2-home/ros2_ws/install/distance_warning/share/distance_warning/cmake/ament_cmake_export_dependencies-extras.cmake
[10.073s] -- Up-to-date: /home/loc/.distrobox/ros2-home/ros2_ws/install/distance_warning/share/distance_warning/cmake/ament_cmake_export_include_directories-extras.cmake
[10.073s] -- Up-to-date: /home/loc/.distrobox/ros2-home/ros2_ws/install/distance_warning/share/distance_warning/cmake/ament_cmake_export_libraries-extras.cmake
[10.073s] -- Up-to-date: /home/loc/.distrobox/ros2-home/ros2_ws/install/distance_warning/share/distance_warning/cmake/ament_cmake_export_targets-extras.cmake
[10.073s] -- Up-to-date: /home/loc/.distrobox/ros2-home/ros2_ws/install/distance_warning/share/distance_warning/cmake/rosidl_cmake_export_typesupport_targets-extras.cmake
[10.073s] -- Up-to-date: /home/loc/.distrobox/ros2-home/ros2_ws/install/distance_warning/share/distance_warning/cmake/rosidl_cmake_export_typesupport_libraries-extras.cmake
[10.073s] -- Up-to-date: /home/loc/.distrobox/ros2-home/ros2_ws/install/distance_warning/share/distance_warning/cmake/distance_warningConfig.cmake
[10.073s] -- Up-to-date: /home/loc/.distrobox/ros2-home/ros2_ws/install/distance_warning/share/distance_warning/cmake/distance_warningConfig-version.cmake
[10.073s] -- Up-to-date: /home/loc/.distrobox/ros2-home/ros2_ws/install/distance_warning/share/distance_warning/package.xml
[10.073s] -- Installing: /home/loc/.distrobox/ros2-home/ros2_ws/install/distance_warning/lib/distance_warning/distance_listener
[10.085s] -- Set runtime path of "/home/loc/.distrobox/ros2-home/ros2_ws/install/distance_warning/lib/distance_warning/distance_listener" to ""
[10.085s] -- Installing: /home/loc/.distrobox/ros2-home/ros2_ws/install/distance_warning/lib/distance_warning/distance_publisher
[10.089s] -- Set runtime path of "/home/loc/.distrobox/ros2-home/ros2_ws/install/distance_warning/lib/distance_warning/distance_publisher" to ""
[10.094s] Invoked command in '/home/loc/.distrobox/ros2-home/ros2_ws/build/distance_warning' returned '0': CMAKE_PREFIX_PATH=${CMAKE_PREFIX_PATH}:/opt/ros/humble DEBUGINFOD_URLS=ima:enforcing https://debuginfod.fedoraproject.org/ ima:ignore PS1=\[\e]0;\u@\h: \w\a\]${debian_chroot:+($debian_chroot)}\[\033[01;32m\]\u@\h\[\033[00m\]:\[\033[01;34m\]\w\[\033[00m\]\$ /usr/bin/cmake --install /home/loc/.distrobox/ros2-home/ros2_ws/build/distance_warning
