[0.016s] Invoking command in '/home/loc/.distrobox/ros2-home/BTVN02/build/distance_warning': CMAKE_PREFIX_PATH=/opt/ros/humble PS1=\[\e]0;\u@\h: \w\a\]${debian_chroot:+($debian_chroot)}\[\033[01;32m\]\u@\h\[\033[00m\]:\[\033[01;34m\]\w\[\033[00m\]\$ /usr/bin/cmake /home/loc/.distrobox/ros2-home/BTVN02/src/distance_warning -DCMAKE_INSTALL_PREFIX=/home/loc/.distrobox/ros2-home/BTVN02/install/distance_warning
[0.036s] -- Found ament_cmake: 1.3.14 (/opt/ros/humble/share/ament_cmake/cmake)
[0.211s] -- Override CMake install command with custom implementation using symlinks instead of copying resources
[0.229s] -- Found rclcpp: 16.0.19 (/opt/ros/humble/share/rclcpp/cmake)
[0.272s] -- Found rosidl_generator_c: 3.1.8 (/opt/ros/humble/share/rosidl_generator_c/cmake)
[0.276s] -- Found rosidl_adapter: 3.1.8 (/opt/ros/humble/share/rosidl_adapter/cmake)
[0.285s] -- Found rosidl_generator_cpp: 3.1.8 (/opt/ros/humble/share/rosidl_generator_cpp/cmake)
[0.299s] -- Using all available rosidl_typesupport_c: rosidl_typesupport_fastrtps_c;rosidl_typesupport_introspection_c
[0.317s] -- Using all available rosidl_typesupport_cpp: rosidl_typesupport_fastrtps_cpp;rosidl_typesupport_introspection_cpp
[0.355s] -- Found rmw_implementation_cmake: 6.1.2 (/opt/ros/humble/share/rmw_implementation_cmake/cmake)
[0.357s] -- Found rmw_fastrtps_cpp: 6.2.10 (/opt/ros/humble/share/rmw_fastrtps_cpp/cmake)
[0.522s] -- Using RMW implementation 'rmw_fastrtps_cpp' as default
[0.607s] -- Found rclcpp_action: 16.0.19 (/opt/ros/humble/share/rclcpp_action/cmake)
[0.648s] -- Found rosidl_default_generators: 1.2.1 (/opt/ros/humble/share/rosidl_default_generators/cmake)
[0.659s] -- Found tf2: 0.25.20 (/opt/ros/humble/share/tf2/cmake)
[0.678s] -- Found tf2_ros: 0.25.20 (/opt/ros/humble/share/tf2_ros/cmake)
[0.732s] -- Found tf2_geometry_msgs: 0.25.20 (/opt/ros/humble/share/tf2_geometry_msgs/cmake)
[0.736s] -- Found eigen3_cmake_module: 0.1.1 (/opt/ros/humble/share/eigen3_cmake_module/cmake)
[0.737s] -- Ensuring Eigen3 include directory is part of orocos-kdl CMake target
[1.063s] -- Found ament_cmake_ros: 0.10.0 (/opt/ros/humble/share/ament_cmake_ros/cmake)
[1.481s] -- Using all available rosidl_typesupport_c: rosidl_typesupport_fastrtps_c;rosidl_typesupport_introspection_c
[1.648s] -- Using all available rosidl_typesupport_cpp: rosidl_typesupport_fastrtps_cpp;rosidl_typesupport_introspection_cpp
[1.682s] -- Found python_cmake_module: 0.10.0 (/opt/ros/humble/share/python_cmake_module/cmake)
[1.711s] -- Using PYTHON_EXECUTABLE: /usr/bin/python3
[1.712s] -- Using PYTHON_INCLUDE_DIRS: /usr/include/python3.10
[1.712s] -- Using PYTHON_LIBRARIES: /usr/lib/x86_64-linux-gnu/libpython3.10.so
[1.817s] -- Found ament_lint_auto: 0.12.15 (/opt/ros/humble/share/ament_lint_auto/cmake)
[1.831s] -- Added test 'cppcheck' to perform static code analysis on C / C++ code
[1.832s] -- Configured cppcheck include dirs: 
[1.833s] -- Configured cppcheck exclude dirs and/or files: 
[1.833s] -- Added test 'flake8' to check Python code syntax and style conventions
[1.833s] -- Added test 'lint_cmake' to check CMake code style
[1.834s] -- Added test 'pep257' to check Python code against some of the docstring style conventions in PEP 257
[1.835s] -- Added test 'uncrustify' to check C / C++ code style
[1.835s] -- Configured uncrustify additional arguments: 
[1.836s] -- Added test 'xmllint' to check XML markup files
[1.842s] [0mCMake Deprecation Warning at /opt/ros/humble/share/rosidl_cmake/cmake/rosidl_target_interfaces.cmake:32 (message):
[1.842s]   Use rosidl_get_typesupport_target() and target_link_libraries() instead of
[1.842s]   rosidl_target_interfaces()
[1.842s] Call Stack (most recent call first):
[1.843s]   CMakeLists.txt:53 (rosidl_target_interfaces)
[1.843s] 
[1.843s] [0m
[1.843s] [0mCMake Deprecation Warning at /opt/ros/humble/share/rosidl_cmake/cmake/rosidl_target_interfaces.cmake:32 (message):
[1.843s]   Use rosidl_get_typesupport_target() and target_link_libraries() instead of
[1.843s]   rosidl_target_interfaces()
[1.843s] Call Stack (most recent call first):
[1.844s]   CMakeLists.txt:59 (rosidl_target_interfaces)
[1.844s] 
[1.844s] [0m
[1.844s] [0mCMake Deprecation Warning at /opt/ros/humble/share/rosidl_cmake/cmake/rosidl_target_interfaces.cmake:32 (message):
[1.844s]   Use rosidl_get_typesupport_target() and target_link_libraries() instead of
[1.844s]   rosidl_target_interfaces()
[1.844s] Call Stack (most recent call first):
[1.844s]   CMakeLists.txt:65 (rosidl_target_interfaces)
[1.844s] 
[1.845s] [0m
[1.846s] -- Configuring done
[1.927s] -- Generating done
[1.959s] -- Build files have been written to: /home/loc/.distrobox/ros2-home/BTVN02/build/distance_warning
[1.973s] Invoked command in '/home/loc/.distrobox/ros2-home/BTVN02/build/distance_warning' returned '0': CMAKE_PREFIX_PATH=/opt/ros/humble PS1=\[\e]0;\u@\h: \w\a\]${debian_chroot:+($debian_chroot)}\[\033[01;32m\]\u@\h\[\033[00m\]:\[\033[01;34m\]\w\[\033[00m\]\$ /usr/bin/cmake /home/loc/.distrobox/ros2-home/BTVN02/src/distance_warning -DCMAKE_INSTALL_PREFIX=/home/loc/.distrobox/ros2-home/BTVN02/install/distance_warning
[1.976s] Invoking command in '/home/loc/.distrobox/ros2-home/BTVN02/build/distance_warning': CMAKE_PREFIX_PATH=/opt/ros/humble PS1=\[\e]0;\u@\h: \w\a\]${debian_chroot:+($debian_chroot)}\[\033[01;32m\]\u@\h\[\033[00m\]:\[\033[01;34m\]\w\[\033[00m\]\$ /usr/bin/cmake --build /home/loc/.distrobox/ros2-home/BTVN02/build/distance_warning -- -j32 -l32
[2.042s] [35m[1mConsolidate compiler generated dependencies of target distance_listener[0m
[2.042s] [35m[1mConsolidate compiler generated dependencies of target distance_warning__rosidl_generator_c[0m
[2.043s] [35m[1mConsolidate compiler generated dependencies of target distance_publisher[0m
[2.055s] [  1%] [32mBuilding CXX object CMakeFiles/distance_tf_broadcaster.dir/src/distance_tf_broadcaster.cpp.o[0m
[2.057s] [  3%] Built target distance_warning__rs
[2.057s] [  5%] Built target distance_warning__cpp
[2.057s] failed to create symbolic link '/home/loc/.distrobox/ros2-home/BTVN02/build/distance_warning/ament_cmake_python/distance_warning/distance_warning' because existing path cannot be removed: Is a directory
[2.059s] gmake[2]: *** [CMakeFiles/ament_cmake_python_symlink_distance_warning.dir/build.make:70: CMakeFiles/ament_cmake_python_symlink_distance_warning] Error 1
[2.059s] gmake[1]: *** [CMakeFiles/Makefile2:452: CMakeFiles/ament_cmake_python_symlink_distance_warning.dir/all] Error 2
[2.059s] gmake[1]: *** Waiting for unfinished jobs....
[2.062s] [ 13%] Built target distance_warning__rosidl_generator_c
[2.074s] [35m[1mConsolidate compiler generated dependencies of target distance_warning__rosidl_typesupport_fastrtps_cpp[0m
[2.074s] [ 15%] [32m[1mLinking CXX executable distance_listener[0m
[2.081s] [ 17%] [32m[1mLinking CXX executable distance_publisher[0m
[2.099s] [ 25%] Built target distance_warning__rosidl_typesupport_fastrtps_cpp
[2.319s] [ 26%] Built target distance_publisher
[2.537s] [ 28%] Built target distance_listener
[10.347s] [ 30%] [32m[1mLinking CXX executable distance_tf_broadcaster[0m
[10.843s] [ 30%] Built target distance_tf_broadcaster
[10.844s] gmake: *** [Makefile:146: all] Error 2
[10.848s] Invoked command in '/home/loc/.distrobox/ros2-home/BTVN02/build/distance_warning' returned '2': CMAKE_PREFIX_PATH=/opt/ros/humble PS1=\[\e]0;\u@\h: \w\a\]${debian_chroot:+($debian_chroot)}\[\033[01;32m\]\u@\h\[\033[00m\]:\[\033[01;34m\]\w\[\033[00m\]\$ /usr/bin/cmake --build /home/loc/.distrobox/ros2-home/BTVN02/build/distance_warning -- -j32 -l32
