[  2%] Built target distance_warning__rs
[  4%] Built target distance_warning__cpp
[ 12%] Built target distance_warning__rosidl_generator_c
[ 14%] Built target ament_cmake_python_copy_distance_warning
[ 14%] [32mBuilding CXX object CMakeFiles/distance_listener.dir/src/distance_listener.cpp.o[0m
[ 18%] Built target distance_publisher
[ 26%] Built target distance_warning__rosidl_typesupport_introspection_cpp
[ 42%] Built target distance_warning__rosidl_typesupport_fastrtps_cpp
[ 42%] Built target distance_warning__rosidl_typesupport_cpp
[ 50%] Built target distance_warning__rosidl_typesupport_c
[ 64%] Built target distance_warning__rosidl_typesupport_introspection_c
[ 66%] Built target distance_warning__rosidl_typesupport_fastrtps_c
[ 66%] Built target distance_warning
[ 68%] Built target distance_warning__py
[ 70%] [32mBuilding CXX object CMakeFiles/set_threshold_service.dir/src/set_threshold_service.cpp.o[0m
[ 74%] Built target distance_action_server
[ 78%] Built target distance_action_client
[ 84%] Built target distance_warning__rosidl_generator_py
[ 88%] Built target distance_warning__rosidl_typesupport_c__pyext
[ 92%] Built target distance_warning__rosidl_typesupport_introspection_c__pyext
[ 96%] Built target distance_warning__rosidl_typesupport_fastrtps_c__pyext
running egg_info
writing distance_warning.egg-info/PKG-INFO
writing dependency_links to distance_warning.egg-info/dependency_links.txt
writing top-level names to distance_warning.egg-info/top_level.txt
reading manifest file 'distance_warning.egg-info/SOURCES.txt'
writing manifest file 'distance_warning.egg-info/SOURCES.txt'
[ 96%] Built target ament_cmake_python_build_distance_warning_egg
[ 98%] [32m[1mLinking CXX executable distance_listener[0m
[ 98%] Built target distance_listener
