[0.019s] Invoking command in '/home/loc/.distrobox/ros2-home/ros2_ws/build/distance_warning': CMAKE_PREFIX_PATH=${CMAKE_PREFIX_PATH}:/opt/ros/humble DEBUGINFOD_URLS=ima:enforcing https://debuginfod.fedoraproject.org/ ima:ignore PS1=\[\e]0;\u@\h: \w\a\]${debian_chroot:+($debian_chroot)}\[\033[01;32m\]\u@\h\[\033[00m\]:\[\033[01;34m\]\w\[\033[00m\]\$ /usr/bin/cmake --build /home/loc/.distrobox/ros2-home/ros2_ws/build/distance_warning -- -j32 -l32
[0.111s] [  2%] Built target distance_warning__rs
[0.113s] [  4%] Built target distance_warning__cpp
[0.114s] [ 12%] Built target distance_warning__rosidl_generator_c
[0.124s] [ 14%] Built target ament_cmake_python_copy_distance_warning
[0.125s] [ 14%] [32mBuilding CXX object CMakeFiles/distance_listener.dir/src/distance_listener.cpp.o[0m
[0.125s] [ 18%] Built target distance_publisher
[0.156s] [ 26%] Built target distance_warning__rosidl_typesupport_introspection_cpp
[0.156s] [ 42%] Built target distance_warning__rosidl_typesupport_fastrtps_cpp
[0.157s] [ 42%] Built target distance_warning__rosidl_typesupport_cpp
[0.164s] [ 50%] Built target distance_warning__rosidl_typesupport_c
[0.165s] [ 64%] Built target distance_warning__rosidl_typesupport_introspection_c
[0.165s] [ 66%] Built target distance_warning__rosidl_typesupport_fastrtps_c
[0.197s] [ 66%] Built target distance_warning
[0.236s] [ 68%] Built target distance_warning__py
[0.242s] [ 70%] [32mBuilding CXX object CMakeFiles/set_threshold_service.dir/src/set_threshold_service.cpp.o[0m
[0.247s] [ 74%] Built target distance_action_server
[0.247s] [ 78%] Built target distance_action_client
[0.275s] [ 84%] Built target distance_warning__rosidl_generator_py
[0.310s] [ 88%] Built target distance_warning__rosidl_typesupport_c__pyext
[0.314s] [ 92%] Built target distance_warning__rosidl_typesupport_introspection_c__pyext
[0.315s] [ 96%] Built target distance_warning__rosidl_typesupport_fastrtps_c__pyext
[0.409s] running egg_info
[0.410s] writing distance_warning.egg-info/PKG-INFO
[0.410s] writing dependency_links to distance_warning.egg-info/dependency_links.txt
[0.410s] writing top-level names to distance_warning.egg-info/top_level.txt
[0.413s] reading manifest file 'distance_warning.egg-info/SOURCES.txt'
[0.413s] writing manifest file 'distance_warning.egg-info/SOURCES.txt'
[0.445s] [ 96%] Built target ament_cmake_python_build_distance_warning_egg
[2.737s] [01m[K/home/loc/.distrobox/ros2-home/ros2_ws/src/distance_warning/src/set_threshold_service.cpp:65:21:[m[K [01;31m[Kerror: [m[K‘[01m[Kstd_msgs[m[K’ was not declared in this scope
[2.737s]    65 |   rclcpp::Publisher<[01;31m[Kstd_msgs[m[K::msg::Float32>::SharedPtr threshold_pub_;
[2.737s]       |                     [01;31m[K^~~~~~~~[m[K
[2.737s] [01m[K/home/loc/.distrobox/ros2-home/ros2_ws/src/distance_warning/src/set_threshold_service.cpp:65:43:[m[K [01;31m[Kerror: [m[Ktemplate argument 1 is invalid
[2.737s]    65 |   rclcpp::Publisher<std_msgs::msg::Float32[01;31m[K>[m[K::SharedPtr threshold_pub_;
[2.737s]       |                                           [01;31m[K^[m[K
[2.737s] [01m[K/home/loc/.distrobox/ros2-home/ros2_ws/src/distance_warning/src/set_threshold_service.cpp:65:46:[m[K [01;31m[Kerror: [m[Kexpected ‘[01m[K;[m[K’ at end of member declaration
[2.737s]    65 |   rclcpp::Publisher<std_msgs::msg::Float32>::[01;31m[KSharedPtr[m[K threshold_pub_;
[2.737s]       |                                              [01;31m[K^~~~~~~~~[m[K
[2.737s]       |                                                       [32m[K;[m[K
[2.739s] [01m[K/home/loc/.distrobox/ros2-home/ros2_ws/src/distance_warning/src/set_threshold_service.cpp:65:56:[m[K [01;31m[Kerror: [m[K‘[01m[Kthreshold_pub_[m[K’ does not name a type
[2.739s]    65 |   rclcpp::Publisher<std_msgs::msg::Float32>::SharedPtr [01;31m[Kthreshold_pub_[m[K;
[2.739s]       |                                                        [01;31m[K^~~~~~~~~~~~~~[m[K
[2.751s] [01m[K/home/loc/.distrobox/ros2-home/ros2_ws/src/distance_warning/src/set_threshold_service.cpp:[m[K In constructor ‘[01m[KSetThresholdService::SetThresholdService()[m[K’:
[2.751s] [01m[K/home/loc/.distrobox/ros2-home/ros2_ws/src/distance_warning/src/set_threshold_service.cpp:17:5:[m[K [01;31m[Kerror: [m[K‘[01m[Kthreshold_pub_[m[K’ was not declared in this scope
[2.751s]    17 |     [01;31m[Kthreshold_pub_[m[K = this->create_publisher<std_msgs::msg::Float32>("current_threshold", qos);
[2.751s]       |     [01;31m[K^~~~~~~~~~~~~~[m[K
[2.758s] [01m[K/home/loc/.distrobox/ros2-home/ros2_ws/src/distance_warning/src/set_threshold_service.cpp:17:45:[m[K [01;31m[Kerror: [m[K‘[01m[Kstd_msgs[m[K’ was not declared in this scope
[2.758s]    17 |     threshold_pub_ = this->create_publisher<[01;31m[Kstd_msgs[m[K::msg::Float32>("current_threshold", qos);
[2.758s]       |                                             [01;31m[K^~~~~~~~[m[K
[2.758s] [01m[K/home/loc/.distrobox/ros2-home/ros2_ws/src/distance_warning/src/set_threshold_service.cpp:17:28:[m[K [01;31m[Kerror: [m[Kparse error in template argument list
[2.758s]    17 |     threshold_pub_ = this->[01;31m[Kcreate_publisher<std_msgs::msg::Float32>[m[K("current_threshold", qos);
[2.758s]       |                            [01;31m[K^~~~~~~~~~~~~~~~~~~~~~~~~~~~~~~~~~~~~~~~[m[K
[2.758s] [01m[K/home/loc/.distrobox/ros2-home/ros2_ws/src/distance_warning/src/set_threshold_service.cpp:17:68:[m[K [01;31m[Kerror: [m[Kno matching function for call to ‘[01m[KSetThresholdService::create_publisher<<expression error> >(const char [18], rclcpp::QoS&)[m[K’
[2.758s]    17 |     threshold_pub_ = [01;31m[Kthis->create_publisher<std_msgs::msg::Float32>("current_threshold", qos)[m[K;
[2.758s]       |                      [01;31m[K~~~~~~~~~~~~~~~~~~~~~~~~~~~~~~~~~~~~~~~~~~~~~~^~~~~~~~~~~~~~~~~~~~~~~~~~[m[K
[2.758s] In file included from [01m[K/opt/ros/humble/include/rclcpp/rclcpp/executors/single_threaded_executor.hpp:28[m[K,
[2.758s]                  from [01m[K/opt/ros/humble/include/rclcpp/rclcpp/executors.hpp:22[m[K,
[2.758s]                  from [01m[K/opt/ros/humble/include/rclcpp/rclcpp/rclcpp.hpp:155[m[K,
[2.758s]                  from [01m[K/home/loc/.distrobox/ros2-home/ros2_ws/src/distance_warning/src/set_threshold_service.cpp:1[m[K:
[2.758s] [01m[K/opt/ros/humble/include/rclcpp/rclcpp/node.hpp:195:3:[m[K [01;36m[Knote: [m[Kcandidate: ‘[01m[Ktemplate<class MessageT, class AllocatorT, class PublisherT> std::shared_ptr<PublisherT> rclcpp::Node::create_publisher(const string&, const rclcpp::QoS&, const rclcpp::PublisherOptionsWithAllocator<AllocatorT>&)[m[K’
[2.759s]   195 |   [01;36m[Kcreate_publisher[m[K(
[2.759s]       |   [01;36m[K^~~~~~~~~~~~~~~~[m[K
[2.759s] [01m[K/opt/ros/humble/include/rclcpp/rclcpp/node.hpp:195:3:[m[K [01;36m[Knote: [m[K  template argument deduction/substitution failed:
[2.759s] [01m[K/home/loc/.distrobox/ros2-home/ros2_ws/src/distance_warning/src/set_threshold_service.cpp:17:68:[m[K [01;31m[Kerror: [m[Ktemplate argument 1 is invalid
[2.759s]    17 |     threshold_pub_ = [01;31m[Kthis->create_publisher<std_msgs::msg::Float32>("current_threshold", qos)[m[K;
[2.759s]       |                      [01;31m[K~~~~~~~~~~~~~~~~~~~~~~~~~~~~~~~~~~~~~~~~~~~~~~^~~~~~~~~~~~~~~~~~~~~~~~~~[m[K
[2.770s] [01m[K/home/loc/.distrobox/ros2-home/ros2_ws/src/distance_warning/src/set_threshold_service.cpp:[m[K In member function ‘[01m[Kvoid SetThresholdService::handleSetThreshold(distance_warning::srv::SetThreshold_Request_<std::allocator<void> >::SharedPtr, distance_warning::srv::SetThreshold_Response_<std::allocator<void> >::SharedPtr)[m[K’:
[2.770s] [01m[K/home/loc/.distrobox/ros2-home/ros2_ws/src/distance_warning/src/set_threshold_service.cpp:50:16:[m[K [01;31m[Kerror: [m[K‘[01m[Kstd_msgs[m[K’ has not been declared
[2.770s]    50 |     auto msg = [01;31m[Kstd_msgs[m[K::msg::Float32();
[2.770s]       |                [01;31m[K^~~~~~~~[m[K
[2.779s] [01m[K/home/loc/.distrobox/ros2-home/ros2_ws/src/distance_warning/src/set_threshold_service.cpp:52:5:[m[K [01;31m[Kerror: [m[K‘[01m[Kthreshold_pub_[m[K’ was not declared in this scope
[2.779s]    52 |     [01;31m[Kthreshold_pub_[m[K->publish(msg);
[2.779s]       |     [01;31m[K^~~~~~~~~~~~~~[m[K
[3.404s] gmake[2]: *** [CMakeFiles/set_threshold_service.dir/build.make:76: CMakeFiles/set_threshold_service.dir/src/set_threshold_service.cpp.o] Error 1
[3.404s] gmake[1]: *** [CMakeFiles/Makefile2:673: CMakeFiles/set_threshold_service.dir/all] Error 2
[3.404s] gmake[1]: *** Waiting for unfinished jobs....
[8.476s] [ 98%] [32m[1mLinking CXX executable distance_listener[0m
[8.947s] [ 98%] Built target distance_listener
[8.949s] gmake: *** [Makefile:146: all] Error 2
[8.953s] Invoked command in '/home/loc/.distrobox/ros2-home/ros2_ws/build/distance_warning' returned '2': CMAKE_PREFIX_PATH=${CMAKE_PREFIX_PATH}:/opt/ros/humble DEBUGINFOD_URLS=ima:enforcing https://debuginfod.fedoraproject.org/ ima:ignore PS1=\[\e]0;\u@\h: \w\a\]${debian_chroot:+($debian_chroot)}\[\033[01;32m\]\u@\h\[\033[00m\]:\[\033[01;34m\]\w\[\033[00m\]\$ /usr/bin/cmake --build /home/loc/.distrobox/ros2-home/ros2_ws/build/distance_warning -- -j32 -l32
