[  2%] Built target distance_warning__rs
[ 11%] Built target distance_warning__rosidl_generator_c
[ 14%] Built target distance_warning__cpp
[ 16%] [32mBuilding CXX object CMakeFiles/distance_listener.dir/src/distance_listener.cpp.o[0m
[ 16%] Built target ament_cmake_python_copy_distance_warning
[ 26%] Built target distance_warning__rosidl_typesupport_introspection_c
[ 35%] Built target distance_warning__rosidl_typesupport_c
[ 45%] Built target distance_warning__rosidl_typesupport_cpp
[ 54%] Built target distance_warning__rosidl_typesupport_fastrtps_c
[ 64%] Built target distance_warning__rosidl_typesupport_introspection_cpp
[ 73%] Built target distance_warning__rosidl_typesupport_fastrtps_cpp
[ 73%] Built target distance_warning
[ 76%] Built target distance_warning__py
[ 83%] Built target distance_warning__rosidl_generator_py
[ 88%] Built target distance_warning__rosidl_typesupport_introspection_c__pyext
[ 92%] Built target distance_warning__rosidl_typesupport_fastrtps_c__pyext
[ 97%] Built target distance_warning__rosidl_typesupport_c__pyext
running egg_info
writing distance_warning.egg-info/PKG-INFO
writing dependency_links to distance_warning.egg-info/dependency_links.txt
writing top-level names to distance_warning.egg-info/top_level.txt
reading manifest file 'distance_warning.egg-info/SOURCES.txt'
writing manifest file 'distance_warning.egg-info/SOURCES.txt'
[ 97%] Built target ament_cmake_python_build_distance_warning_egg
[100%] [32m[1mLinking CXX executable distance_listener[0m
/usr/bin/ld: /usr/lib/gcc/x86_64-linux-gnu/11/../../../x86_64-linux-gnu/Scrt1.o: in function `_start':
(.text+0x1b): undefined reference to `main'
collect2: error: ld returned 1 exit status
gmake[2]: *** [CMakeFiles/distance_listener.dir/build.make:159: distance_listener] Error 1
gmake[1]: *** [CMakeFiles/Makefile2:611: CMakeFiles/distance_listener.dir/all] Error 2
gmake: *** [Makefile:146: all] Error 2
