[0.016s] Invoking command in '/home/loc/.distrobox/ros2-home/ros2_ws/build/distance_warning': CMAKE_PREFIX_PATH=${CMAKE_PREFIX_PATH}:/opt/ros/humble DEBUGINFOD_URLS=ima:enforcing https://debuginfod.fedoraproject.org/ ima:ignore PS1=\[\e]0;\u@\h: \w\a\]${debian_chroot:+($debian_chroot)}\[\033[01;32m\]\u@\h\[\033[00m\]:\[\033[01;34m\]\w\[\033[00m\]\$ /usr/bin/cmake --build /home/loc/.distrobox/ros2-home/ros2_ws/build/distance_warning -- -j32 -l32
[0.085s] [35m[1mConsolidate compiler generated dependencies of target distance_listener[0m
[0.096s] [  2%] Built target distance_warning__rs
[0.097s] [  4%] Built target distance_warning__cpp
[0.098s] [ 14%] Built target distance_warning__rosidl_generator_c
[0.104s] [ 14%] Built target ament_cmake_python_copy_distance_warning
[0.123s] [ 16%] [32mBuilding CXX object CMakeFiles/distance_listener.dir/src/distance_listener.cpp.o[0m
[0.131s] [ 26%] Built target distance_warning__rosidl_typesupport_c
[0.132s] [ 35%] Built target distance_warning__rosidl_typesupport_introspection_cpp
[0.133s] [ 45%] Built target distance_warning__rosidl_typesupport_introspection_c
[0.135s] [ 54%] Built target distance_warning__rosidl_typesupport_fastrtps_c
[0.135s] [ 64%] Built target distance_warning__rosidl_typesupport_fastrtps_cpp
[0.136s] [ 73%] Built target distance_warning__rosidl_typesupport_cpp
[0.165s] [ 73%] Built target distance_warning
[0.193s] [ 76%] Built target distance_warning__py
[0.230s] [ 83%] Built target distance_warning__rosidl_generator_py
[0.261s] [ 88%] Built target distance_warning__rosidl_typesupport_fastrtps_c__pyext
[0.264s] [ 92%] Built target distance_warning__rosidl_typesupport_c__pyext
[0.268s] [ 97%] Built target distance_warning__rosidl_typesupport_introspection_c__pyext
[0.388s] running egg_info
[0.388s] writing distance_warning.egg-info/PKG-INFO
[0.389s] writing dependency_links to distance_warning.egg-info/dependency_links.txt
[0.389s] writing top-level names to distance_warning.egg-info/top_level.txt
[0.391s] reading manifest file 'distance_warning.egg-info/SOURCES.txt'
[0.392s] writing manifest file 'distance_warning.egg-info/SOURCES.txt'
[0.426s] [ 97%] Built target ament_cmake_python_build_distance_warning_egg
[2.914s] [100%] [32m[1mLinking CXX executable distance_listener[0m
[3.043s] [100%] Built target distance_listener
[3.057s] Invoked command in '/home/loc/.distrobox/ros2-home/ros2_ws/build/distance_warning' returned '0': CMAKE_PREFIX_PATH=${CMAKE_PREFIX_PATH}:/opt/ros/humble DEBUGINFOD_URLS=ima:enforcing https://debuginfod.fedoraproject.org/ ima:ignore PS1=\[\e]0;\u@\h: \w\a\]${debian_chroot:+($debian_chroot)}\[\033[01;32m\]\u@\h\[\033[00m\]:\[\033[01;34m\]\w\[\033[00m\]\$ /usr/bin/cmake --build /home/loc/.distrobox/ros2-home/ros2_ws/build/distance_warning -- -j32 -l32
[3.071s] Invoking command in '/home/loc/.distrobox/ros2-home/ros2_ws/build/distance_warning': CMAKE_PREFIX_PATH=${CMAKE_PREFIX_PATH}:/opt/ros/humble DEBUGINFOD_URLS=ima:enforcing https://debuginfod.fedoraproject.org/ ima:ignore PS1=\[\e]0;\u@\h: \w\a\]${debian_chroot:+($debian_chroot)}\[\033[01;32m\]\u@\h\[\033[00m\]:\[\033[01;34m\]\w\[\033[00m\]\$ /usr/bin/cmake --install /home/loc/.distrobox/ros2-home/ros2_ws/build/distance_warning
[3.080s] -- Install configuration: ""
[3.080s] -- Up-to-date: /home/loc/.distrobox/ros2-home/ros2_ws/install/distance_warning/share/ament_index/resource_index/rosidl_interfaces/distance_warning
[3.080s] -- Up-to-date: /home/loc/.distrobox/ros2-home/ros2_ws/install/distance_warning/include/distance_warning/distance_warning
[3.081s] -- Up-to-date: /home/loc/.distrobox/ros2-home/ros2_ws/install/distance_warning/include/distance_warning/distance_warning/msg
[3.081s] -- Up-to-date: /home/loc/.distrobox/ros2-home/ros2_ws/install/distance_warning/include/distance_warning/distance_warning/msg/rosidl_generator_c__visibility_control.h
[3.081s] -- Up-to-date: /home/loc/.distrobox/ros2-home/ros2_ws/install/distance_warning/include/distance_warning/distance_warning/srv
[3.082s] -- Up-to-date: /home/loc/.distrobox/ros2-home/ros2_ws/install/distance_warning/include/distance_warning/distance_warning/srv/set_threshold.h
[3.082s] -- Up-to-date: /home/loc/.distrobox/ros2-home/ros2_ws/install/distance_warning/include/distance_warning/distance_warning/srv/detail
[3.082s] -- Up-to-date: /home/loc/.distrobox/ros2-home/ros2_ws/install/distance_warning/include/distance_warning/distance_warning/srv/detail/set_threshold__functions.c
[3.082s] -- Up-to-date: /home/loc/.distrobox/ros2-home/ros2_ws/install/distance_warning/include/distance_warning/distance_warning/srv/detail/set_threshold__functions.h
[3.082s] -- Up-to-date: /home/loc/.distrobox/ros2-home/ros2_ws/install/distance_warning/include/distance_warning/distance_warning/srv/detail/set_threshold__struct.h
[3.083s] -- Up-to-date: /home/loc/.distrobox/ros2-home/ros2_ws/install/distance_warning/include/distance_warning/distance_warning/srv/detail/set_threshold__type_support.h
[3.083s] -- Up-to-date: /home/loc/.distrobox/ros2-home/ros2_ws/install/distance_warning/include/distance_warning/distance_warning/action
[3.083s] -- Up-to-date: /home/loc/.distrobox/ros2-home/ros2_ws/install/distance_warning/include/distance_warning/distance_warning/action/check_distance.h
[3.083s] -- Up-to-date: /home/loc/.distrobox/ros2-home/ros2_ws/install/distance_warning/include/distance_warning/distance_warning/action/detail
[3.083s] -- Up-to-date: /home/loc/.distrobox/ros2-home/ros2_ws/install/distance_warning/include/distance_warning/distance_warning/action/detail/check_distance__functions.c
[3.084s] -- Up-to-date: /home/loc/.distrobox/ros2-home/ros2_ws/install/distance_warning/include/distance_warning/distance_warning/action/detail/check_distance__functions.h
[3.084s] -- Up-to-date: /home/loc/.distrobox/ros2-home/ros2_ws/install/distance_warning/include/distance_warning/distance_warning/action/detail/check_distance__struct.h
[3.084s] -- Up-to-date: /home/loc/.distrobox/ros2-home/ros2_ws/install/distance_warning/include/distance_warning/distance_warning/action/detail/check_distance__type_support.h
[3.084s] -- Up-to-date: /home/loc/.distrobox/ros2-home/ros2_ws/install/distance_warning/share/distance_warning/environment/library_path.sh
[3.084s] -- Up-to-date: /home/loc/.distrobox/ros2-home/ros2_ws/install/distance_warning/share/distance_warning/environment/library_path.dsv
[3.084s] -- Up-to-date: /home/loc/.distrobox/ros2-home/ros2_ws/install/distance_warning/lib/libdistance_warning__rosidl_generator_c.so
[3.085s] -- Up-to-date: /home/loc/.distrobox/ros2-home/ros2_ws/install/distance_warning/include/distance_warning/distance_warning
[3.085s] -- Up-to-date: /home/loc/.distrobox/ros2-home/ros2_ws/install/distance_warning/include/distance_warning/distance_warning/msg
[3.085s] -- Up-to-date: /home/loc/.distrobox/ros2-home/ros2_ws/install/distance_warning/include/distance_warning/distance_warning/msg/rosidl_typesupport_fastrtps_c__visibility_control.h
[3.085s] -- Up-to-date: /home/loc/.distrobox/ros2-home/ros2_ws/install/distance_warning/include/distance_warning/distance_warning/srv
[3.085s] -- Up-to-date: /home/loc/.distrobox/ros2-home/ros2_ws/install/distance_warning/include/distance_warning/distance_warning/srv/detail
[3.085s] -- Up-to-date: /home/loc/.distrobox/ros2-home/ros2_ws/install/distance_warning/include/distance_warning/distance_warning/srv/detail/set_threshold__rosidl_typesupport_fastrtps_c.h
[3.085s] -- Up-to-date: /home/loc/.distrobox/ros2-home/ros2_ws/install/distance_warning/include/distance_warning/distance_warning/action
[3.086s] -- Up-to-date: /home/loc/.distrobox/ros2-home/ros2_ws/install/distance_warning/include/distance_warning/distance_warning/action/detail
[3.086s] -- Up-to-date: /home/loc/.distrobox/ros2-home/ros2_ws/install/distance_warning/include/distance_warning/distance_warning/action/detail/check_distance__rosidl_typesupport_fastrtps_c.h
[3.086s] -- Up-to-date: /home/loc/.distrobox/ros2-home/ros2_ws/install/distance_warning/lib/libdistance_warning__rosidl_typesupport_fastrtps_c.so
[3.086s] -- Up-to-date: /home/loc/.distrobox/ros2-home/ros2_ws/install/distance_warning/include/distance_warning/distance_warning
[3.086s] -- Up-to-date: /home/loc/.distrobox/ros2-home/ros2_ws/install/distance_warning/include/distance_warning/distance_warning/msg
[3.086s] -- Up-to-date: /home/loc/.distrobox/ros2-home/ros2_ws/install/distance_warning/include/distance_warning/distance_warning/msg/rosidl_generator_cpp__visibility_control.hpp
[3.086s] -- Up-to-date: /home/loc/.distrobox/ros2-home/ros2_ws/install/distance_warning/include/distance_warning/distance_warning/srv
[3.086s] -- Up-to-date: /home/loc/.distrobox/ros2-home/ros2_ws/install/distance_warning/include/distance_warning/distance_warning/srv/set_threshold.hpp
[3.087s] -- Up-to-date: /home/loc/.distrobox/ros2-home/ros2_ws/install/distance_warning/include/distance_warning/distance_warning/srv/detail
[3.087s] -- Up-to-date: /home/loc/.distrobox/ros2-home/ros2_ws/install/distance_warning/include/distance_warning/distance_warning/srv/detail/set_threshold__builder.hpp
[3.087s] -- Up-to-date: /home/loc/.distrobox/ros2-home/ros2_ws/install/distance_warning/include/distance_warning/distance_warning/srv/detail/set_threshold__struct.hpp
[3.087s] -- Up-to-date: /home/loc/.distrobox/ros2-home/ros2_ws/install/distance_warning/include/distance_warning/distance_warning/srv/detail/set_threshold__traits.hpp
[3.087s] -- Up-to-date: /home/loc/.distrobox/ros2-home/ros2_ws/install/distance_warning/include/distance_warning/distance_warning/srv/detail/set_threshold__type_support.hpp
[3.087s] -- Up-to-date: /home/loc/.distrobox/ros2-home/ros2_ws/install/distance_warning/include/distance_warning/distance_warning/action
[3.087s] -- Up-to-date: /home/loc/.distrobox/ros2-home/ros2_ws/install/distance_warning/include/distance_warning/distance_warning/action/check_distance.hpp
[3.088s] -- Up-to-date: /home/loc/.distrobox/ros2-home/ros2_ws/install/distance_warning/include/distance_warning/distance_warning/action/detail
[3.088s] -- Up-to-date: /home/loc/.distrobox/ros2-home/ros2_ws/install/distance_warning/include/distance_warning/distance_warning/action/detail/check_distance__builder.hpp
[3.088s] -- Up-to-date: /home/loc/.distrobox/ros2-home/ros2_ws/install/distance_warning/include/distance_warning/distance_warning/action/detail/check_distance__struct.hpp
[3.088s] -- Up-to-date: /home/loc/.distrobox/ros2-home/ros2_ws/install/distance_warning/include/distance_warning/distance_warning/action/detail/check_distance__traits.hpp
[3.088s] -- Up-to-date: /home/loc/.distrobox/ros2-home/ros2_ws/install/distance_warning/include/distance_warning/distance_warning/action/detail/check_distance__type_support.hpp
[3.088s] -- Up-to-date: /home/loc/.distrobox/ros2-home/ros2_ws/install/distance_warning/include/distance_warning/distance_warning
[3.088s] -- Up-to-date: /home/loc/.distrobox/ros2-home/ros2_ws/install/distance_warning/include/distance_warning/distance_warning/msg
[3.088s] -- Up-to-date: /home/loc/.distrobox/ros2-home/ros2_ws/install/distance_warning/include/distance_warning/distance_warning/msg/rosidl_typesupport_fastrtps_cpp__visibility_control.h
[3.089s] -- Up-to-date: /home/loc/.distrobox/ros2-home/ros2_ws/install/distance_warning/include/distance_warning/distance_warning/srv
[3.089s] -- Up-to-date: /home/loc/.distrobox/ros2-home/ros2_ws/install/distance_warning/include/distance_warning/distance_warning/srv/detail
[3.089s] -- Up-to-date: /home/loc/.distrobox/ros2-home/ros2_ws/install/distance_warning/include/distance_warning/distance_warning/srv/detail/set_threshold__rosidl_typesupport_fastrtps_cpp.hpp
[3.089s] -- Up-to-date: /home/loc/.distrobox/ros2-home/ros2_ws/install/distance_warning/include/distance_warning/distance_warning/srv/detail/dds_fastrtps
[3.089s] -- Up-to-date: /home/loc/.distrobox/ros2-home/ros2_ws/install/distance_warning/include/distance_warning/distance_warning/action
[3.089s] -- Up-to-date: /home/loc/.distrobox/ros2-home/ros2_ws/install/distance_warning/include/distance_warning/distance_warning/action/detail
[3.089s] -- Up-to-date: /home/loc/.distrobox/ros2-home/ros2_ws/install/distance_warning/include/distance_warning/distance_warning/action/detail/check_distance__rosidl_typesupport_fastrtps_cpp.hpp
[3.090s] -- Up-to-date: /home/loc/.distrobox/ros2-home/ros2_ws/install/distance_warning/include/distance_warning/distance_warning/action/detail/dds_fastrtps
[3.090s] -- Up-to-date: /home/loc/.distrobox/ros2-home/ros2_ws/install/distance_warning/lib/libdistance_warning__rosidl_typesupport_fastrtps_cpp.so
[3.090s] -- Up-to-date: /home/loc/.distrobox/ros2-home/ros2_ws/install/distance_warning/include/distance_warning/distance_warning
[3.090s] -- Up-to-date: /home/loc/.distrobox/ros2-home/ros2_ws/install/distance_warning/include/distance_warning/distance_warning/msg
[3.090s] -- Up-to-date: /home/loc/.distrobox/ros2-home/ros2_ws/install/distance_warning/include/distance_warning/distance_warning/msg/rosidl_typesupport_introspection_c__visibility_control.h
[3.090s] -- Up-to-date: /home/loc/.distrobox/ros2-home/ros2_ws/install/distance_warning/include/distance_warning/distance_warning/srv
[3.090s] -- Up-to-date: /home/loc/.distrobox/ros2-home/ros2_ws/install/distance_warning/include/distance_warning/distance_warning/srv/detail
[3.091s] -- Up-to-date: /home/loc/.distrobox/ros2-home/ros2_ws/install/distance_warning/include/distance_warning/distance_warning/srv/detail/set_threshold__rosidl_typesupport_introspection_c.h
[3.091s] -- Up-to-date: /home/loc/.distrobox/ros2-home/ros2_ws/install/distance_warning/include/distance_warning/distance_warning/srv/detail/set_threshold__type_support.c
[3.091s] -- Up-to-date: /home/loc/.distrobox/ros2-home/ros2_ws/install/distance_warning/include/distance_warning/distance_warning/action
[3.091s] -- Up-to-date: /home/loc/.distrobox/ros2-home/ros2_ws/install/distance_warning/include/distance_warning/distance_warning/action/detail
[3.091s] -- Up-to-date: /home/loc/.distrobox/ros2-home/ros2_ws/install/distance_warning/include/distance_warning/distance_warning/action/detail/check_distance__rosidl_typesupport_introspection_c.h
[3.091s] -- Up-to-date: /home/loc/.distrobox/ros2-home/ros2_ws/install/distance_warning/include/distance_warning/distance_warning/action/detail/check_distance__type_support.c
[3.091s] -- Up-to-date: /home/loc/.distrobox/ros2-home/ros2_ws/install/distance_warning/lib/libdistance_warning__rosidl_typesupport_introspection_c.so
[3.091s] -- Up-to-date: /home/loc/.distrobox/ros2-home/ros2_ws/install/distance_warning/lib/libdistance_warning__rosidl_typesupport_c.so
[3.092s] -- Up-to-date: /home/loc/.distrobox/ros2-home/ros2_ws/install/distance_warning/include/distance_warning/distance_warning
[3.092s] -- Up-to-date: /home/loc/.distrobox/ros2-home/ros2_ws/install/distance_warning/include/distance_warning/distance_warning/srv
[3.092s] -- Up-to-date: /home/loc/.distrobox/ros2-home/ros2_ws/install/distance_warning/include/distance_warning/distance_warning/srv/detail
[3.092s] -- Up-to-date: /home/loc/.distrobox/ros2-home/ros2_ws/install/distance_warning/include/distance_warning/distance_warning/srv/detail/set_threshold__rosidl_typesupport_introspection_cpp.hpp
[3.092s] -- Up-to-date: /home/loc/.distrobox/ros2-home/ros2_ws/install/distance_warning/include/distance_warning/distance_warning/srv/detail/set_threshold__type_support.cpp
[3.092s] -- Up-to-date: /home/loc/.distrobox/ros2-home/ros2_ws/install/distance_warning/include/distance_warning/distance_warning/action
[3.092s] -- Up-to-date: /home/loc/.distrobox/ros2-home/ros2_ws/install/distance_warning/include/distance_warning/distance_warning/action/detail
[3.093s] -- Up-to-date: /home/loc/.distrobox/ros2-home/ros2_ws/install/distance_warning/include/distance_warning/distance_warning/action/detail/check_distance__rosidl_typesupport_introspection_cpp.hpp
[3.093s] -- Up-to-date: /home/loc/.distrobox/ros2-home/ros2_ws/install/distance_warning/include/distance_warning/distance_warning/action/detail/check_distance__type_support.cpp
[3.093s] -- Up-to-date: /home/loc/.distrobox/ros2-home/ros2_ws/install/distance_warning/lib/libdistance_warning__rosidl_typesupport_introspection_cpp.so
[3.093s] -- Up-to-date: /home/loc/.distrobox/ros2-home/ros2_ws/install/distance_warning/lib/libdistance_warning__rosidl_typesupport_cpp.so
[3.093s] -- Up-to-date: /home/loc/.distrobox/ros2-home/ros2_ws/install/distance_warning/share/distance_warning/environment/pythonpath.sh
[3.093s] -- Up-to-date: /home/loc/.distrobox/ros2-home/ros2_ws/install/distance_warning/share/distance_warning/environment/pythonpath.dsv
[3.093s] -- Up-to-date: /home/loc/.distrobox/ros2-home/ros2_ws/install/distance_warning/local/lib/python3.10/dist-packages/distance_warning-0.0.0-py3.10.egg-info
[3.094s] -- Installing: /home/loc/.distrobox/ros2-home/ros2_ws/install/distance_warning/local/lib/python3.10/dist-packages/distance_warning-0.0.0-py3.10.egg-info/PKG-INFO
[3.094s] -- Installing: /home/loc/.distrobox/ros2-home/ros2_ws/install/distance_warning/local/lib/python3.10/dist-packages/distance_warning-0.0.0-py3.10.egg-info/dependency_links.txt
[3.094s] -- Installing: /home/loc/.distrobox/ros2-home/ros2_ws/install/distance_warning/local/lib/python3.10/dist-packages/distance_warning-0.0.0-py3.10.egg-info/top_level.txt
[3.094s] -- Installing: /home/loc/.distrobox/ros2-home/ros2_ws/install/distance_warning/local/lib/python3.10/dist-packages/distance_warning-0.0.0-py3.10.egg-info/SOURCES.txt
[3.094s] -- Up-to-date: /home/loc/.distrobox/ros2-home/ros2_ws/install/distance_warning/local/lib/python3.10/dist-packages/distance_warning
[3.094s] -- Up-to-date: /home/loc/.distrobox/ros2-home/ros2_ws/install/distance_warning/local/lib/python3.10/dist-packages/distance_warning/__init__.py
[3.094s] -- Up-to-date: /home/loc/.distrobox/ros2-home/ros2_ws/install/distance_warning/local/lib/python3.10/dist-packages/distance_warning/srv
[3.094s] -- Up-to-date: /home/loc/.distrobox/ros2-home/ros2_ws/install/distance_warning/local/lib/python3.10/dist-packages/distance_warning/srv/_set_threshold.py
[3.095s] -- Up-to-date: /home/loc/.distrobox/ros2-home/ros2_ws/install/distance_warning/local/lib/python3.10/dist-packages/distance_warning/srv/_set_threshold_s.c
[3.095s] -- Up-to-date: /home/loc/.distrobox/ros2-home/ros2_ws/install/distance_warning/local/lib/python3.10/dist-packages/distance_warning/srv/__init__.py
[3.095s] -- Up-to-date: /home/loc/.distrobox/ros2-home/ros2_ws/install/distance_warning/local/lib/python3.10/dist-packages/distance_warning/action
[3.095s] -- Up-to-date: /home/loc/.distrobox/ros2-home/ros2_ws/install/distance_warning/local/lib/python3.10/dist-packages/distance_warning/action/_check_distance.py
[3.095s] -- Up-to-date: /home/loc/.distrobox/ros2-home/ros2_ws/install/distance_warning/local/lib/python3.10/dist-packages/distance_warning/action/_check_distance_s.c
[3.095s] -- Up-to-date: /home/loc/.distrobox/ros2-home/ros2_ws/install/distance_warning/local/lib/python3.10/dist-packages/distance_warning/action/__init__.py
[3.095s] -- Up-to-date: /home/loc/.distrobox/ros2-home/ros2_ws/install/distance_warning/local/lib/python3.10/dist-packages/distance_warning/_distance_warning_s.ep.rosidl_typesupport_fastrtps_c.c
[3.096s] -- Up-to-date: /home/loc/.distrobox/ros2-home/ros2_ws/install/distance_warning/local/lib/python3.10/dist-packages/distance_warning/_distance_warning_s.ep.rosidl_typesupport_introspection_c.c
[3.096s] -- Up-to-date: /home/loc/.distrobox/ros2-home/ros2_ws/install/distance_warning/local/lib/python3.10/dist-packages/distance_warning/_distance_warning_s.ep.rosidl_typesupport_c.c
[3.096s] -- Up-to-date: /home/loc/.distrobox/ros2-home/ros2_ws/install/distance_warning/local/lib/python3.10/dist-packages/distance_warning/libdistance_warning__rosidl_generator_py.so
[3.096s] -- Up-to-date: /home/loc/.distrobox/ros2-home/ros2_ws/install/distance_warning/local/lib/python3.10/dist-packages/distance_warning/distance_warning_s__rosidl_typesupport_introspection_c.cpython-310-x86_64-linux-gnu.so
[3.096s] -- Up-to-date: /home/loc/.distrobox/ros2-home/ros2_ws/install/distance_warning/local/lib/python3.10/dist-packages/distance_warning/distance_warning_s__rosidl_typesupport_fastrtps_c.cpython-310-x86_64-linux-gnu.so
[3.096s] -- Up-to-date: /home/loc/.distrobox/ros2-home/ros2_ws/install/distance_warning/local/lib/python3.10/dist-packages/distance_warning/distance_warning_s__rosidl_typesupport_c.cpython-310-x86_64-linux-gnu.so
[3.119s] Listing '/home/loc/.distrobox/ros2-home/ros2_ws/install/distance_warning/local/lib/python3.10/dist-packages/distance_warning'...
[3.120s] Listing '/home/loc/.distrobox/ros2-home/ros2_ws/install/distance_warning/local/lib/python3.10/dist-packages/distance_warning/action'...
[3.120s] Listing '/home/loc/.distrobox/ros2-home/ros2_ws/install/distance_warning/local/lib/python3.10/dist-packages/distance_warning/srv'...
[3.124s] -- Up-to-date: /home/loc/.distrobox/ros2-home/ros2_ws/install/distance_warning/local/lib/python3.10/dist-packages/distance_warning/distance_warning_s__rosidl_typesupport_fastrtps_c.cpython-310-x86_64-linux-gnu.so
[3.125s] -- Up-to-date: /home/loc/.distrobox/ros2-home/ros2_ws/install/distance_warning/local/lib/python3.10/dist-packages/distance_warning/distance_warning_s__rosidl_typesupport_introspection_c.cpython-310-x86_64-linux-gnu.so
[3.125s] -- Up-to-date: /home/loc/.distrobox/ros2-home/ros2_ws/install/distance_warning/local/lib/python3.10/dist-packages/distance_warning/distance_warning_s__rosidl_typesupport_c.cpython-310-x86_64-linux-gnu.so
[3.125s] -- Up-to-date: /home/loc/.distrobox/ros2-home/ros2_ws/install/distance_warning/lib/libdistance_warning__rosidl_generator_py.so
[3.126s] -- Up-to-date: /home/loc/.distrobox/ros2-home/ros2_ws/install/distance_warning/share/ament_index/resource_index/rust_packages/distance_warning
[3.126s] -- Up-to-date: /home/loc/.distrobox/ros2-home/ros2_ws/install/distance_warning/share/distance_warning/rust
[3.126s] -- Up-to-date: /home/loc/.distrobox/ros2-home/ros2_ws/install/distance_warning/share/distance_warning/rust/src
[3.126s] -- Up-to-date: /home/loc/.distrobox/ros2-home/ros2_ws/install/distance_warning/share/distance_warning/rust/src/srv.rs
[3.127s] -- Up-to-date: /home/loc/.distrobox/ros2-home/ros2_ws/install/distance_warning/share/distance_warning/rust/src/srv
[3.127s] -- Up-to-date: /home/loc/.distrobox/ros2-home/ros2_ws/install/distance_warning/share/distance_warning/rust/src/srv/rmw.rs
[3.127s] -- Up-to-date: /home/loc/.distrobox/ros2-home/ros2_ws/install/distance_warning/share/distance_warning/rust/src/action.rs
[3.127s] -- Up-to-date: /home/loc/.distrobox/ros2-home/ros2_ws/install/distance_warning/share/distance_warning/rust/src/action
[3.127s] -- Up-to-date: /home/loc/.distrobox/ros2-home/ros2_ws/install/distance_warning/share/distance_warning/rust/src/action/rmw.rs
[3.128s] -- Up-to-date: /home/loc/.distrobox/ros2-home/ros2_ws/install/distance_warning/share/distance_warning/rust/src/lib.rs
[3.128s] -- Up-to-date: /home/loc/.distrobox/ros2-home/ros2_ws/install/distance_warning/share/distance_warning/rust/Cargo.toml
[3.128s] -- Up-to-date: /home/loc/.distrobox/ros2-home/ros2_ws/install/distance_warning/share/distance_warning/rust/build.rs
[3.128s] -- Up-to-date: /home/loc/.distrobox/ros2-home/ros2_ws/install/distance_warning/share/distance_warning/srv/SetThreshold.idl
[3.128s] -- Up-to-date: /home/loc/.distrobox/ros2-home/ros2_ws/install/distance_warning/share/distance_warning/action/CheckDistance.idl
[3.128s] -- Up-to-date: /home/loc/.distrobox/ros2-home/ros2_ws/install/distance_warning/share/distance_warning/srv/SetThreshold.srv
[3.128s] -- Up-to-date: /home/loc/.distrobox/ros2-home/ros2_ws/install/distance_warning/share/distance_warning/srv/SetThreshold_Request.msg
[3.129s] -- Up-to-date: /home/loc/.distrobox/ros2-home/ros2_ws/install/distance_warning/share/distance_warning/srv/SetThreshold_Response.msg
[3.129s] -- Up-to-date: /home/loc/.distrobox/ros2-home/ros2_ws/install/distance_warning/share/distance_warning/action/CheckDistance.action
[3.129s] -- Up-to-date: /home/loc/.distrobox/ros2-home/ros2_ws/install/distance_warning/share/ament_index/resource_index/package_run_dependencies/distance_warning
[3.129s] -- Up-to-date: /home/loc/.distrobox/ros2-home/ros2_ws/install/distance_warning/share/ament_index/resource_index/parent_prefix_path/distance_warning
[3.129s] -- Up-to-date: /home/loc/.distrobox/ros2-home/ros2_ws/install/distance_warning/share/distance_warning/environment/ament_prefix_path.sh
[3.129s] -- Up-to-date: /home/loc/.distrobox/ros2-home/ros2_ws/install/distance_warning/share/distance_warning/environment/ament_prefix_path.dsv
[3.129s] -- Up-to-date: /home/loc/.distrobox/ros2-home/ros2_ws/install/distance_warning/share/distance_warning/environment/path.sh
[3.130s] -- Up-to-date: /home/loc/.distrobox/ros2-home/ros2_ws/install/distance_warning/share/distance_warning/environment/path.dsv
[3.130s] -- Up-to-date: /home/loc/.distrobox/ros2-home/ros2_ws/install/distance_warning/share/distance_warning/local_setup.bash
[3.130s] -- Up-to-date: /home/loc/.distrobox/ros2-home/ros2_ws/install/distance_warning/share/distance_warning/local_setup.sh
[3.130s] -- Up-to-date: /home/loc/.distrobox/ros2-home/ros2_ws/install/distance_warning/share/distance_warning/local_setup.zsh
[3.130s] -- Up-to-date: /home/loc/.distrobox/ros2-home/ros2_ws/install/distance_warning/share/distance_warning/local_setup.dsv
[3.130s] -- Installing: /home/loc/.distrobox/ros2-home/ros2_ws/install/distance_warning/share/distance_warning/package.dsv
[3.131s] -- Up-to-date: /home/loc/.distrobox/ros2-home/ros2_ws/install/distance_warning/share/ament_index/resource_index/packages/distance_warning
[3.131s] -- Up-to-date: /home/loc/.distrobox/ros2-home/ros2_ws/install/distance_warning/share/distance_warning/cmake/export_distance_warning__rosidl_generator_cExport.cmake
[3.131s] -- Up-to-date: /home/loc/.distrobox/ros2-home/ros2_ws/install/distance_warning/share/distance_warning/cmake/export_distance_warning__rosidl_generator_cExport-noconfig.cmake
[3.131s] -- Up-to-date: /home/loc/.distrobox/ros2-home/ros2_ws/install/distance_warning/share/distance_warning/cmake/export_distance_warning__rosidl_typesupport_fastrtps_cExport.cmake
[3.131s] -- Up-to-date: /home/loc/.distrobox/ros2-home/ros2_ws/install/distance_warning/share/distance_warning/cmake/export_distance_warning__rosidl_typesupport_fastrtps_cExport-noconfig.cmake
[3.131s] -- Up-to-date: /home/loc/.distrobox/ros2-home/ros2_ws/install/distance_warning/share/distance_warning/cmake/export_distance_warning__rosidl_generator_cppExport.cmake
[3.131s] -- Up-to-date: /home/loc/.distrobox/ros2-home/ros2_ws/install/distance_warning/share/distance_warning/cmake/export_distance_warning__rosidl_typesupport_fastrtps_cppExport.cmake
[3.131s] -- Up-to-date: /home/loc/.distrobox/ros2-home/ros2_ws/install/distance_warning/share/distance_warning/cmake/export_distance_warning__rosidl_typesupport_fastrtps_cppExport-noconfig.cmake
[3.131s] -- Up-to-date: /home/loc/.distrobox/ros2-home/ros2_ws/install/distance_warning/share/distance_warning/cmake/distance_warning__rosidl_typesupport_introspection_cExport.cmake
[3.131s] -- Up-to-date: /home/loc/.distrobox/ros2-home/ros2_ws/install/distance_warning/share/distance_warning/cmake/distance_warning__rosidl_typesupport_introspection_cExport-noconfig.cmake
[3.131s] -- Up-to-date: /home/loc/.distrobox/ros2-home/ros2_ws/install/distance_warning/share/distance_warning/cmake/distance_warning__rosidl_typesupport_cExport.cmake
[3.131s] -- Up-to-date: /home/loc/.distrobox/ros2-home/ros2_ws/install/distance_warning/share/distance_warning/cmake/distance_warning__rosidl_typesupport_cExport-noconfig.cmake
[3.131s] -- Up-to-date: /home/loc/.distrobox/ros2-home/ros2_ws/install/distance_warning/share/distance_warning/cmake/distance_warning__rosidl_typesupport_introspection_cppExport.cmake
[3.131s] -- Up-to-date: /home/loc/.distrobox/ros2-home/ros2_ws/install/distance_warning/share/distance_warning/cmake/distance_warning__rosidl_typesupport_introspection_cppExport-noconfig.cmake
[3.132s] -- Up-to-date: /home/loc/.distrobox/ros2-home/ros2_ws/install/distance_warning/share/distance_warning/cmake/distance_warning__rosidl_typesupport_cppExport.cmake
[3.132s] -- Up-to-date: /home/loc/.distrobox/ros2-home/ros2_ws/install/distance_warning/share/distance_warning/cmake/distance_warning__rosidl_typesupport_cppExport-noconfig.cmake
[3.132s] -- Up-to-date: /home/loc/.distrobox/ros2-home/ros2_ws/install/distance_warning/share/distance_warning/cmake/export_distance_warning__rosidl_generator_pyExport.cmake
[3.132s] -- Up-to-date: /home/loc/.distrobox/ros2-home/ros2_ws/install/distance_warning/share/distance_warning/cmake/export_distance_warning__rosidl_generator_pyExport-noconfig.cmake
[3.132s] -- Up-to-date: /home/loc/.distrobox/ros2-home/ros2_ws/install/distance_warning/share/distance_warning/cmake/rosidl_cmake-extras.cmake
[3.133s] -- Up-to-date: /home/loc/.distrobox/ros2-home/ros2_ws/install/distance_warning/share/distance_warning/cmake/ament_cmake_export_dependencies-extras.cmake
[3.134s] -- Up-to-date: /home/loc/.distrobox/ros2-home/ros2_ws/install/distance_warning/share/distance_warning/cmake/ament_cmake_export_include_directories-extras.cmake
[3.134s] -- Up-to-date: /home/loc/.distrobox/ros2-home/ros2_ws/install/distance_warning/share/distance_warning/cmake/ament_cmake_export_libraries-extras.cmake
[3.134s] -- Up-to-date: /home/loc/.distrobox/ros2-home/ros2_ws/install/distance_warning/share/distance_warning/cmake/ament_cmake_export_targets-extras.cmake
[3.134s] -- Up-to-date: /home/loc/.distrobox/ros2-home/ros2_ws/install/distance_warning/share/distance_warning/cmake/rosidl_cmake_export_typesupport_targets-extras.cmake
[3.134s] -- Up-to-date: /home/loc/.distrobox/ros2-home/ros2_ws/install/distance_warning/share/distance_warning/cmake/rosidl_cmake_export_typesupport_libraries-extras.cmake
[3.134s] -- Up-to-date: /home/loc/.distrobox/ros2-home/ros2_ws/install/distance_warning/share/distance_warning/cmake/distance_warningConfig.cmake
[3.134s] -- Up-to-date: /home/loc/.distrobox/ros2-home/ros2_ws/install/distance_warning/share/distance_warning/cmake/distance_warningConfig-version.cmake
[3.135s] -- Up-to-date: /home/loc/.distrobox/ros2-home/ros2_ws/install/distance_warning/share/distance_warning/package.xml
[3.135s] -- Installing: /home/loc/.distrobox/ros2-home/ros2_ws/install/distance_warning/lib/distance_warning/distance_listener
[3.135s] -- Set runtime path of "/home/loc/.distrobox/ros2-home/ros2_ws/install/distance_warning/lib/distance_warning/distance_listener" to ""
[3.135s] Invoked command in '/home/loc/.distrobox/ros2-home/ros2_ws/build/distance_warning' returned '0': CMAKE_PREFIX_PATH=${CMAKE_PREFIX_PATH}:/opt/ros/humble DEBUGINFOD_URLS=ima:enforcing https://debuginfod.fedoraproject.org/ ima:ignore PS1=\[\e]0;\u@\h: \w\a\]${debian_chroot:+($debian_chroot)}\[\033[01;32m\]\u@\h\[\033[00m\]:\[\033[01;34m\]\w\[\033[00m\]\$ /usr/bin/cmake --install /home/loc/.distrobox/ros2-home/ros2_ws/build/distance_warning
