[0.012s] Invoking command in '/home/loc/.distrobox/ros2-home/BTVN02/build/distance_warning': CMAKE_PREFIX_PATH=${CMAKE_PREFIX_PATH}:/opt/ros/humble PS1=\[\e]0;\u@\h: \w\a\]${debian_chroot:+($debian_chroot)}\[\033[01;32m\]\u@\h\[\033[00m\]:\[\033[01;34m\]\w\[\033[00m\]\$ /usr/bin/cmake --build /home/loc/.distrobox/ros2-home/BTVN02/build/distance_warning -- -j32 -l32
[0.055s] -- Found ament_cmake: 1.3.14 (/opt/ros/humble/share/ament_cmake/cmake)
[0.202s] -- Override CMake install command with custom implementation using symlinks instead of copying resources
[0.219s] -- Found rclcpp: 16.0.19 (/opt/ros/humble/share/rclcpp/cmake)
[0.255s] -- Found rosidl_generator_c: 3.1.8 (/opt/ros/humble/share/rosidl_generator_c/cmake)
[0.258s] -- Found rosidl_adapter: 3.1.8 (/opt/ros/humble/share/rosidl_adapter/cmake)
[0.265s] -- Found rosidl_generator_cpp: 3.1.8 (/opt/ros/humble/share/rosidl_generator_cpp/cmake)
[0.277s] -- Using all available rosidl_typesupport_c: rosidl_typesupport_fastrtps_c;rosidl_typesupport_introspection_c
[0.291s] -- Using all available rosidl_typesupport_cpp: rosidl_typesupport_fastrtps_cpp;rosidl_typesupport_introspection_cpp
[0.331s] -- Found rmw_implementation_cmake: 6.1.2 (/opt/ros/humble/share/rmw_implementation_cmake/cmake)
[0.333s] -- Found rmw_fastrtps_cpp: 6.2.10 (/opt/ros/humble/share/rmw_fastrtps_cpp/cmake)
[0.473s] -- Using RMW implementation 'rmw_fastrtps_cpp' as default
[0.531s] -- Found rclcpp_action: 16.0.19 (/opt/ros/humble/share/rclcpp_action/cmake)
[0.564s] -- Found rosidl_default_generators: 1.2.1 (/opt/ros/humble/share/rosidl_default_generators/cmake)
[0.575s] -- Found tf2: 0.25.20 (/opt/ros/humble/share/tf2/cmake)
[0.594s] -- Found tf2_ros: 0.25.20 (/opt/ros/humble/share/tf2_ros/cmake)
[0.648s] -- Found tf2_geometry_msgs: 0.25.20 (/opt/ros/humble/share/tf2_geometry_msgs/cmake)
[0.652s] -- Found eigen3_cmake_module: 0.1.1 (/opt/ros/humble/share/eigen3_cmake_module/cmake)
[0.654s] -- Ensuring Eigen3 include directory is part of orocos-kdl CMake target
[0.985s] -- Found ament_cmake_ros: 0.10.0 (/opt/ros/humble/share/ament_cmake_ros/cmake)
[1.396s] -- Using all available rosidl_typesupport_c: rosidl_typesupport_fastrtps_c;rosidl_typesupport_introspection_c
[1.546s] -- Using all available rosidl_typesupport_cpp: rosidl_typesupport_fastrtps_cpp;rosidl_typesupport_introspection_cpp
[1.574s] -- Found python_cmake_module: 0.10.0 (/opt/ros/humble/share/python_cmake_module/cmake)
[1.603s] -- Using PYTHON_EXECUTABLE: /usr/bin/python3
[1.603s] -- Using PYTHON_INCLUDE_DIRS: /usr/include/python3.10
[1.603s] -- Using PYTHON_LIBRARIES: /usr/lib/x86_64-linux-gnu/libpython3.10.so
[1.725s] [0mCMake Deprecation Warning at /opt/ros/humble/share/rosidl_cmake/cmake/rosidl_target_interfaces.cmake:32 (message):
[1.725s]   Use rosidl_get_typesupport_target() and target_link_libraries() instead of
[1.725s]   rosidl_target_interfaces()
[1.725s] Call Stack (most recent call first):
[1.725s]   CMakeLists.txt:34 (rosidl_target_interfaces)
[1.725s] 
[1.725s] [0m
[1.726s] [0mCMake Deprecation Warning at /opt/ros/humble/share/rosidl_cmake/cmake/rosidl_target_interfaces.cmake:32 (message):
[1.726s]   Use rosidl_get_typesupport_target() and target_link_libraries() instead of
[1.726s]   rosidl_target_interfaces()
[1.726s] Call Stack (most recent call first):
[1.726s]   CMakeLists.txt:38 (rosidl_target_interfaces)
[1.726s] 
[1.726s] [0m
[1.727s] [0mCMake Deprecation Warning at /opt/ros/humble/share/rosidl_cmake/cmake/rosidl_target_interfaces.cmake:32 (message):
[1.727s]   Use rosidl_get_typesupport_target() and target_link_libraries() instead of
[1.727s]   rosidl_target_interfaces()
[1.727s] Call Stack (most recent call first):
[1.728s]   CMakeLists.txt:42 (rosidl_target_interfaces)
[1.728s] 
[1.728s] [0m
[1.740s] -- Configuring done
[1.818s] -- Generating done
[1.851s] -- Build files have been written to: /home/loc/.distrobox/ros2-home/BTVN02/build/distance_warning
[1.899s] [35m[1mConsolidate compiler generated dependencies of target distance_warning__rosidl_generator_c[0m
[1.900s] [35m[1mConsolidate compiler generated dependencies of target distance_listener[0m
[1.901s] [35m[1mConsolidate compiler generated dependencies of target distance_publisher[0m
[1.901s] [35m[1mConsolidate compiler generated dependencies of target distance_tf_broadcaster[0m
[1.915s] [  1%] Built target distance_warning__rs
[1.915s] failed to create symbolic link '/home/loc/.distrobox/ros2-home/BTVN02/build/distance_warning/ament_cmake_python/distance_warning/distance_warning' because existing path cannot be removed: Is a directory
[1.917s] gmake[2]: *** [CMakeFiles/ament_cmake_python_symlink_distance_warning.dir/build.make:70: CMakeFiles/ament_cmake_python_symlink_distance_warning] Error 1
[1.917s] gmake[1]: *** [CMakeFiles/Makefile2:452: CMakeFiles/ament_cmake_python_symlink_distance_warning.dir/all] Error 2
[1.917s] gmake[1]: *** Waiting for unfinished jobs....
[1.917s] [  3%] Built target distance_warning__cpp
[1.919s] [ 11%] Built target distance_warning__rosidl_generator_c
[1.935s] [ 15%] Built target distance_listener
[1.943s] [ 17%] [32mBuilding CXX object CMakeFiles/distance_tf_broadcaster.dir/src/distance_tf_broadcaster.cpp.o[0m
[1.944s] [ 21%] Built target distance_publisher
[10.215s] [ 23%] [32m[1mLinking CXX executable distance_tf_broadcaster[0m
[10.736s] [ 23%] Built target distance_tf_broadcaster
[10.738s] gmake: *** [Makefile:146: all] Error 2
[10.742s] Invoked command in '/home/loc/.distrobox/ros2-home/BTVN02/build/distance_warning' returned '2': CMAKE_PREFIX_PATH=${CMAKE_PREFIX_PATH}:/opt/ros/humble PS1=\[\e]0;\u@\h: \w\a\]${debian_chroot:+($debian_chroot)}\[\033[01;32m\]\u@\h\[\033[00m\]:\[\033[01;34m\]\w\[\033[00m\]\$ /usr/bin/cmake --build /home/loc/.distrobox/ros2-home/BTVN02/build/distance_warning -- -j32 -l32
