[0.016s] Invoking command in '/home/loc/.distrobox/ros2-home/BTVN02/build/distance_warning': CMAKE_PREFIX_PATH=/opt/ros/humble DEBUGINFOD_URLS=ima:enforcing https://debuginfod.fedoraproject.org/ ima:ignore PS1=\[\e]0;\u@\h: \w\a\]${debian_chroot:+($debian_chroot)}\[\033[01;32m\]\u@\h\[\033[00m\]:\[\033[01;34m\]\w\[\033[00m\]\$ /usr/bin/cmake /home/loc/.distrobox/ros2-home/BTVN02/src/distance_warning -DAMENT_CMAKE_SYMLINK_INSTALL=1 -DCMAKE_INSTALL_PREFIX=/home/loc/.distrobox/ros2-home/BTVN02/install/distance_warning
[0.037s] -- Found ament_cmake: 1.3.14 (/opt/ros/humble/share/ament_cmake/cmake)
[0.192s] -- Override CMake install command with custom implementation using symlinks instead of copying resources
[0.211s] -- Found rclcpp: 16.0.19 (/opt/ros/humble/share/rclcpp/cmake)
[0.249s] -- Found rosidl_generator_c: 3.1.8 (/opt/ros/humble/share/rosidl_generator_c/cmake)
[0.252s] -- Found rosidl_adapter: 3.1.8 (/opt/ros/humble/share/rosidl_adapter/cmake)
[0.259s] -- Found rosidl_generator_cpp: 3.1.8 (/opt/ros/humble/share/rosidl_generator_cpp/cmake)
[0.270s] -- Using all available rosidl_typesupport_c: rosidl_typesupport_fastrtps_c;rosidl_typesupport_introspection_c
[0.284s] -- Using all available rosidl_typesupport_cpp: rosidl_typesupport_fastrtps_cpp;rosidl_typesupport_introspection_cpp
[0.323s] -- Found rmw_implementation_cmake: 6.1.2 (/opt/ros/humble/share/rmw_implementation_cmake/cmake)
[0.324s] -- Found rmw_fastrtps_cpp: 6.2.10 (/opt/ros/humble/share/rmw_fastrtps_cpp/cmake)
[0.468s] -- Using RMW implementation 'rmw_fastrtps_cpp' as default
[0.528s] -- Found rclcpp_action: 16.0.19 (/opt/ros/humble/share/rclcpp_action/cmake)
[0.563s] -- Found rosidl_default_generators: 1.2.1 (/opt/ros/humble/share/rosidl_default_generators/cmake)
[0.575s] -- Found tf2: 0.25.20 (/opt/ros/humble/share/tf2/cmake)
[0.616s] -- Found tf2_ros: 0.25.20 (/opt/ros/humble/share/tf2_ros/cmake)
[0.699s] -- Found tf2_geometry_msgs: 0.25.20 (/opt/ros/humble/share/tf2_geometry_msgs/cmake)
[0.717s] -- Found eigen3_cmake_module: 0.1.1 (/opt/ros/humble/share/eigen3_cmake_module/cmake)
[0.719s] -- Found Eigen3: TRUE (found version "3.4.0") 
[0.719s] -- Ensuring Eigen3 include directory is part of orocos-kdl CMake target
[1.052s] -- Found ament_cmake_ros: 0.10.0 (/opt/ros/humble/share/ament_cmake_ros/cmake)
[1.438s] -- Using all available rosidl_typesupport_c: rosidl_typesupport_fastrtps_c;rosidl_typesupport_introspection_c
[1.615s] -- Using all available rosidl_typesupport_cpp: rosidl_typesupport_fastrtps_cpp;rosidl_typesupport_introspection_cpp
[1.651s] -- Found python_cmake_module: 0.10.0 (/opt/ros/humble/share/python_cmake_module/cmake)
[1.681s] -- Using PYTHON_EXECUTABLE: /usr/bin/python3
[1.681s] -- Using PYTHON_INCLUDE_DIRS: /usr/include/python3.10
[1.681s] -- Using PYTHON_LIBRARIES: /usr/lib/x86_64-linux-gnu/libpython3.10.so
[1.779s] -- Found ament_lint_auto: 0.12.15 (/opt/ros/humble/share/ament_lint_auto/cmake)
[1.792s] -- Added test 'cppcheck' to perform static code analysis on C / C++ code
[1.793s] -- Configured cppcheck include dirs: 
[1.793s] -- Configured cppcheck exclude dirs and/or files: 
[1.793s] -- Added test 'flake8' to check Python code syntax and style conventions
[1.794s] -- Added test 'lint_cmake' to check CMake code style
[1.794s] -- Added test 'pep257' to check Python code against some of the docstring style conventions in PEP 257
[1.795s] -- Added test 'uncrustify' to check C / C++ code style
[1.796s] -- Configured uncrustify additional arguments: 
[1.796s] -- Added test 'xmllint' to check XML markup files
[1.801s] [0mCMake Deprecation Warning at /opt/ros/humble/share/rosidl_cmake/cmake/rosidl_target_interfaces.cmake:32 (message):
[1.801s]   Use rosidl_get_typesupport_target() and target_link_libraries() instead of
[1.801s]   rosidl_target_interfaces()
[1.801s] Call Stack (most recent call first):
[1.801s]   CMakeLists.txt:53 (rosidl_target_interfaces)
[1.801s] 
[1.801s] [0m
[1.802s] [0mCMake Deprecation Warning at /opt/ros/humble/share/rosidl_cmake/cmake/rosidl_target_interfaces.cmake:32 (message):
[1.802s]   Use rosidl_get_typesupport_target() and target_link_libraries() instead of
[1.802s]   rosidl_target_interfaces()
[1.802s] Call Stack (most recent call first):
[1.802s]   CMakeLists.txt:59 (rosidl_target_interfaces)
[1.802s] 
[1.802s] [0m
[1.802s] [0mCMake Deprecation Warning at /opt/ros/humble/share/rosidl_cmake/cmake/rosidl_target_interfaces.cmake:32 (message):
[1.802s]   Use rosidl_get_typesupport_target() and target_link_libraries() instead of
[1.802s]   rosidl_target_interfaces()
[1.803s] Call Stack (most recent call first):
[1.803s]   CMakeLists.txt:65 (rosidl_target_interfaces)
[1.803s] 
[1.803s] [0m
[1.804s] -- Configuring done
[1.813s] [31mCMake Error at CMakeLists.txt:69 (add_executable):
[1.813s]   Cannot find source file:
[1.813s] 
[1.813s]     src/tf2_broadcaster.cpp
[1.813s] 
[1.813s]   Tried extensions .c .C .c++ .cc .cpp .cxx .cu .mpp .m .M .mm .ixx .cppm .h
[1.813s]   .hh .h++ .hm .hpp .hxx .in .txx .f .F .for .f77 .f90 .f95 .f03 .hip .ispc
[1.814s] 
[1.814s] [0m
[1.817s] [31mCMake Error at CMakeLists.txt:69 (add_executable):
[1.817s]   No SOURCES given to target: tf2_broadcaster
[1.817s] 
[1.817s] [0m
[1.817s] [0mCMake Generate step failed.  Build files cannot be regenerated correctly.[0m
[1.831s] Invoked command in '/home/loc/.distrobox/ros2-home/BTVN02/build/distance_warning' returned '1': CMAKE_PREFIX_PATH=/opt/ros/humble DEBUGINFOD_URLS=ima:enforcing https://debuginfod.fedoraproject.org/ ima:ignore PS1=\[\e]0;\u@\h: \w\a\]${debian_chroot:+($debian_chroot)}\[\033[01;32m\]\u@\h\[\033[00m\]:\[\033[01;34m\]\w\[\033[00m\]\$ /usr/bin/cmake /home/loc/.distrobox/ros2-home/BTVN02/src/distance_warning -DAMENT_CMAKE_SYMLINK_INSTALL=1 -DCMAKE_INSTALL_PREFIX=/home/loc/.distrobox/ros2-home/BTVN02/install/distance_warning
