[0.017s] Invoking command in '/home/loc/.distrobox/ros2-home/ros2_ws/build/distance_warning': CMAKE_PREFIX_PATH=${CMAKE_PREFIX_PATH}:/opt/ros/humble DEBUGINFOD_URLS=ima:enforcing https://debuginfod.fedoraproject.org/ ima:ignore PS1=\[\e]0;\u@\h: \w\a\]${debian_chroot:+($debian_chroot)}\[\033[01;32m\]\u@\h\[\033[00m\]:\[\033[01;34m\]\w\[\033[00m\]\$ /usr/bin/cmake --build /home/loc/.distrobox/ros2-home/ros2_ws/build/distance_warning -- -j32 -l32
[0.102s] [  2%] Built target distance_warning__cpp
[0.103s] [  4%] Built target distance_warning__rs
[0.107s] [ 12%] Built target distance_warning__rosidl_generator_c
[0.115s] [ 16%] Built target distance_listener
[0.116s] [ 20%] Built target distance_publisher
[0.122s] [ 20%] Built target ament_cmake_python_copy_distance_warning
[0.140s] [ 28%] Built target distance_warning__rosidl_typesupport_cpp
[0.144s] [ 36%] Built target distance_warning__rosidl_typesupport_fastrtps_cpp
[0.145s] [ 48%] Built target distance_warning__rosidl_typesupport_introspection_cpp
[0.145s] [ 52%] Built target distance_warning__rosidl_typesupport_fastrtps_c
[0.146s] [ 60%] Built target distance_warning__rosidl_typesupport_introspection_c
[0.147s] [ 68%] Built target distance_warning__rosidl_typesupport_c
[0.179s] [ 68%] Built target distance_warning
[0.200s] [35m[1mConsolidate compiler generated dependencies of target set_threshold_service[0m
[0.213s] [ 70%] Built target distance_warning__py
[0.228s] [ 74%] [32mBuilding CXX object CMakeFiles/distance_action_client.dir/src/distance_action_client.cpp.o[0m
[0.228s] [ 74%] [32mBuilding CXX object CMakeFiles/distance_action_server.dir/src/distance_action_server.cpp.o[0m
[0.231s] [ 78%] Built target set_threshold_service
[0.252s] [ 84%] Built target distance_warning__rosidl_generator_py
[0.290s] [ 88%] Built target distance_warning__rosidl_typesupport_c__pyext
[0.291s] [ 92%] Built target distance_warning__rosidl_typesupport_fastrtps_c__pyext
[0.291s] [ 96%] Built target distance_warning__rosidl_typesupport_introspection_c__pyext
[0.395s] running egg_info
[0.396s] writing distance_warning.egg-info/PKG-INFO
[0.396s] writing dependency_links to distance_warning.egg-info/dependency_links.txt
[0.396s] writing top-level names to distance_warning.egg-info/top_level.txt
[0.398s] reading manifest file 'distance_warning.egg-info/SOURCES.txt'
[0.399s] writing manifest file 'distance_warning.egg-info/SOURCES.txt'
[0.435s] [ 96%] Built target ament_cmake_python_build_distance_warning_egg
[4.118s] [ 98%] [32m[1mLinking CXX executable distance_action_server[0m
[4.171s] [100%] [32m[1mLinking CXX executable distance_action_client[0m
[4.326s] [100%] Built target distance_action_server
[4.361s] [100%] Built target distance_action_client
[4.382s] Invoked command in '/home/loc/.distrobox/ros2-home/ros2_ws/build/distance_warning' returned '0': CMAKE_PREFIX_PATH=${CMAKE_PREFIX_PATH}:/opt/ros/humble DEBUGINFOD_URLS=ima:enforcing https://debuginfod.fedoraproject.org/ ima:ignore PS1=\[\e]0;\u@\h: \w\a\]${debian_chroot:+($debian_chroot)}\[\033[01;32m\]\u@\h\[\033[00m\]:\[\033[01;34m\]\w\[\033[00m\]\$ /usr/bin/cmake --build /home/loc/.distrobox/ros2-home/ros2_ws/build/distance_warning -- -j32 -l32
[4.396s] Invoking command in '/home/loc/.distrobox/ros2-home/ros2_ws/build/distance_warning': CMAKE_PREFIX_PATH=${CMAKE_PREFIX_PATH}:/opt/ros/humble DEBUGINFOD_URLS=ima:enforcing https://debuginfod.fedoraproject.org/ ima:ignore PS1=\[\e]0;\u@\h: \w\a\]${debian_chroot:+($debian_chroot)}\[\033[01;32m\]\u@\h\[\033[00m\]:\[\033[01;34m\]\w\[\033[00m\]\$ /usr/bin/cmake --install /home/loc/.distrobox/ros2-home/ros2_ws/build/distance_warning
[4.404s] -- Install configuration: ""
[4.405s] -- Up-to-date: /home/loc/.distrobox/ros2-home/ros2_ws/install/distance_warning/share/ament_index/resource_index/rosidl_interfaces/distance_warning
[4.405s] -- Up-to-date: /home/loc/.distrobox/ros2-home/ros2_ws/install/distance_warning/include/distance_warning/distance_warning
[4.405s] -- Up-to-date: /home/loc/.distrobox/ros2-home/ros2_ws/install/distance_warning/include/distance_warning/distance_warning/msg
[4.406s] -- Up-to-date: /home/loc/.distrobox/ros2-home/ros2_ws/install/distance_warning/include/distance_warning/distance_warning/msg/rosidl_generator_c__visibility_control.h
[4.406s] -- Up-to-date: /home/loc/.distrobox/ros2-home/ros2_ws/install/distance_warning/include/distance_warning/distance_warning/srv
[4.406s] -- Up-to-date: /home/loc/.distrobox/ros2-home/ros2_ws/install/distance_warning/include/distance_warning/distance_warning/srv/set_threshold.h
[4.407s] -- Up-to-date: /home/loc/.distrobox/ros2-home/ros2_ws/install/distance_warning/include/distance_warning/distance_warning/srv/detail
[4.407s] -- Up-to-date: /home/loc/.distrobox/ros2-home/ros2_ws/install/distance_warning/include/distance_warning/distance_warning/srv/detail/set_threshold__functions.c
[4.407s] -- Up-to-date: /home/loc/.distrobox/ros2-home/ros2_ws/install/distance_warning/include/distance_warning/distance_warning/srv/detail/set_threshold__functions.h
[4.407s] -- Up-to-date: /home/loc/.distrobox/ros2-home/ros2_ws/install/distance_warning/include/distance_warning/distance_warning/srv/detail/set_threshold__struct.h
[4.407s] -- Up-to-date: /home/loc/.distrobox/ros2-home/ros2_ws/install/distance_warning/include/distance_warning/distance_warning/srv/detail/set_threshold__type_support.h
[4.408s] -- Up-to-date: /home/loc/.distrobox/ros2-home/ros2_ws/install/distance_warning/include/distance_warning/distance_warning/action
[4.408s] -- Up-to-date: /home/loc/.distrobox/ros2-home/ros2_ws/install/distance_warning/include/distance_warning/distance_warning/action/check_distance.h
[4.408s] -- Up-to-date: /home/loc/.distrobox/ros2-home/ros2_ws/install/distance_warning/include/distance_warning/distance_warning/action/detail
[4.408s] -- Up-to-date: /home/loc/.distrobox/ros2-home/ros2_ws/install/distance_warning/include/distance_warning/distance_warning/action/detail/check_distance__functions.c
[4.408s] -- Up-to-date: /home/loc/.distrobox/ros2-home/ros2_ws/install/distance_warning/include/distance_warning/distance_warning/action/detail/check_distance__functions.h
[4.408s] -- Up-to-date: /home/loc/.distrobox/ros2-home/ros2_ws/install/distance_warning/include/distance_warning/distance_warning/action/detail/check_distance__struct.h
[4.409s] -- Up-to-date: /home/loc/.distrobox/ros2-home/ros2_ws/install/distance_warning/include/distance_warning/distance_warning/action/detail/check_distance__type_support.h
[4.409s] -- Up-to-date: /home/loc/.distrobox/ros2-home/ros2_ws/install/distance_warning/share/distance_warning/environment/library_path.sh
[4.409s] -- Up-to-date: /home/loc/.distrobox/ros2-home/ros2_ws/install/distance_warning/share/distance_warning/environment/library_path.dsv
[4.409s] -- Up-to-date: /home/loc/.distrobox/ros2-home/ros2_ws/install/distance_warning/lib/libdistance_warning__rosidl_generator_c.so
[4.409s] -- Up-to-date: /home/loc/.distrobox/ros2-home/ros2_ws/install/distance_warning/include/distance_warning/distance_warning
[4.410s] -- Up-to-date: /home/loc/.distrobox/ros2-home/ros2_ws/install/distance_warning/include/distance_warning/distance_warning/msg
[4.410s] -- Up-to-date: /home/loc/.distrobox/ros2-home/ros2_ws/install/distance_warning/include/distance_warning/distance_warning/msg/rosidl_typesupport_fastrtps_c__visibility_control.h
[4.410s] -- Up-to-date: /home/loc/.distrobox/ros2-home/ros2_ws/install/distance_warning/include/distance_warning/distance_warning/srv
[4.410s] -- Up-to-date: /home/loc/.distrobox/ros2-home/ros2_ws/install/distance_warning/include/distance_warning/distance_warning/srv/detail
[4.410s] -- Up-to-date: /home/loc/.distrobox/ros2-home/ros2_ws/install/distance_warning/include/distance_warning/distance_warning/srv/detail/set_threshold__rosidl_typesupport_fastrtps_c.h
[4.410s] -- Up-to-date: /home/loc/.distrobox/ros2-home/ros2_ws/install/distance_warning/include/distance_warning/distance_warning/action
[4.410s] -- Up-to-date: /home/loc/.distrobox/ros2-home/ros2_ws/install/distance_warning/include/distance_warning/distance_warning/action/detail
[4.411s] -- Up-to-date: /home/loc/.distrobox/ros2-home/ros2_ws/install/distance_warning/include/distance_warning/distance_warning/action/detail/check_distance__rosidl_typesupport_fastrtps_c.h
[4.411s] -- Up-to-date: /home/loc/.distrobox/ros2-home/ros2_ws/install/distance_warning/lib/libdistance_warning__rosidl_typesupport_fastrtps_c.so
[4.411s] -- Up-to-date: /home/loc/.distrobox/ros2-home/ros2_ws/install/distance_warning/include/distance_warning/distance_warning
[4.411s] -- Up-to-date: /home/loc/.distrobox/ros2-home/ros2_ws/install/distance_warning/include/distance_warning/distance_warning/msg
[4.411s] -- Up-to-date: /home/loc/.distrobox/ros2-home/ros2_ws/install/distance_warning/include/distance_warning/distance_warning/msg/rosidl_generator_cpp__visibility_control.hpp
[4.411s] -- Up-to-date: /home/loc/.distrobox/ros2-home/ros2_ws/install/distance_warning/include/distance_warning/distance_warning/srv
[4.411s] -- Up-to-date: /home/loc/.distrobox/ros2-home/ros2_ws/install/distance_warning/include/distance_warning/distance_warning/srv/set_threshold.hpp
[4.411s] -- Up-to-date: /home/loc/.distrobox/ros2-home/ros2_ws/install/distance_warning/include/distance_warning/distance_warning/srv/detail
[4.412s] -- Up-to-date: /home/loc/.distrobox/ros2-home/ros2_ws/install/distance_warning/include/distance_warning/distance_warning/srv/detail/set_threshold__builder.hpp
[4.412s] -- Up-to-date: /home/loc/.distrobox/ros2-home/ros2_ws/install/distance_warning/include/distance_warning/distance_warning/srv/detail/set_threshold__struct.hpp
[4.412s] -- Up-to-date: /home/loc/.distrobox/ros2-home/ros2_ws/install/distance_warning/include/distance_warning/distance_warning/srv/detail/set_threshold__traits.hpp
[4.412s] -- Up-to-date: /home/loc/.distrobox/ros2-home/ros2_ws/install/distance_warning/include/distance_warning/distance_warning/srv/detail/set_threshold__type_support.hpp
[4.412s] -- Up-to-date: /home/loc/.distrobox/ros2-home/ros2_ws/install/distance_warning/include/distance_warning/distance_warning/action
[4.412s] -- Up-to-date: /home/loc/.distrobox/ros2-home/ros2_ws/install/distance_warning/include/distance_warning/distance_warning/action/check_distance.hpp
[4.412s] -- Up-to-date: /home/loc/.distrobox/ros2-home/ros2_ws/install/distance_warning/include/distance_warning/distance_warning/action/detail
[4.413s] -- Up-to-date: /home/loc/.distrobox/ros2-home/ros2_ws/install/distance_warning/include/distance_warning/distance_warning/action/detail/check_distance__builder.hpp
[4.413s] -- Up-to-date: /home/loc/.distrobox/ros2-home/ros2_ws/install/distance_warning/include/distance_warning/distance_warning/action/detail/check_distance__struct.hpp
[4.413s] -- Up-to-date: /home/loc/.distrobox/ros2-home/ros2_ws/install/distance_warning/include/distance_warning/distance_warning/action/detail/check_distance__traits.hpp
[4.413s] -- Up-to-date: /home/loc/.distrobox/ros2-home/ros2_ws/install/distance_warning/include/distance_warning/distance_warning/action/detail/check_distance__type_support.hpp
[4.413s] -- Up-to-date: /home/loc/.distrobox/ros2-home/ros2_ws/install/distance_warning/include/distance_warning/distance_warning
[4.413s] -- Up-to-date: /home/loc/.distrobox/ros2-home/ros2_ws/install/distance_warning/include/distance_warning/distance_warning/msg
[4.413s] -- Up-to-date: /home/loc/.distrobox/ros2-home/ros2_ws/install/distance_warning/include/distance_warning/distance_warning/msg/rosidl_typesupport_fastrtps_cpp__visibility_control.h
[4.413s] -- Up-to-date: /home/loc/.distrobox/ros2-home/ros2_ws/install/distance_warning/include/distance_warning/distance_warning/srv
[4.413s] -- Up-to-date: /home/loc/.distrobox/ros2-home/ros2_ws/install/distance_warning/include/distance_warning/distance_warning/srv/detail
[4.414s] -- Up-to-date: /home/loc/.distrobox/ros2-home/ros2_ws/install/distance_warning/include/distance_warning/distance_warning/srv/detail/set_threshold__rosidl_typesupport_fastrtps_cpp.hpp
[4.414s] -- Up-to-date: /home/loc/.distrobox/ros2-home/ros2_ws/install/distance_warning/include/distance_warning/distance_warning/srv/detail/dds_fastrtps
[4.414s] -- Up-to-date: /home/loc/.distrobox/ros2-home/ros2_ws/install/distance_warning/include/distance_warning/distance_warning/action
[4.414s] -- Up-to-date: /home/loc/.distrobox/ros2-home/ros2_ws/install/distance_warning/include/distance_warning/distance_warning/action/detail
[4.414s] -- Up-to-date: /home/loc/.distrobox/ros2-home/ros2_ws/install/distance_warning/include/distance_warning/distance_warning/action/detail/check_distance__rosidl_typesupport_fastrtps_cpp.hpp
[4.414s] -- Up-to-date: /home/loc/.distrobox/ros2-home/ros2_ws/install/distance_warning/include/distance_warning/distance_warning/action/detail/dds_fastrtps
[4.414s] -- Up-to-date: /home/loc/.distrobox/ros2-home/ros2_ws/install/distance_warning/lib/libdistance_warning__rosidl_typesupport_fastrtps_cpp.so
[4.414s] -- Up-to-date: /home/loc/.distrobox/ros2-home/ros2_ws/install/distance_warning/include/distance_warning/distance_warning
[4.414s] -- Up-to-date: /home/loc/.distrobox/ros2-home/ros2_ws/install/distance_warning/include/distance_warning/distance_warning/msg
[4.414s] -- Up-to-date: /home/loc/.distrobox/ros2-home/ros2_ws/install/distance_warning/include/distance_warning/distance_warning/msg/rosidl_typesupport_introspection_c__visibility_control.h
[4.414s] -- Up-to-date: /home/loc/.distrobox/ros2-home/ros2_ws/install/distance_warning/include/distance_warning/distance_warning/srv
[4.414s] -- Up-to-date: /home/loc/.distrobox/ros2-home/ros2_ws/install/distance_warning/include/distance_warning/distance_warning/srv/detail
[4.414s] -- Up-to-date: /home/loc/.distrobox/ros2-home/ros2_ws/install/distance_warning/include/distance_warning/distance_warning/srv/detail/set_threshold__rosidl_typesupport_introspection_c.h
[4.414s] -- Up-to-date: /home/loc/.distrobox/ros2-home/ros2_ws/install/distance_warning/include/distance_warning/distance_warning/srv/detail/set_threshold__type_support.c
[4.414s] -- Up-to-date: /home/loc/.distrobox/ros2-home/ros2_ws/install/distance_warning/include/distance_warning/distance_warning/action
[4.414s] -- Up-to-date: /home/loc/.distrobox/ros2-home/ros2_ws/install/distance_warning/include/distance_warning/distance_warning/action/detail
[4.414s] -- Up-to-date: /home/loc/.distrobox/ros2-home/ros2_ws/install/distance_warning/include/distance_warning/distance_warning/action/detail/check_distance__rosidl_typesupport_introspection_c.h
[4.415s] -- Up-to-date: /home/loc/.distrobox/ros2-home/ros2_ws/install/distance_warning/include/distance_warning/distance_warning/action/detail/check_distance__type_support.c
[4.415s] -- Up-to-date: /home/loc/.distrobox/ros2-home/ros2_ws/install/distance_warning/lib/libdistance_warning__rosidl_typesupport_introspection_c.so
[4.415s] -- Up-to-date: /home/loc/.distrobox/ros2-home/ros2_ws/install/distance_warning/lib/libdistance_warning__rosidl_typesupport_c.so
[4.415s] -- Up-to-date: /home/loc/.distrobox/ros2-home/ros2_ws/install/distance_warning/include/distance_warning/distance_warning
[4.415s] -- Up-to-date: /home/loc/.distrobox/ros2-home/ros2_ws/install/distance_warning/include/distance_warning/distance_warning/srv
[4.415s] -- Up-to-date: /home/loc/.distrobox/ros2-home/ros2_ws/install/distance_warning/include/distance_warning/distance_warning/srv/detail
[4.415s] -- Up-to-date: /home/loc/.distrobox/ros2-home/ros2_ws/install/distance_warning/include/distance_warning/distance_warning/srv/detail/set_threshold__rosidl_typesupport_introspection_cpp.hpp
[4.415s] -- Up-to-date: /home/loc/.distrobox/ros2-home/ros2_ws/install/distance_warning/include/distance_warning/distance_warning/srv/detail/set_threshold__type_support.cpp
[4.415s] -- Up-to-date: /home/loc/.distrobox/ros2-home/ros2_ws/install/distance_warning/include/distance_warning/distance_warning/action
[4.415s] -- Up-to-date: /home/loc/.distrobox/ros2-home/ros2_ws/install/distance_warning/include/distance_warning/distance_warning/action/detail
[4.415s] -- Up-to-date: /home/loc/.distrobox/ros2-home/ros2_ws/install/distance_warning/include/distance_warning/distance_warning/action/detail/check_distance__rosidl_typesupport_introspection_cpp.hpp
[4.415s] -- Up-to-date: /home/loc/.distrobox/ros2-home/ros2_ws/install/distance_warning/include/distance_warning/distance_warning/action/detail/check_distance__type_support.cpp
[4.415s] -- Up-to-date: /home/loc/.distrobox/ros2-home/ros2_ws/install/distance_warning/lib/libdistance_warning__rosidl_typesupport_introspection_cpp.so
[4.415s] -- Up-to-date: /home/loc/.distrobox/ros2-home/ros2_ws/install/distance_warning/lib/libdistance_warning__rosidl_typesupport_cpp.so
[4.415s] -- Up-to-date: /home/loc/.distrobox/ros2-home/ros2_ws/install/distance_warning/share/distance_warning/environment/pythonpath.sh
[4.415s] -- Up-to-date: /home/loc/.distrobox/ros2-home/ros2_ws/install/distance_warning/share/distance_warning/environment/pythonpath.dsv
[4.415s] -- Up-to-date: /home/loc/.distrobox/ros2-home/ros2_ws/install/distance_warning/local/lib/python3.10/dist-packages/distance_warning-0.0.0-py3.10.egg-info
[4.415s] -- Installing: /home/loc/.distrobox/ros2-home/ros2_ws/install/distance_warning/local/lib/python3.10/dist-packages/distance_warning-0.0.0-py3.10.egg-info/PKG-INFO
[4.416s] -- Installing: /home/loc/.distrobox/ros2-home/ros2_ws/install/distance_warning/local/lib/python3.10/dist-packages/distance_warning-0.0.0-py3.10.egg-info/dependency_links.txt
[4.416s] -- Installing: /home/loc/.distrobox/ros2-home/ros2_ws/install/distance_warning/local/lib/python3.10/dist-packages/distance_warning-0.0.0-py3.10.egg-info/top_level.txt
[4.416s] -- Installing: /home/loc/.distrobox/ros2-home/ros2_ws/install/distance_warning/local/lib/python3.10/dist-packages/distance_warning-0.0.0-py3.10.egg-info/SOURCES.txt
[4.416s] -- Up-to-date: /home/loc/.distrobox/ros2-home/ros2_ws/install/distance_warning/local/lib/python3.10/dist-packages/distance_warning
[4.416s] -- Up-to-date: /home/loc/.distrobox/ros2-home/ros2_ws/install/distance_warning/local/lib/python3.10/dist-packages/distance_warning/__init__.py
[4.416s] -- Up-to-date: /home/loc/.distrobox/ros2-home/ros2_ws/install/distance_warning/local/lib/python3.10/dist-packages/distance_warning/srv
[4.416s] -- Up-to-date: /home/loc/.distrobox/ros2-home/ros2_ws/install/distance_warning/local/lib/python3.10/dist-packages/distance_warning/srv/_set_threshold.py
[4.416s] -- Up-to-date: /home/loc/.distrobox/ros2-home/ros2_ws/install/distance_warning/local/lib/python3.10/dist-packages/distance_warning/srv/_set_threshold_s.c
[4.416s] -- Up-to-date: /home/loc/.distrobox/ros2-home/ros2_ws/install/distance_warning/local/lib/python3.10/dist-packages/distance_warning/srv/__init__.py
[4.416s] -- Up-to-date: /home/loc/.distrobox/ros2-home/ros2_ws/install/distance_warning/local/lib/python3.10/dist-packages/distance_warning/action
[4.416s] -- Up-to-date: /home/loc/.distrobox/ros2-home/ros2_ws/install/distance_warning/local/lib/python3.10/dist-packages/distance_warning/action/_check_distance.py
[4.416s] -- Up-to-date: /home/loc/.distrobox/ros2-home/ros2_ws/install/distance_warning/local/lib/python3.10/dist-packages/distance_warning/action/_check_distance_s.c
[4.416s] -- Up-to-date: /home/loc/.distrobox/ros2-home/ros2_ws/install/distance_warning/local/lib/python3.10/dist-packages/distance_warning/action/__init__.py
[4.416s] -- Up-to-date: /home/loc/.distrobox/ros2-home/ros2_ws/install/distance_warning/local/lib/python3.10/dist-packages/distance_warning/_distance_warning_s.ep.rosidl_typesupport_fastrtps_c.c
[4.416s] -- Up-to-date: /home/loc/.distrobox/ros2-home/ros2_ws/install/distance_warning/local/lib/python3.10/dist-packages/distance_warning/_distance_warning_s.ep.rosidl_typesupport_introspection_c.c
[4.417s] -- Up-to-date: /home/loc/.distrobox/ros2-home/ros2_ws/install/distance_warning/local/lib/python3.10/dist-packages/distance_warning/_distance_warning_s.ep.rosidl_typesupport_c.c
[4.417s] -- Up-to-date: /home/loc/.distrobox/ros2-home/ros2_ws/install/distance_warning/local/lib/python3.10/dist-packages/distance_warning/libdistance_warning__rosidl_generator_py.so
[4.417s] -- Up-to-date: /home/loc/.distrobox/ros2-home/ros2_ws/install/distance_warning/local/lib/python3.10/dist-packages/distance_warning/distance_warning_s__rosidl_typesupport_introspection_c.cpython-310-x86_64-linux-gnu.so
[4.417s] -- Up-to-date: /home/loc/.distrobox/ros2-home/ros2_ws/install/distance_warning/local/lib/python3.10/dist-packages/distance_warning/distance_warning_s__rosidl_typesupport_fastrtps_c.cpython-310-x86_64-linux-gnu.so
[4.417s] -- Up-to-date: /home/loc/.distrobox/ros2-home/ros2_ws/install/distance_warning/local/lib/python3.10/dist-packages/distance_warning/distance_warning_s__rosidl_typesupport_c.cpython-310-x86_64-linux-gnu.so
[4.455s] Listing '/home/loc/.distrobox/ros2-home/ros2_ws/install/distance_warning/local/lib/python3.10/dist-packages/distance_warning'...
[4.455s] Listing '/home/loc/.distrobox/ros2-home/ros2_ws/install/distance_warning/local/lib/python3.10/dist-packages/distance_warning/action'...
[4.455s] Listing '/home/loc/.distrobox/ros2-home/ros2_ws/install/distance_warning/local/lib/python3.10/dist-packages/distance_warning/srv'...
[4.460s] -- Up-to-date: /home/loc/.distrobox/ros2-home/ros2_ws/install/distance_warning/local/lib/python3.10/dist-packages/distance_warning/distance_warning_s__rosidl_typesupport_fastrtps_c.cpython-310-x86_64-linux-gnu.so
[4.460s] -- Up-to-date: /home/loc/.distrobox/ros2-home/ros2_ws/install/distance_warning/local/lib/python3.10/dist-packages/distance_warning/distance_warning_s__rosidl_typesupport_introspection_c.cpython-310-x86_64-linux-gnu.so
[4.461s] -- Up-to-date: /home/loc/.distrobox/ros2-home/ros2_ws/install/distance_warning/local/lib/python3.10/dist-packages/distance_warning/distance_warning_s__rosidl_typesupport_c.cpython-310-x86_64-linux-gnu.so
[4.461s] -- Up-to-date: /home/loc/.distrobox/ros2-home/ros2_ws/install/distance_warning/lib/libdistance_warning__rosidl_generator_py.so
[4.461s] -- Up-to-date: /home/loc/.distrobox/ros2-home/ros2_ws/install/distance_warning/share/ament_index/resource_index/rust_packages/distance_warning
[4.461s] -- Up-to-date: /home/loc/.distrobox/ros2-home/ros2_ws/install/distance_warning/share/distance_warning/rust
[4.461s] -- Up-to-date: /home/loc/.distrobox/ros2-home/ros2_ws/install/distance_warning/share/distance_warning/rust/src
[4.461s] -- Up-to-date: /home/loc/.distrobox/ros2-home/ros2_ws/install/distance_warning/share/distance_warning/rust/src/srv.rs
[4.462s] -- Up-to-date: /home/loc/.distrobox/ros2-home/ros2_ws/install/distance_warning/share/distance_warning/rust/src/srv
[4.462s] -- Up-to-date: /home/loc/.distrobox/ros2-home/ros2_ws/install/distance_warning/share/distance_warning/rust/src/srv/rmw.rs
[4.462s] -- Up-to-date: /home/loc/.distrobox/ros2-home/ros2_ws/install/distance_warning/share/distance_warning/rust/src/action.rs
[4.462s] -- Up-to-date: /home/loc/.distrobox/ros2-home/ros2_ws/install/distance_warning/share/distance_warning/rust/src/action
[4.462s] -- Up-to-date: /home/loc/.distrobox/ros2-home/ros2_ws/install/distance_warning/share/distance_warning/rust/src/action/rmw.rs
[4.462s] -- Up-to-date: /home/loc/.distrobox/ros2-home/ros2_ws/install/distance_warning/share/distance_warning/rust/src/lib.rs
[4.462s] -- Up-to-date: /home/loc/.distrobox/ros2-home/ros2_ws/install/distance_warning/share/distance_warning/rust/Cargo.toml
[4.462s] -- Up-to-date: /home/loc/.distrobox/ros2-home/ros2_ws/install/distance_warning/share/distance_warning/rust/build.rs
[4.463s] -- Up-to-date: /home/loc/.distrobox/ros2-home/ros2_ws/install/distance_warning/share/distance_warning/srv/SetThreshold.idl
[4.463s] -- Up-to-date: /home/loc/.distrobox/ros2-home/ros2_ws/install/distance_warning/share/distance_warning/action/CheckDistance.idl
[4.463s] -- Up-to-date: /home/loc/.distrobox/ros2-home/ros2_ws/install/distance_warning/share/distance_warning/srv/SetThreshold.srv
[4.463s] -- Up-to-date: /home/loc/.distrobox/ros2-home/ros2_ws/install/distance_warning/share/distance_warning/srv/SetThreshold_Request.msg
[4.463s] -- Up-to-date: /home/loc/.distrobox/ros2-home/ros2_ws/install/distance_warning/share/distance_warning/srv/SetThreshold_Response.msg
[4.463s] -- Up-to-date: /home/loc/.distrobox/ros2-home/ros2_ws/install/distance_warning/share/distance_warning/action/CheckDistance.action
[4.463s] -- Up-to-date: /home/loc/.distrobox/ros2-home/ros2_ws/install/distance_warning/share/ament_index/resource_index/package_run_dependencies/distance_warning
[4.463s] -- Up-to-date: /home/loc/.distrobox/ros2-home/ros2_ws/install/distance_warning/share/ament_index/resource_index/parent_prefix_path/distance_warning
[4.463s] -- Up-to-date: /home/loc/.distrobox/ros2-home/ros2_ws/install/distance_warning/share/distance_warning/environment/ament_prefix_path.sh
[4.463s] -- Up-to-date: /home/loc/.distrobox/ros2-home/ros2_ws/install/distance_warning/share/distance_warning/environment/ament_prefix_path.dsv
[4.463s] -- Up-to-date: /home/loc/.distrobox/ros2-home/ros2_ws/install/distance_warning/share/distance_warning/environment/path.sh
[4.463s] -- Up-to-date: /home/loc/.distrobox/ros2-home/ros2_ws/install/distance_warning/share/distance_warning/environment/path.dsv
[4.463s] -- Up-to-date: /home/loc/.distrobox/ros2-home/ros2_ws/install/distance_warning/share/distance_warning/local_setup.bash
[4.463s] -- Up-to-date: /home/loc/.distrobox/ros2-home/ros2_ws/install/distance_warning/share/distance_warning/local_setup.sh
[4.464s] -- Up-to-date: /home/loc/.distrobox/ros2-home/ros2_ws/install/distance_warning/share/distance_warning/local_setup.zsh
[4.464s] -- Up-to-date: /home/loc/.distrobox/ros2-home/ros2_ws/install/distance_warning/share/distance_warning/local_setup.dsv
[4.464s] -- Installing: /home/loc/.distrobox/ros2-home/ros2_ws/install/distance_warning/share/distance_warning/package.dsv
[4.464s] -- Up-to-date: /home/loc/.distrobox/ros2-home/ros2_ws/install/distance_warning/share/ament_index/resource_index/packages/distance_warning
[4.464s] -- Up-to-date: /home/loc/.distrobox/ros2-home/ros2_ws/install/distance_warning/share/distance_warning/cmake/export_distance_warning__rosidl_generator_cExport.cmake
[4.464s] -- Up-to-date: /home/loc/.distrobox/ros2-home/ros2_ws/install/distance_warning/share/distance_warning/cmake/export_distance_warning__rosidl_generator_cExport-noconfig.cmake
[4.464s] -- Up-to-date: /home/loc/.distrobox/ros2-home/ros2_ws/install/distance_warning/share/distance_warning/cmake/export_distance_warning__rosidl_typesupport_fastrtps_cExport.cmake
[4.464s] -- Up-to-date: /home/loc/.distrobox/ros2-home/ros2_ws/install/distance_warning/share/distance_warning/cmake/export_distance_warning__rosidl_typesupport_fastrtps_cExport-noconfig.cmake
[4.464s] -- Up-to-date: /home/loc/.distrobox/ros2-home/ros2_ws/install/distance_warning/share/distance_warning/cmake/export_distance_warning__rosidl_generator_cppExport.cmake
[4.464s] -- Up-to-date: /home/loc/.distrobox/ros2-home/ros2_ws/install/distance_warning/share/distance_warning/cmake/export_distance_warning__rosidl_typesupport_fastrtps_cppExport.cmake
[4.464s] -- Up-to-date: /home/loc/.distrobox/ros2-home/ros2_ws/install/distance_warning/share/distance_warning/cmake/export_distance_warning__rosidl_typesupport_fastrtps_cppExport-noconfig.cmake
[4.464s] -- Up-to-date: /home/loc/.distrobox/ros2-home/ros2_ws/install/distance_warning/share/distance_warning/cmake/distance_warning__rosidl_typesupport_introspection_cExport.cmake
[4.464s] -- Up-to-date: /home/loc/.distrobox/ros2-home/ros2_ws/install/distance_warning/share/distance_warning/cmake/distance_warning__rosidl_typesupport_introspection_cExport-noconfig.cmake
[4.464s] -- Up-to-date: /home/loc/.distrobox/ros2-home/ros2_ws/install/distance_warning/share/distance_warning/cmake/distance_warning__rosidl_typesupport_cExport.cmake
[4.465s] -- Up-to-date: /home/loc/.distrobox/ros2-home/ros2_ws/install/distance_warning/share/distance_warning/cmake/distance_warning__rosidl_typesupport_cExport-noconfig.cmake
[4.465s] -- Up-to-date: /home/loc/.distrobox/ros2-home/ros2_ws/install/distance_warning/share/distance_warning/cmake/distance_warning__rosidl_typesupport_introspection_cppExport.cmake
[4.465s] -- Up-to-date: /home/loc/.distrobox/ros2-home/ros2_ws/install/distance_warning/share/distance_warning/cmake/distance_warning__rosidl_typesupport_introspection_cppExport-noconfig.cmake
[4.465s] -- Up-to-date: /home/loc/.distrobox/ros2-home/ros2_ws/install/distance_warning/share/distance_warning/cmake/distance_warning__rosidl_typesupport_cppExport.cmake
[4.465s] -- Up-to-date: /home/loc/.distrobox/ros2-home/ros2_ws/install/distance_warning/share/distance_warning/cmake/distance_warning__rosidl_typesupport_cppExport-noconfig.cmake
[4.465s] -- Up-to-date: /home/loc/.distrobox/ros2-home/ros2_ws/install/distance_warning/share/distance_warning/cmake/export_distance_warning__rosidl_generator_pyExport.cmake
[4.465s] -- Up-to-date: /home/loc/.distrobox/ros2-home/ros2_ws/install/distance_warning/share/distance_warning/cmake/export_distance_warning__rosidl_generator_pyExport-noconfig.cmake
[4.465s] -- Up-to-date: /home/loc/.distrobox/ros2-home/ros2_ws/install/distance_warning/share/distance_warning/cmake/rosidl_cmake-extras.cmake
[4.465s] -- Up-to-date: /home/loc/.distrobox/ros2-home/ros2_ws/install/distance_warning/share/distance_warning/cmake/ament_cmake_export_dependencies-extras.cmake
[4.465s] -- Up-to-date: /home/loc/.distrobox/ros2-home/ros2_ws/install/distance_warning/share/distance_warning/cmake/ament_cmake_export_include_directories-extras.cmake
[4.465s] -- Up-to-date: /home/loc/.distrobox/ros2-home/ros2_ws/install/distance_warning/share/distance_warning/cmake/ament_cmake_export_libraries-extras.cmake
[4.465s] -- Up-to-date: /home/loc/.distrobox/ros2-home/ros2_ws/install/distance_warning/share/distance_warning/cmake/ament_cmake_export_targets-extras.cmake
[4.465s] -- Up-to-date: /home/loc/.distrobox/ros2-home/ros2_ws/install/distance_warning/share/distance_warning/cmake/rosidl_cmake_export_typesupport_targets-extras.cmake
[4.465s] -- Up-to-date: /home/loc/.distrobox/ros2-home/ros2_ws/install/distance_warning/share/distance_warning/cmake/rosidl_cmake_export_typesupport_libraries-extras.cmake
[4.465s] -- Up-to-date: /home/loc/.distrobox/ros2-home/ros2_ws/install/distance_warning/share/distance_warning/cmake/distance_warningConfig.cmake
[4.465s] -- Up-to-date: /home/loc/.distrobox/ros2-home/ros2_ws/install/distance_warning/share/distance_warning/cmake/distance_warningConfig-version.cmake
[4.465s] -- Up-to-date: /home/loc/.distrobox/ros2-home/ros2_ws/install/distance_warning/share/distance_warning/package.xml
[4.465s] -- Up-to-date: /home/loc/.distrobox/ros2-home/ros2_ws/install/distance_warning/lib/distance_warning/distance_listener
[4.466s] -- Up-to-date: /home/loc/.distrobox/ros2-home/ros2_ws/install/distance_warning/lib/distance_warning/distance_publisher
[4.466s] -- Up-to-date: /home/loc/.distrobox/ros2-home/ros2_ws/install/distance_warning/lib/distance_warning/set_threshold_service
[4.466s] -- Installing: /home/loc/.distrobox/ros2-home/ros2_ws/install/distance_warning/lib/distance_warning/distance_action_server
[4.477s] -- Set runtime path of "/home/loc/.distrobox/ros2-home/ros2_ws/install/distance_warning/lib/distance_warning/distance_action_server" to ""
[4.477s] -- Installing: /home/loc/.distrobox/ros2-home/ros2_ws/install/distance_warning/lib/distance_warning/distance_action_client
[4.482s] -- Set runtime path of "/home/loc/.distrobox/ros2-home/ros2_ws/install/distance_warning/lib/distance_warning/distance_action_client" to ""
[4.482s] -- Up-to-date: /home/loc/.distrobox/ros2-home/ros2_ws/install/distance_warning/share/distance_warning//launch
[4.482s] -- Up-to-date: /home/loc/.distrobox/ros2-home/ros2_ws/install/distance_warning/share/distance_warning//launch/distance_warning.launch.py
[4.486s] Invoked command in '/home/loc/.distrobox/ros2-home/ros2_ws/build/distance_warning' returned '0': CMAKE_PREFIX_PATH=${CMAKE_PREFIX_PATH}:/opt/ros/humble DEBUGINFOD_URLS=ima:enforcing https://debuginfod.fedoraproject.org/ ima:ignore PS1=\[\e]0;\u@\h: \w\a\]${debian_chroot:+($debian_chroot)}\[\033[01;32m\]\u@\h\[\033[00m\]:\[\033[01;34m\]\w\[\033[00m\]\$ /usr/bin/cmake --install /home/loc/.distrobox/ros2-home/ros2_ws/build/distance_warning
