[0.014s] Invoking command in '/home/loc/.distrobox/ros2-home/BTVN02/build/distance_warning': CMAKE_PREFIX_PATH=${CMAKE_PREFIX_PATH}:/opt/ros/humble DEBUGINFOD_URLS=ima:enforcing https://debuginfod.fedoraproject.org/ ima:ignore PS1=\[\e]0;\u@\h: \w\a\]${debian_chroot:+($debian_chroot)}\[\033[01;32m\]\u@\h\[\033[00m\]:\[\033[01;34m\]\w\[\033[00m\]\$ /usr/bin/cmake /home/loc/.distrobox/ros2-home/BTVN02/src/distance_warning -DCMAKE_INSTALL_PREFIX=/home/loc/.distrobox/ros2-home/BTVN02/install/distance_warning
[0.105s] -- The C compiler identification is GNU 11.4.0
[0.182s] -- The CXX compiler identification is GNU 11.4.0
[0.192s] -- Detecting C compiler ABI info
[0.305s] -- Detecting C compiler ABI info - done
[0.319s] -- Check for working C compiler: /usr/bin/cc - skipped
[0.319s] -- Detecting C compile features
[0.320s] -- Detecting C compile features - done
[0.326s] -- Detecting CXX compiler ABI info
[0.461s] -- Detecting CXX compiler ABI info - done
[0.473s] -- Check for working CXX compiler: /usr/bin/c++ - skipped
[0.473s] -- Detecting CXX compile features
[0.474s] -- Detecting CXX compile features - done
[0.477s] -- Found ament_cmake: 1.3.14 (/opt/ros/humble/share/ament_cmake/cmake)
[0.680s] -- Found Python3: /usr/bin/python3 (found version "3.10.12") found components: Interpreter 
[0.777s] -- Found rclcpp: 16.0.19 (/opt/ros/humble/share/rclcpp/cmake)
[0.820s] -- Found rosidl_generator_c: 3.1.8 (/opt/ros/humble/share/rosidl_generator_c/cmake)
[0.824s] -- Found rosidl_adapter: 3.1.8 (/opt/ros/humble/share/rosidl_adapter/cmake)
[0.832s] -- Found rosidl_generator_cpp: 3.1.8 (/opt/ros/humble/share/rosidl_generator_cpp/cmake)
[0.846s] -- Using all available rosidl_typesupport_c: rosidl_typesupport_fastrtps_c;rosidl_typesupport_introspection_c
[0.863s] -- Using all available rosidl_typesupport_cpp: rosidl_typesupport_fastrtps_cpp;rosidl_typesupport_introspection_cpp
[0.906s] -- Found rmw_implementation_cmake: 6.1.2 (/opt/ros/humble/share/rmw_implementation_cmake/cmake)
[0.909s] -- Found rmw_fastrtps_cpp: 6.2.10 (/opt/ros/humble/share/rmw_fastrtps_cpp/cmake)
[1.038s] -- Found OpenSSL: /usr/lib/x86_64-linux-gnu/libcrypto.so (found version "3.0.2")  
[1.077s] -- Found FastRTPS: /opt/ros/humble/include  
[1.138s] -- Using RMW implementation 'rmw_fastrtps_cpp' as default
[1.146s] -- Looking for pthread.h
[1.250s] -- Looking for pthread.h - found
[1.251s] -- Performing Test CMAKE_HAVE_LIBC_PTHREAD
[1.363s] -- Performing Test CMAKE_HAVE_LIBC_PTHREAD - Success
[1.365s] -- Found Threads: TRUE  
[1.423s] -- Found rclcpp_action: 16.0.19 (/opt/ros/humble/share/rclcpp_action/cmake)
[1.465s] -- Found rosidl_default_generators: 1.2.1 (/opt/ros/humble/share/rosidl_default_generators/cmake)
[1.822s] -- Found ament_cmake_ros: 0.10.0 (/opt/ros/humble/share/ament_cmake_ros/cmake)
[2.234s] -- Using all available rosidl_typesupport_c: rosidl_typesupport_fastrtps_c;rosidl_typesupport_introspection_c
[2.388s] -- Using all available rosidl_typesupport_cpp: rosidl_typesupport_fastrtps_cpp;rosidl_typesupport_introspection_cpp
[2.414s] -- Found PythonInterp: /usr/bin/python3 (found suitable version "3.10.12", minimum required is "3.6") 
[2.415s] -- Found python_cmake_module: 0.10.0 (/opt/ros/humble/share/python_cmake_module/cmake)
[2.452s] -- Found PythonLibs: /usr/lib/x86_64-linux-gnu/libpython3.10.so (found suitable version "3.10.12", minimum required is "3.5") 
[2.452s] -- Using PYTHON_EXECUTABLE: /usr/bin/python3
[2.452s] -- Using PYTHON_INCLUDE_DIRS: /usr/include/python3.10
[2.452s] -- Using PYTHON_LIBRARIES: /usr/lib/x86_64-linux-gnu/libpython3.10.so
[2.478s] -- Found PythonExtra: .so  
[2.607s] -- Found ament_lint_auto: 0.12.15 (/opt/ros/humble/share/ament_lint_auto/cmake)
[2.635s] -- Added test 'cppcheck' to perform static code analysis on C / C++ code
[2.636s] -- Configured cppcheck include dirs: 
[2.636s] -- Configured cppcheck exclude dirs and/or files: 
[2.637s] -- Added test 'flake8' to check Python code syntax and style conventions
[2.638s] -- Added test 'lint_cmake' to check CMake code style
[2.638s] -- Added test 'pep257' to check Python code against some of the docstring style conventions in PEP 257
[2.639s] -- Added test 'uncrustify' to check C / C++ code style
[2.640s] -- Configured uncrustify additional arguments: 
[2.640s] -- Added test 'xmllint' to check XML markup files
[2.646s] [0mCMake Deprecation Warning at /opt/ros/humble/share/rosidl_cmake/cmake/rosidl_target_interfaces.cmake:32 (message):
[2.646s]   Use rosidl_get_typesupport_target() and target_link_libraries() instead of
[2.646s]   rosidl_target_interfaces()
[2.646s] Call Stack (most recent call first):
[2.646s]   CMakeLists.txt:49 (rosidl_target_interfaces)
[2.646s] 
[2.646s] [0m
[2.647s] [0mCMake Deprecation Warning at /opt/ros/humble/share/rosidl_cmake/cmake/rosidl_target_interfaces.cmake:32 (message):
[2.647s]   Use rosidl_get_typesupport_target() and target_link_libraries() instead of
[2.647s]   rosidl_target_interfaces()
[2.647s] Call Stack (most recent call first):
[2.647s]   CMakeLists.txt:55 (rosidl_target_interfaces)
[2.647s] 
[2.647s] [0m
[2.648s] [0mCMake Deprecation Warning at /opt/ros/humble/share/rosidl_cmake/cmake/rosidl_target_interfaces.cmake:32 (message):
[2.648s]   Use rosidl_get_typesupport_target() and target_link_libraries() instead of
[2.648s]   rosidl_target_interfaces()
[2.648s] Call Stack (most recent call first):
[2.648s]   CMakeLists.txt:61 (rosidl_target_interfaces)
[2.649s] 
[2.649s] [0m
[2.649s] -- Configuring done
[2.714s] -- Generating done
[2.742s] -- Build files have been written to: /home/loc/.distrobox/ros2-home/BTVN02/build/distance_warning
[2.756s] Invoked command in '/home/loc/.distrobox/ros2-home/BTVN02/build/distance_warning' returned '0': CMAKE_PREFIX_PATH=${CMAKE_PREFIX_PATH}:/opt/ros/humble DEBUGINFOD_URLS=ima:enforcing https://debuginfod.fedoraproject.org/ ima:ignore PS1=\[\e]0;\u@\h: \w\a\]${debian_chroot:+($debian_chroot)}\[\033[01;32m\]\u@\h\[\033[00m\]:\[\033[01;34m\]\w\[\033[00m\]\$ /usr/bin/cmake /home/loc/.distrobox/ros2-home/BTVN02/src/distance_warning -DCMAKE_INSTALL_PREFIX=/home/loc/.distrobox/ros2-home/BTVN02/install/distance_warning
[2.760s] Invoking command in '/home/loc/.distrobox/ros2-home/BTVN02/build/distance_warning': CMAKE_PREFIX_PATH=${CMAKE_PREFIX_PATH}:/opt/ros/humble DEBUGINFOD_URLS=ima:enforcing https://debuginfod.fedoraproject.org/ ima:ignore PS1=\[\e]0;\u@\h: \w\a\]${debian_chroot:+($debian_chroot)}\[\033[01;32m\]\u@\h\[\033[00m\]:\[\033[01;34m\]\w\[\033[00m\]\$ /usr/bin/cmake --build /home/loc/.distrobox/ros2-home/BTVN02/build/distance_warning -- -j32 -l32
[2.815s] [  2%] [34m[1mGenerating C code for ROS interfaces[0m
[2.837s] [  4%] [34m[1mGenerating C++ code for ROS interfaces[0m
[2.838s] [  6%] [34m[1mGenerating Rust code for ROS interfaces[0m
[2.838s] [  8%] [32mBuilding CXX object CMakeFiles/distance_listener.dir/src/distance_listener.cpp.o[0m
[2.840s] [ 10%] [32mBuilding CXX object CMakeFiles/distance_publisher.dir/src/distance_publisher.cpp.o[0m
[2.847s] [ 10%] Built target ament_cmake_python_copy_distance_warning
[3.115s] running egg_info
[3.115s] creating distance_warning.egg-info
[3.116s] writing distance_warning.egg-info/PKG-INFO
[3.116s] writing dependency_links to distance_warning.egg-info/dependency_links.txt
[3.116s] writing top-level names to distance_warning.egg-info/top_level.txt
[3.116s] writing manifest file 'distance_warning.egg-info/SOURCES.txt'
[3.118s] reading manifest file 'distance_warning.egg-info/SOURCES.txt'
[3.119s] writing manifest file 'distance_warning.egg-info/SOURCES.txt'
[3.155s] [ 10%] Built target ament_cmake_python_build_distance_warning_egg
[3.303s] [ 10%] Built target distance_warning__rs
[3.417s] [ 12%] [32mBuilding C object CMakeFiles/distance_warning__rosidl_generator_c.dir/rosidl_generator_c/distance_warning/srv/detail/set_threshold__functions.c.o[0m
[3.418s] [ 14%] [32mBuilding C object CMakeFiles/distance_warning__rosidl_generator_c.dir/rosidl_generator_c/distance_warning/action/detail/check_distance__functions.c.o[0m
[3.432s] [ 14%] Built target distance_warning__cpp
[3.448s] [ 18%] [34m[1mGenerating C++ introspection for ROS interfaces[0m
[3.449s] [ 18%] [34m[1mGenerating C++ type support dispatch for ROS interfaces[0m
[3.450s] [ 20%] [34m[1mGenerating C++ type support for eProsima Fast-RTPS[0m
[3.605s] [ 22%] [32m[1mLinking C shared library libdistance_warning__rosidl_generator_c.so[0m
[3.669s] [ 22%] Built target distance_warning__rosidl_generator_c
[3.686s] [ 24%] [34m[1mGenerating C type support for eProsima Fast-RTPS[0m
[3.687s] [ 28%] [34m[1mGenerating C introspection for ROS interfaces[0m
[3.687s] [ 28%] [34m[1mGenerating C type support dispatch for ROS interfaces[0m
[3.846s] [ 32%] [32mBuilding CXX object CMakeFiles/distance_warning__rosidl_typesupport_cpp.dir/rosidl_typesupport_cpp/distance_warning/srv/set_threshold__type_support.cpp.o[0m
[3.846s] [ 32%] [32mBuilding CXX object CMakeFiles/distance_warning__rosidl_typesupport_cpp.dir/rosidl_typesupport_cpp/distance_warning/action/check_distance__type_support.cpp.o[0m
[3.898s] [ 36%] [32mBuilding CXX object CMakeFiles/distance_warning__rosidl_typesupport_introspection_cpp.dir/rosidl_typesupport_introspection_cpp/distance_warning/srv/detail/set_threshold__type_support.cpp.o[0m
[3.898s] [ 36%] [32mBuilding CXX object CMakeFiles/distance_warning__rosidl_typesupport_introspection_cpp.dir/rosidl_typesupport_introspection_cpp/distance_warning/action/detail/check_distance__type_support.cpp.o[0m
[4.063s] [ 40%] [32mBuilding CXX object CMakeFiles/distance_warning__rosidl_typesupport_fastrtps_cpp.dir/rosidl_typesupport_fastrtps_cpp/distance_warning/action/detail/dds_fastrtps/check_distance__type_support.cpp.o[0m
[4.063s] [ 40%] [32mBuilding CXX object CMakeFiles/distance_warning__rosidl_typesupport_fastrtps_cpp.dir/rosidl_typesupport_fastrtps_cpp/distance_warning/srv/detail/dds_fastrtps/set_threshold__type_support.cpp.o[0m
[4.079s] [ 42%] [32mBuilding CXX object CMakeFiles/distance_warning__rosidl_typesupport_c.dir/rosidl_typesupport_c/distance_warning/action/check_distance__type_support.cpp.o[0m
[4.080s] [ 44%] [32mBuilding CXX object CMakeFiles/distance_warning__rosidl_typesupport_c.dir/rosidl_typesupport_c/distance_warning/srv/set_threshold__type_support.cpp.o[0m
[4.142s] [ 46%] [32m[1mLinking CXX shared library libdistance_warning__rosidl_typesupport_c.so[0m
[4.178s] [ 48%] [32mBuilding C object CMakeFiles/distance_warning__rosidl_typesupport_introspection_c.dir/rosidl_typesupport_introspection_c/distance_warning/action/detail/check_distance__type_support.c.o[0m
[4.178s] [ 50%] [32mBuilding C object CMakeFiles/distance_warning__rosidl_typesupport_introspection_c.dir/rosidl_typesupport_introspection_c/distance_warning/srv/detail/set_threshold__type_support.c.o[0m
[4.215s] [ 50%] Built target distance_warning__rosidl_typesupport_c
[4.248s] [ 52%] [32m[1mLinking C shared library libdistance_warning__rosidl_typesupport_introspection_c.so[0m
[4.301s] [ 52%] Built target distance_warning__rosidl_typesupport_introspection_c
[4.384s] [ 56%] [32mBuilding CXX object CMakeFiles/distance_warning__rosidl_typesupport_fastrtps_c.dir/rosidl_typesupport_fastrtps_c/distance_warning/action/detail/check_distance__type_support_c.cpp.o[0m
[4.384s] [ 56%] [32mBuilding CXX object CMakeFiles/distance_warning__rosidl_typesupport_fastrtps_c.dir/rosidl_typesupport_fastrtps_c/distance_warning/srv/detail/set_threshold__type_support_c.cpp.o[0m
[4.620s] [ 58%] [32m[1mLinking CXX shared library libdistance_warning__rosidl_typesupport_introspection_cpp.so[0m
[4.626s] [ 60%] [32m[1mLinking CXX shared library libdistance_warning__rosidl_typesupport_cpp.so[0m
[4.697s] [ 60%] Built target distance_warning__rosidl_typesupport_cpp
[4.744s] [ 60%] Built target distance_warning__rosidl_typesupport_introspection_cpp
[4.797s] [ 62%] [32m[1mLinking CXX shared library libdistance_warning__rosidl_typesupport_fastrtps_cpp.so[0m
[4.832s] [ 64%] [32m[1mLinking CXX shared library libdistance_warning__rosidl_typesupport_fastrtps_c.so[0m
[4.896s] [ 64%] Built target distance_warning__rosidl_typesupport_fastrtps_cpp
[4.934s] [ 64%] Built target distance_warning__rosidl_typesupport_fastrtps_c
[4.964s] [ 64%] Built target distance_warning
[4.996s] [ 66%] [32mBuilding CXX object CMakeFiles/distance_action_client.dir/src/distance_action_client.cpp.o[0m
[4.997s] [ 68%] [32mBuilding CXX object CMakeFiles/set_threshold_service.dir/src/set_threshold_service.cpp.o[0m
[4.999s] [ 70%] [34m[1mGenerating Python code for ROS interfaces[0m
[4.999s] [ 72%] [32mBuilding CXX object CMakeFiles/distance_action_server.dir/src/distance_action_server.cpp.o[0m
[5.992s] [ 72%] Built target distance_warning__py
[6.026s] [ 74%] [32mBuilding C object CMakeFiles/distance_warning__rosidl_generator_py.dir/rosidl_generator_py/distance_warning/srv/_set_threshold_s.c.o[0m
[6.027s] [ 76%] [32mBuilding C object CMakeFiles/distance_warning__rosidl_generator_py.dir/rosidl_generator_py/distance_warning/action/_check_distance_s.c.o[0m
[6.202s] [ 78%] [32m[1mLinking C shared library rosidl_generator_py/distance_warning/libdistance_warning__rosidl_generator_py.so[0m
[6.272s] [ 78%] Built target distance_warning__rosidl_generator_py
[6.303s] [ 80%] [32mBuilding C object CMakeFiles/distance_warning__rosidl_typesupport_fastrtps_c__pyext.dir/rosidl_generator_py/distance_warning/_distance_warning_s.ep.rosidl_typesupport_fastrtps_c.c.o[0m
[6.308s] [ 82%] [32mBuilding C object CMakeFiles/distance_warning__rosidl_typesupport_introspection_c__pyext.dir/rosidl_generator_py/distance_warning/_distance_warning_s.ep.rosidl_typesupport_introspection_c.c.o[0m
[6.308s] [ 84%] [32mBuilding C object CMakeFiles/distance_warning__rosidl_typesupport_c__pyext.dir/rosidl_generator_py/distance_warning/_distance_warning_s.ep.rosidl_typesupport_c.c.o[0m
[6.465s] [ 86%] [32m[1mLinking C shared library rosidl_generator_py/distance_warning/distance_warning_s__rosidl_typesupport_introspection_c.cpython-310-x86_64-linux-gnu.so[0m
[6.471s] [ 88%] [32m[1mLinking C shared library rosidl_generator_py/distance_warning/distance_warning_s__rosidl_typesupport_c.cpython-310-x86_64-linux-gnu.so[0m
[6.483s] [ 90%] [32m[1mLinking C shared library rosidl_generator_py/distance_warning/distance_warning_s__rosidl_typesupport_fastrtps_c.cpython-310-x86_64-linux-gnu.so[0m
[6.523s] [ 90%] Built target distance_warning__rosidl_typesupport_introspection_c__pyext
[6.530s] [ 90%] Built target distance_warning__rosidl_typesupport_c__pyext
[6.542s] [ 90%] Built target distance_warning__rosidl_typesupport_fastrtps_c__pyext
[7.301s] [ 92%] [32m[1mLinking CXX executable distance_publisher[0m
[7.520s] [ 92%] Built target distance_publisher
[8.822s] [ 94%] [32m[1mLinking CXX executable distance_action_server[0m
[8.826s] [ 96%] [32m[1mLinking CXX executable distance_action_client[0m
[9.002s] [ 96%] Built target distance_action_server
[9.010s] [ 96%] Built target distance_action_client
[9.822s] [ 98%] [32m[1mLinking CXX executable set_threshold_service[0m
[10.068s] [ 98%] Built target set_threshold_service
[10.926s] [100%] [32m[1mLinking CXX executable distance_listener[0m
[11.355s] [100%] Built target distance_listener
[11.377s] Invoked command in '/home/loc/.distrobox/ros2-home/BTVN02/build/distance_warning' returned '0': CMAKE_PREFIX_PATH=${CMAKE_PREFIX_PATH}:/opt/ros/humble DEBUGINFOD_URLS=ima:enforcing https://debuginfod.fedoraproject.org/ ima:ignore PS1=\[\e]0;\u@\h: \w\a\]${debian_chroot:+($debian_chroot)}\[\033[01;32m\]\u@\h\[\033[00m\]:\[\033[01;34m\]\w\[\033[00m\]\$ /usr/bin/cmake --build /home/loc/.distrobox/ros2-home/BTVN02/build/distance_warning -- -j32 -l32
[11.395s] Invoking command in '/home/loc/.distrobox/ros2-home/BTVN02/build/distance_warning': CMAKE_PREFIX_PATH=${CMAKE_PREFIX_PATH}:/opt/ros/humble DEBUGINFOD_URLS=ima:enforcing https://debuginfod.fedoraproject.org/ ima:ignore PS1=\[\e]0;\u@\h: \w\a\]${debian_chroot:+($debian_chroot)}\[\033[01;32m\]\u@\h\[\033[00m\]:\[\033[01;34m\]\w\[\033[00m\]\$ /usr/bin/cmake --install /home/loc/.distrobox/ros2-home/BTVN02/build/distance_warning
[11.409s] -- Install configuration: ""
[11.410s] -- Installing: /home/loc/.distrobox/ros2-home/BTVN02/install/distance_warning/share/ament_index/resource_index/rosidl_interfaces/distance_warning
[11.410s] -- Installing: /home/loc/.distrobox/ros2-home/BTVN02/install/distance_warning/include/distance_warning/distance_warning
[11.410s] -- Installing: /home/loc/.distrobox/ros2-home/BTVN02/install/distance_warning/include/distance_warning/distance_warning/msg
[11.410s] -- Installing: /home/loc/.distrobox/ros2-home/BTVN02/install/distance_warning/include/distance_warning/distance_warning/msg/rosidl_generator_c__visibility_control.h
[11.411s] -- Installing: /home/loc/.distrobox/ros2-home/BTVN02/install/distance_warning/include/distance_warning/distance_warning/srv
[11.411s] -- Installing: /home/loc/.distrobox/ros2-home/BTVN02/install/distance_warning/include/distance_warning/distance_warning/srv/set_threshold.h
[11.411s] -- Installing: /home/loc/.distrobox/ros2-home/BTVN02/install/distance_warning/include/distance_warning/distance_warning/srv/detail
[11.411s] -- Installing: /home/loc/.distrobox/ros2-home/BTVN02/install/distance_warning/include/distance_warning/distance_warning/srv/detail/set_threshold__functions.c
[11.419s] -- Installing: /home/loc/.distrobox/ros2-home/BTVN02/install/distance_warning/include/distance_warning/distance_warning/srv/detail/set_threshold__functions.h
[11.419s] -- Installing: /home/loc/.distrobox/ros2-home/BTVN02/install/distance_warning/include/distance_warning/distance_warning/srv/detail/set_threshold__struct.h
[11.419s] -- Installing: /home/loc/.distrobox/ros2-home/BTVN02/install/distance_warning/include/distance_warning/distance_warning/srv/detail/set_threshold__type_support.h
[11.420s] -- Installing: /home/loc/.distrobox/ros2-home/BTVN02/install/distance_warning/include/distance_warning/distance_warning/action
[11.420s] -- Installing: /home/loc/.distrobox/ros2-home/BTVN02/install/distance_warning/include/distance_warning/distance_warning/action/check_distance.h
[11.420s] -- Installing: /home/loc/.distrobox/ros2-home/BTVN02/install/distance_warning/include/distance_warning/distance_warning/action/detail
[11.421s] -- Installing: /home/loc/.distrobox/ros2-home/BTVN02/install/distance_warning/include/distance_warning/distance_warning/action/detail/check_distance__functions.c
[11.421s] -- Installing: /home/loc/.distrobox/ros2-home/BTVN02/install/distance_warning/include/distance_warning/distance_warning/action/detail/check_distance__functions.h
[11.422s] -- Installing: /home/loc/.distrobox/ros2-home/BTVN02/install/distance_warning/include/distance_warning/distance_warning/action/detail/check_distance__struct.h
[11.422s] -- Installing: /home/loc/.distrobox/ros2-home/BTVN02/install/distance_warning/include/distance_warning/distance_warning/action/detail/check_distance__type_support.h
[11.423s] -- Installing: /home/loc/.distrobox/ros2-home/BTVN02/install/distance_warning/share/distance_warning/environment/library_path.sh
[11.423s] -- Installing: /home/loc/.distrobox/ros2-home/BTVN02/install/distance_warning/share/distance_warning/environment/library_path.dsv
[11.424s] -- Installing: /home/loc/.distrobox/ros2-home/BTVN02/install/distance_warning/lib/libdistance_warning__rosidl_generator_c.so
[11.425s] -- Set runtime path of "/home/loc/.distrobox/ros2-home/BTVN02/install/distance_warning/lib/libdistance_warning__rosidl_generator_c.so" to ""
[11.425s] -- Up-to-date: /home/loc/.distrobox/ros2-home/BTVN02/install/distance_warning/include/distance_warning/distance_warning
[11.425s] -- Up-to-date: /home/loc/.distrobox/ros2-home/BTVN02/install/distance_warning/include/distance_warning/distance_warning/msg
[11.425s] -- Installing: /home/loc/.distrobox/ros2-home/BTVN02/install/distance_warning/include/distance_warning/distance_warning/msg/rosidl_typesupport_fastrtps_c__visibility_control.h
[11.426s] -- Up-to-date: /home/loc/.distrobox/ros2-home/BTVN02/install/distance_warning/include/distance_warning/distance_warning/srv
[11.426s] -- Up-to-date: /home/loc/.distrobox/ros2-home/BTVN02/install/distance_warning/include/distance_warning/distance_warning/srv/detail
[11.426s] -- Installing: /home/loc/.distrobox/ros2-home/BTVN02/install/distance_warning/include/distance_warning/distance_warning/srv/detail/set_threshold__rosidl_typesupport_fastrtps_c.h
[11.426s] -- Up-to-date: /home/loc/.distrobox/ros2-home/BTVN02/install/distance_warning/include/distance_warning/distance_warning/action
[11.426s] -- Up-to-date: /home/loc/.distrobox/ros2-home/BTVN02/install/distance_warning/include/distance_warning/distance_warning/action/detail
[11.427s] -- Installing: /home/loc/.distrobox/ros2-home/BTVN02/install/distance_warning/include/distance_warning/distance_warning/action/detail/check_distance__rosidl_typesupport_fastrtps_c.h
[11.427s] -- Installing: /home/loc/.distrobox/ros2-home/BTVN02/install/distance_warning/lib/libdistance_warning__rosidl_typesupport_fastrtps_c.so
[11.427s] -- Set runtime path of "/home/loc/.distrobox/ros2-home/BTVN02/install/distance_warning/lib/libdistance_warning__rosidl_typesupport_fastrtps_c.so" to ""
[11.427s] -- Up-to-date: /home/loc/.distrobox/ros2-home/BTVN02/install/distance_warning/include/distance_warning/distance_warning
[11.427s] -- Up-to-date: /home/loc/.distrobox/ros2-home/BTVN02/install/distance_warning/include/distance_warning/distance_warning/msg
[11.428s] -- Installing: /home/loc/.distrobox/ros2-home/BTVN02/install/distance_warning/include/distance_warning/distance_warning/msg/rosidl_generator_cpp__visibility_control.hpp
[11.428s] -- Up-to-date: /home/loc/.distrobox/ros2-home/BTVN02/install/distance_warning/include/distance_warning/distance_warning/srv
[11.428s] -- Installing: /home/loc/.distrobox/ros2-home/BTVN02/install/distance_warning/include/distance_warning/distance_warning/srv/set_threshold.hpp
[11.428s] -- Up-to-date: /home/loc/.distrobox/ros2-home/BTVN02/install/distance_warning/include/distance_warning/distance_warning/srv/detail
[11.428s] -- Installing: /home/loc/.distrobox/ros2-home/BTVN02/install/distance_warning/include/distance_warning/distance_warning/srv/detail/set_threshold__builder.hpp
[11.429s] -- Installing: /home/loc/.distrobox/ros2-home/BTVN02/install/distance_warning/include/distance_warning/distance_warning/srv/detail/set_threshold__struct.hpp
[11.429s] -- Installing: /home/loc/.distrobox/ros2-home/BTVN02/install/distance_warning/include/distance_warning/distance_warning/srv/detail/set_threshold__traits.hpp
[11.429s] -- Installing: /home/loc/.distrobox/ros2-home/BTVN02/install/distance_warning/include/distance_warning/distance_warning/srv/detail/set_threshold__type_support.hpp
[11.429s] -- Up-to-date: /home/loc/.distrobox/ros2-home/BTVN02/install/distance_warning/include/distance_warning/distance_warning/action
[11.429s] -- Installing: /home/loc/.distrobox/ros2-home/BTVN02/install/distance_warning/include/distance_warning/distance_warning/action/check_distance.hpp
[11.429s] -- Up-to-date: /home/loc/.distrobox/ros2-home/BTVN02/install/distance_warning/include/distance_warning/distance_warning/action/detail
[11.429s] -- Installing: /home/loc/.distrobox/ros2-home/BTVN02/install/distance_warning/include/distance_warning/distance_warning/action/detail/check_distance__builder.hpp
[11.429s] -- Installing: /home/loc/.distrobox/ros2-home/BTVN02/install/distance_warning/include/distance_warning/distance_warning/action/detail/check_distance__struct.hpp
[11.430s] -- Installing: /home/loc/.distrobox/ros2-home/BTVN02/install/distance_warning/include/distance_warning/distance_warning/action/detail/check_distance__traits.hpp
[11.430s] -- Installing: /home/loc/.distrobox/ros2-home/BTVN02/install/distance_warning/include/distance_warning/distance_warning/action/detail/check_distance__type_support.hpp
[11.431s] -- Up-to-date: /home/loc/.distrobox/ros2-home/BTVN02/install/distance_warning/include/distance_warning/distance_warning
[11.431s] -- Up-to-date: /home/loc/.distrobox/ros2-home/BTVN02/install/distance_warning/include/distance_warning/distance_warning/msg
[11.431s] -- Installing: /home/loc/.distrobox/ros2-home/BTVN02/install/distance_warning/include/distance_warning/distance_warning/msg/rosidl_typesupport_fastrtps_cpp__visibility_control.h
[11.431s] -- Up-to-date: /home/loc/.distrobox/ros2-home/BTVN02/install/distance_warning/include/distance_warning/distance_warning/srv
[11.431s] -- Up-to-date: /home/loc/.distrobox/ros2-home/BTVN02/install/distance_warning/include/distance_warning/distance_warning/srv/detail
[11.431s] -- Installing: /home/loc/.distrobox/ros2-home/BTVN02/install/distance_warning/include/distance_warning/distance_warning/srv/detail/set_threshold__rosidl_typesupport_fastrtps_cpp.hpp
[11.431s] -- Installing: /home/loc/.distrobox/ros2-home/BTVN02/install/distance_warning/include/distance_warning/distance_warning/srv/detail/dds_fastrtps
[11.431s] -- Up-to-date: /home/loc/.distrobox/ros2-home/BTVN02/install/distance_warning/include/distance_warning/distance_warning/action
[11.432s] -- Up-to-date: /home/loc/.distrobox/ros2-home/BTVN02/install/distance_warning/include/distance_warning/distance_warning/action/detail
[11.432s] -- Installing: /home/loc/.distrobox/ros2-home/BTVN02/install/distance_warning/include/distance_warning/distance_warning/action/detail/check_distance__rosidl_typesupport_fastrtps_cpp.hpp
[11.432s] -- Installing: /home/loc/.distrobox/ros2-home/BTVN02/install/distance_warning/include/distance_warning/distance_warning/action/detail/dds_fastrtps
[11.432s] -- Installing: /home/loc/.distrobox/ros2-home/BTVN02/install/distance_warning/lib/libdistance_warning__rosidl_typesupport_fastrtps_cpp.so
[11.433s] -- Set runtime path of "/home/loc/.distrobox/ros2-home/BTVN02/install/distance_warning/lib/libdistance_warning__rosidl_typesupport_fastrtps_cpp.so" to ""
[11.433s] -- Up-to-date: /home/loc/.distrobox/ros2-home/BTVN02/install/distance_warning/include/distance_warning/distance_warning
[11.433s] -- Up-to-date: /home/loc/.distrobox/ros2-home/BTVN02/install/distance_warning/include/distance_warning/distance_warning/msg
[11.434s] -- Installing: /home/loc/.distrobox/ros2-home/BTVN02/install/distance_warning/include/distance_warning/distance_warning/msg/rosidl_typesupport_introspection_c__visibility_control.h
[11.434s] -- Up-to-date: /home/loc/.distrobox/ros2-home/BTVN02/install/distance_warning/include/distance_warning/distance_warning/srv
[11.434s] -- Up-to-date: /home/loc/.distrobox/ros2-home/BTVN02/install/distance_warning/include/distance_warning/distance_warning/srv/detail
[11.434s] -- Installing: /home/loc/.distrobox/ros2-home/BTVN02/install/distance_warning/include/distance_warning/distance_warning/srv/detail/set_threshold__rosidl_typesupport_introspection_c.h
[11.434s] -- Installing: /home/loc/.distrobox/ros2-home/BTVN02/install/distance_warning/include/distance_warning/distance_warning/srv/detail/set_threshold__type_support.c
[11.434s] -- Up-to-date: /home/loc/.distrobox/ros2-home/BTVN02/install/distance_warning/include/distance_warning/distance_warning/action
[11.434s] -- Up-to-date: /home/loc/.distrobox/ros2-home/BTVN02/install/distance_warning/include/distance_warning/distance_warning/action/detail
[11.434s] -- Installing: /home/loc/.distrobox/ros2-home/BTVN02/install/distance_warning/include/distance_warning/distance_warning/action/detail/check_distance__rosidl_typesupport_introspection_c.h
[11.435s] -- Installing: /home/loc/.distrobox/ros2-home/BTVN02/install/distance_warning/include/distance_warning/distance_warning/action/detail/check_distance__type_support.c
[11.435s] -- Installing: /home/loc/.distrobox/ros2-home/BTVN02/install/distance_warning/lib/libdistance_warning__rosidl_typesupport_introspection_c.so
[11.436s] -- Set runtime path of "/home/loc/.distrobox/ros2-home/BTVN02/install/distance_warning/lib/libdistance_warning__rosidl_typesupport_introspection_c.so" to ""
[11.436s] -- Installing: /home/loc/.distrobox/ros2-home/BTVN02/install/distance_warning/lib/libdistance_warning__rosidl_typesupport_c.so
[11.438s] -- Set runtime path of "/home/loc/.distrobox/ros2-home/BTVN02/install/distance_warning/lib/libdistance_warning__rosidl_typesupport_c.so" to ""
[11.438s] -- Up-to-date: /home/loc/.distrobox/ros2-home/BTVN02/install/distance_warning/include/distance_warning/distance_warning
[11.438s] -- Up-to-date: /home/loc/.distrobox/ros2-home/BTVN02/install/distance_warning/include/distance_warning/distance_warning/srv
[11.438s] -- Up-to-date: /home/loc/.distrobox/ros2-home/BTVN02/install/distance_warning/include/distance_warning/distance_warning/srv/detail
[11.438s] -- Installing: /home/loc/.distrobox/ros2-home/BTVN02/install/distance_warning/include/distance_warning/distance_warning/srv/detail/set_threshold__rosidl_typesupport_introspection_cpp.hpp
[11.439s] -- Installing: /home/loc/.distrobox/ros2-home/BTVN02/install/distance_warning/include/distance_warning/distance_warning/srv/detail/set_threshold__type_support.cpp
[11.439s] -- Up-to-date: /home/loc/.distrobox/ros2-home/BTVN02/install/distance_warning/include/distance_warning/distance_warning/action
[11.439s] -- Up-to-date: /home/loc/.distrobox/ros2-home/BTVN02/install/distance_warning/include/distance_warning/distance_warning/action/detail
[11.439s] -- Installing: /home/loc/.distrobox/ros2-home/BTVN02/install/distance_warning/include/distance_warning/distance_warning/action/detail/check_distance__rosidl_typesupport_introspection_cpp.hpp
[11.439s] -- Installing: /home/loc/.distrobox/ros2-home/BTVN02/install/distance_warning/include/distance_warning/distance_warning/action/detail/check_distance__type_support.cpp
[11.440s] -- Installing: /home/loc/.distrobox/ros2-home/BTVN02/install/distance_warning/lib/libdistance_warning__rosidl_typesupport_introspection_cpp.so
[11.441s] -- Set runtime path of "/home/loc/.distrobox/ros2-home/BTVN02/install/distance_warning/lib/libdistance_warning__rosidl_typesupport_introspection_cpp.so" to ""
[11.441s] -- Installing: /home/loc/.distrobox/ros2-home/BTVN02/install/distance_warning/lib/libdistance_warning__rosidl_typesupport_cpp.so
[11.442s] -- Set runtime path of "/home/loc/.distrobox/ros2-home/BTVN02/install/distance_warning/lib/libdistance_warning__rosidl_typesupport_cpp.so" to ""
[11.442s] -- Installing: /home/loc/.distrobox/ros2-home/BTVN02/install/distance_warning/share/distance_warning/environment/pythonpath.sh
[11.443s] -- Installing: /home/loc/.distrobox/ros2-home/BTVN02/install/distance_warning/share/distance_warning/environment/pythonpath.dsv
[11.443s] -- Installing: /home/loc/.distrobox/ros2-home/BTVN02/install/distance_warning/local/lib/python3.10/dist-packages/distance_warning-0.0.0-py3.10.egg-info
[11.443s] -- Installing: /home/loc/.distrobox/ros2-home/BTVN02/install/distance_warning/local/lib/python3.10/dist-packages/distance_warning-0.0.0-py3.10.egg-info/PKG-INFO
[11.443s] -- Installing: /home/loc/.distrobox/ros2-home/BTVN02/install/distance_warning/local/lib/python3.10/dist-packages/distance_warning-0.0.0-py3.10.egg-info/dependency_links.txt
[11.443s] -- Installing: /home/loc/.distrobox/ros2-home/BTVN02/install/distance_warning/local/lib/python3.10/dist-packages/distance_warning-0.0.0-py3.10.egg-info/top_level.txt
[11.444s] -- Installing: /home/loc/.distrobox/ros2-home/BTVN02/install/distance_warning/local/lib/python3.10/dist-packages/distance_warning-0.0.0-py3.10.egg-info/SOURCES.txt
[11.444s] -- Installing: /home/loc/.distrobox/ros2-home/BTVN02/install/distance_warning/local/lib/python3.10/dist-packages/distance_warning
[11.444s] -- Installing: /home/loc/.distrobox/ros2-home/BTVN02/install/distance_warning/local/lib/python3.10/dist-packages/distance_warning/__init__.py
[11.444s] -- Installing: /home/loc/.distrobox/ros2-home/BTVN02/install/distance_warning/local/lib/python3.10/dist-packages/distance_warning/srv
[11.444s] -- Installing: /home/loc/.distrobox/ros2-home/BTVN02/install/distance_warning/local/lib/python3.10/dist-packages/distance_warning/srv/_set_threshold.py
[11.445s] -- Installing: /home/loc/.distrobox/ros2-home/BTVN02/install/distance_warning/local/lib/python3.10/dist-packages/distance_warning/srv/_set_threshold_s.c
[11.445s] -- Installing: /home/loc/.distrobox/ros2-home/BTVN02/install/distance_warning/local/lib/python3.10/dist-packages/distance_warning/srv/__init__.py
[11.445s] -- Installing: /home/loc/.distrobox/ros2-home/BTVN02/install/distance_warning/local/lib/python3.10/dist-packages/distance_warning/action
[11.445s] -- Installing: /home/loc/.distrobox/ros2-home/BTVN02/install/distance_warning/local/lib/python3.10/dist-packages/distance_warning/action/_check_distance.py
[11.446s] -- Installing: /home/loc/.distrobox/ros2-home/BTVN02/install/distance_warning/local/lib/python3.10/dist-packages/distance_warning/action/_check_distance_s.c
[11.446s] -- Installing: /home/loc/.distrobox/ros2-home/BTVN02/install/distance_warning/local/lib/python3.10/dist-packages/distance_warning/action/__init__.py
[11.446s] -- Installing: /home/loc/.distrobox/ros2-home/BTVN02/install/distance_warning/local/lib/python3.10/dist-packages/distance_warning/_distance_warning_s.ep.rosidl_typesupport_fastrtps_c.c
[11.447s] -- Installing: /home/loc/.distrobox/ros2-home/BTVN02/install/distance_warning/local/lib/python3.10/dist-packages/distance_warning/_distance_warning_s.ep.rosidl_typesupport_introspection_c.c
[11.447s] -- Installing: /home/loc/.distrobox/ros2-home/BTVN02/install/distance_warning/local/lib/python3.10/dist-packages/distance_warning/_distance_warning_s.ep.rosidl_typesupport_c.c
[11.447s] -- Installing: /home/loc/.distrobox/ros2-home/BTVN02/install/distance_warning/local/lib/python3.10/dist-packages/distance_warning/libdistance_warning__rosidl_generator_py.so
[11.448s] -- Installing: /home/loc/.distrobox/ros2-home/BTVN02/install/distance_warning/local/lib/python3.10/dist-packages/distance_warning/distance_warning_s__rosidl_typesupport_introspection_c.cpython-310-x86_64-linux-gnu.so
[11.448s] -- Installing: /home/loc/.distrobox/ros2-home/BTVN02/install/distance_warning/local/lib/python3.10/dist-packages/distance_warning/distance_warning_s__rosidl_typesupport_c.cpython-310-x86_64-linux-gnu.so
[11.449s] -- Installing: /home/loc/.distrobox/ros2-home/BTVN02/install/distance_warning/local/lib/python3.10/dist-packages/distance_warning/distance_warning_s__rosidl_typesupport_fastrtps_c.cpython-310-x86_64-linux-gnu.so
[11.509s] Listing '/home/loc/.distrobox/ros2-home/BTVN02/install/distance_warning/local/lib/python3.10/dist-packages/distance_warning'...
[11.509s] Compiling '/home/loc/.distrobox/ros2-home/BTVN02/install/distance_warning/local/lib/python3.10/dist-packages/distance_warning/__init__.py'...
[11.509s] Listing '/home/loc/.distrobox/ros2-home/BTVN02/install/distance_warning/local/lib/python3.10/dist-packages/distance_warning/action'...
[11.509s] Compiling '/home/loc/.distrobox/ros2-home/BTVN02/install/distance_warning/local/lib/python3.10/dist-packages/distance_warning/action/__init__.py'...
[11.510s] Compiling '/home/loc/.distrobox/ros2-home/BTVN02/install/distance_warning/local/lib/python3.10/dist-packages/distance_warning/action/_check_distance.py'...
[11.510s] Listing '/home/loc/.distrobox/ros2-home/BTVN02/install/distance_warning/local/lib/python3.10/dist-packages/distance_warning/srv'...
[11.510s] Compiling '/home/loc/.distrobox/ros2-home/BTVN02/install/distance_warning/local/lib/python3.10/dist-packages/distance_warning/srv/__init__.py'...
[11.510s] Compiling '/home/loc/.distrobox/ros2-home/BTVN02/install/distance_warning/local/lib/python3.10/dist-packages/distance_warning/srv/_set_threshold.py'...
[11.515s] -- Installing: /home/loc/.distrobox/ros2-home/BTVN02/install/distance_warning/local/lib/python3.10/dist-packages/distance_warning/distance_warning_s__rosidl_typesupport_fastrtps_c.cpython-310-x86_64-linux-gnu.so
[11.515s] -- Set runtime path of "/home/loc/.distrobox/ros2-home/BTVN02/install/distance_warning/local/lib/python3.10/dist-packages/distance_warning/distance_warning_s__rosidl_typesupport_fastrtps_c.cpython-310-x86_64-linux-gnu.so" to ""
[11.516s] -- Installing: /home/loc/.distrobox/ros2-home/BTVN02/install/distance_warning/local/lib/python3.10/dist-packages/distance_warning/distance_warning_s__rosidl_typesupport_introspection_c.cpython-310-x86_64-linux-gnu.so
[11.516s] -- Set runtime path of "/home/loc/.distrobox/ros2-home/BTVN02/install/distance_warning/local/lib/python3.10/dist-packages/distance_warning/distance_warning_s__rosidl_typesupport_introspection_c.cpython-310-x86_64-linux-gnu.so" to ""
[11.517s] -- Installing: /home/loc/.distrobox/ros2-home/BTVN02/install/distance_warning/local/lib/python3.10/dist-packages/distance_warning/distance_warning_s__rosidl_typesupport_c.cpython-310-x86_64-linux-gnu.so
[11.517s] -- Set runtime path of "/home/loc/.distrobox/ros2-home/BTVN02/install/distance_warning/local/lib/python3.10/dist-packages/distance_warning/distance_warning_s__rosidl_typesupport_c.cpython-310-x86_64-linux-gnu.so" to ""
[11.517s] -- Installing: /home/loc/.distrobox/ros2-home/BTVN02/install/distance_warning/lib/libdistance_warning__rosidl_generator_py.so
[11.518s] -- Set runtime path of "/home/loc/.distrobox/ros2-home/BTVN02/install/distance_warning/lib/libdistance_warning__rosidl_generator_py.so" to ""
[11.518s] -- Installing: /home/loc/.distrobox/ros2-home/BTVN02/install/distance_warning/share/ament_index/resource_index/rust_packages/distance_warning
[11.518s] -- Installing: /home/loc/.distrobox/ros2-home/BTVN02/install/distance_warning/share/distance_warning/rust
[11.518s] -- Installing: /home/loc/.distrobox/ros2-home/BTVN02/install/distance_warning/share/distance_warning/rust/src
[11.518s] -- Installing: /home/loc/.distrobox/ros2-home/BTVN02/install/distance_warning/share/distance_warning/rust/src/srv.rs
[11.519s] -- Installing: /home/loc/.distrobox/ros2-home/BTVN02/install/distance_warning/share/distance_warning/rust/src/srv
[11.519s] -- Installing: /home/loc/.distrobox/ros2-home/BTVN02/install/distance_warning/share/distance_warning/rust/src/srv/rmw.rs
[11.519s] -- Installing: /home/loc/.distrobox/ros2-home/BTVN02/install/distance_warning/share/distance_warning/rust/src/action.rs
[11.519s] -- Installing: /home/loc/.distrobox/ros2-home/BTVN02/install/distance_warning/share/distance_warning/rust/src/action
[11.519s] -- Installing: /home/loc/.distrobox/ros2-home/BTVN02/install/distance_warning/share/distance_warning/rust/src/action/rmw.rs
[11.519s] -- Installing: /home/loc/.distrobox/ros2-home/BTVN02/install/distance_warning/share/distance_warning/rust/src/lib.rs
[11.520s] -- Installing: /home/loc/.distrobox/ros2-home/BTVN02/install/distance_warning/share/distance_warning/rust/Cargo.toml
[11.520s] -- Installing: /home/loc/.distrobox/ros2-home/BTVN02/install/distance_warning/share/distance_warning/rust/build.rs
[11.520s] -- Installing: /home/loc/.distrobox/ros2-home/BTVN02/install/distance_warning/share/distance_warning/srv/SetThreshold.idl
[11.520s] -- Installing: /home/loc/.distrobox/ros2-home/BTVN02/install/distance_warning/share/distance_warning/action/CheckDistance.idl
[11.520s] -- Installing: /home/loc/.distrobox/ros2-home/BTVN02/install/distance_warning/share/distance_warning/srv/SetThreshold.srv
[11.520s] -- Installing: /home/loc/.distrobox/ros2-home/BTVN02/install/distance_warning/share/distance_warning/srv/SetThreshold_Request.msg
[11.521s] -- Installing: /home/loc/.distrobox/ros2-home/BTVN02/install/distance_warning/share/distance_warning/srv/SetThreshold_Response.msg
[11.521s] -- Installing: /home/loc/.distrobox/ros2-home/BTVN02/install/distance_warning/share/distance_warning/action/CheckDistance.action
[11.521s] -- Installing: /home/loc/.distrobox/ros2-home/BTVN02/install/distance_warning/share/ament_index/resource_index/package_run_dependencies/distance_warning
[11.521s] -- Installing: /home/loc/.distrobox/ros2-home/BTVN02/install/distance_warning/share/ament_index/resource_index/parent_prefix_path/distance_warning
[11.521s] -- Installing: /home/loc/.distrobox/ros2-home/BTVN02/install/distance_warning/share/distance_warning/environment/ament_prefix_path.sh
[11.521s] -- Installing: /home/loc/.distrobox/ros2-home/BTVN02/install/distance_warning/share/distance_warning/environment/ament_prefix_path.dsv
[11.522s] -- Installing: /home/loc/.distrobox/ros2-home/BTVN02/install/distance_warning/share/distance_warning/environment/path.sh
[11.522s] -- Installing: /home/loc/.distrobox/ros2-home/BTVN02/install/distance_warning/share/distance_warning/environment/path.dsv
[11.522s] -- Installing: /home/loc/.distrobox/ros2-home/BTVN02/install/distance_warning/share/distance_warning/local_setup.bash
[11.522s] -- Installing: /home/loc/.distrobox/ros2-home/BTVN02/install/distance_warning/share/distance_warning/local_setup.sh
[11.522s] -- Installing: /home/loc/.distrobox/ros2-home/BTVN02/install/distance_warning/share/distance_warning/local_setup.zsh
[11.522s] -- Installing: /home/loc/.distrobox/ros2-home/BTVN02/install/distance_warning/share/distance_warning/local_setup.dsv
[11.523s] -- Installing: /home/loc/.distrobox/ros2-home/BTVN02/install/distance_warning/share/distance_warning/package.dsv
[11.523s] -- Installing: /home/loc/.distrobox/ros2-home/BTVN02/install/distance_warning/share/ament_index/resource_index/packages/distance_warning
[11.523s] -- Installing: /home/loc/.distrobox/ros2-home/BTVN02/install/distance_warning/share/distance_warning/cmake/export_distance_warning__rosidl_generator_cExport.cmake
[11.523s] -- Installing: /home/loc/.distrobox/ros2-home/BTVN02/install/distance_warning/share/distance_warning/cmake/export_distance_warning__rosidl_generator_cExport-noconfig.cmake
[11.523s] -- Installing: /home/loc/.distrobox/ros2-home/BTVN02/install/distance_warning/share/distance_warning/cmake/export_distance_warning__rosidl_typesupport_fastrtps_cExport.cmake
[11.523s] -- Installing: /home/loc/.distrobox/ros2-home/BTVN02/install/distance_warning/share/distance_warning/cmake/export_distance_warning__rosidl_typesupport_fastrtps_cExport-noconfig.cmake
[11.524s] -- Installing: /home/loc/.distrobox/ros2-home/BTVN02/install/distance_warning/share/distance_warning/cmake/export_distance_warning__rosidl_generator_cppExport.cmake
[11.524s] -- Installing: /home/loc/.distrobox/ros2-home/BTVN02/install/distance_warning/share/distance_warning/cmake/export_distance_warning__rosidl_typesupport_fastrtps_cppExport.cmake
[11.524s] -- Installing: /home/loc/.distrobox/ros2-home/BTVN02/install/distance_warning/share/distance_warning/cmake/export_distance_warning__rosidl_typesupport_fastrtps_cppExport-noconfig.cmake
[11.524s] -- Installing: /home/loc/.distrobox/ros2-home/BTVN02/install/distance_warning/share/distance_warning/cmake/distance_warning__rosidl_typesupport_introspection_cExport.cmake
[11.524s] -- Installing: /home/loc/.distrobox/ros2-home/BTVN02/install/distance_warning/share/distance_warning/cmake/distance_warning__rosidl_typesupport_introspection_cExport-noconfig.cmake
[11.524s] -- Installing: /home/loc/.distrobox/ros2-home/BTVN02/install/distance_warning/share/distance_warning/cmake/distance_warning__rosidl_typesupport_cExport.cmake
[11.524s] -- Installing: /home/loc/.distrobox/ros2-home/BTVN02/install/distance_warning/share/distance_warning/cmake/distance_warning__rosidl_typesupport_cExport-noconfig.cmake
[11.525s] -- Installing: /home/loc/.distrobox/ros2-home/BTVN02/install/distance_warning/share/distance_warning/cmake/distance_warning__rosidl_typesupport_introspection_cppExport.cmake
[11.525s] -- Installing: /home/loc/.distrobox/ros2-home/BTVN02/install/distance_warning/share/distance_warning/cmake/distance_warning__rosidl_typesupport_introspection_cppExport-noconfig.cmake
[11.525s] -- Installing: /home/loc/.distrobox/ros2-home/BTVN02/install/distance_warning/share/distance_warning/cmake/distance_warning__rosidl_typesupport_cppExport.cmake
[11.525s] -- Installing: /home/loc/.distrobox/ros2-home/BTVN02/install/distance_warning/share/distance_warning/cmake/distance_warning__rosidl_typesupport_cppExport-noconfig.cmake
[11.525s] -- Installing: /home/loc/.distrobox/ros2-home/BTVN02/install/distance_warning/share/distance_warning/cmake/export_distance_warning__rosidl_generator_pyExport.cmake
[11.526s] -- Installing: /home/loc/.distrobox/ros2-home/BTVN02/install/distance_warning/share/distance_warning/cmake/export_distance_warning__rosidl_generator_pyExport-noconfig.cmake
[11.526s] -- Installing: /home/loc/.distrobox/ros2-home/BTVN02/install/distance_warning/share/distance_warning/cmake/rosidl_cmake-extras.cmake
[11.526s] -- Installing: /home/loc/.distrobox/ros2-home/BTVN02/install/distance_warning/share/distance_warning/cmake/ament_cmake_export_dependencies-extras.cmake
[11.526s] -- Installing: /home/loc/.distrobox/ros2-home/BTVN02/install/distance_warning/share/distance_warning/cmake/ament_cmake_export_include_directories-extras.cmake
[11.526s] -- Installing: /home/loc/.distrobox/ros2-home/BTVN02/install/distance_warning/share/distance_warning/cmake/ament_cmake_export_libraries-extras.cmake
[11.527s] -- Installing: /home/loc/.distrobox/ros2-home/BTVN02/install/distance_warning/share/distance_warning/cmake/ament_cmake_export_targets-extras.cmake
[11.527s] -- Installing: /home/loc/.distrobox/ros2-home/BTVN02/install/distance_warning/share/distance_warning/cmake/rosidl_cmake_export_typesupport_targets-extras.cmake
[11.527s] -- Installing: /home/loc/.distrobox/ros2-home/BTVN02/install/distance_warning/share/distance_warning/cmake/rosidl_cmake_export_typesupport_libraries-extras.cmake
[11.527s] -- Installing: /home/loc/.distrobox/ros2-home/BTVN02/install/distance_warning/share/distance_warning/cmake/distance_warningConfig.cmake
[11.527s] -- Installing: /home/loc/.distrobox/ros2-home/BTVN02/install/distance_warning/share/distance_warning/cmake/distance_warningConfig-version.cmake
[11.527s] -- Installing: /home/loc/.distrobox/ros2-home/BTVN02/install/distance_warning/share/distance_warning/package.xml
[11.527s] -- Installing: /home/loc/.distrobox/ros2-home/BTVN02/install/distance_warning/lib/distance_warning/distance_listener
[11.534s] -- Set runtime path of "/home/loc/.distrobox/ros2-home/BTVN02/install/distance_warning/lib/distance_warning/distance_listener" to ""
[11.534s] -- Installing: /home/loc/.distrobox/ros2-home/BTVN02/install/distance_warning/lib/distance_warning/distance_publisher
[11.539s] -- Set runtime path of "/home/loc/.distrobox/ros2-home/BTVN02/install/distance_warning/lib/distance_warning/distance_publisher" to ""
[11.539s] -- Installing: /home/loc/.distrobox/ros2-home/BTVN02/install/distance_warning/lib/distance_warning/set_threshold_service
[11.545s] -- Set runtime path of "/home/loc/.distrobox/ros2-home/BTVN02/install/distance_warning/lib/distance_warning/set_threshold_service" to ""
[11.545s] -- Installing: /home/loc/.distrobox/ros2-home/BTVN02/install/distance_warning/lib/distance_warning/distance_action_server
[11.550s] -- Set runtime path of "/home/loc/.distrobox/ros2-home/BTVN02/install/distance_warning/lib/distance_warning/distance_action_server" to ""
[11.550s] -- Installing: /home/loc/.distrobox/ros2-home/BTVN02/install/distance_warning/lib/distance_warning/distance_action_client
[11.555s] -- Set runtime path of "/home/loc/.distrobox/ros2-home/BTVN02/install/distance_warning/lib/distance_warning/distance_action_client" to ""
[11.555s] -- Installing: /home/loc/.distrobox/ros2-home/BTVN02/install/distance_warning/share/distance_warning//launch
[11.555s] -- Installing: /home/loc/.distrobox/ros2-home/BTVN02/install/distance_warning/share/distance_warning//launch/distance_warning.launch.py
[11.559s] Invoked command in '/home/loc/.distrobox/ros2-home/BTVN02/build/distance_warning' returned '0': CMAKE_PREFIX_PATH=${CMAKE_PREFIX_PATH}:/opt/ros/humble DEBUGINFOD_URLS=ima:enforcing https://debuginfod.fedoraproject.org/ ima:ignore PS1=\[\e]0;\u@\h: \w\a\]${debian_chroot:+($debian_chroot)}\[\033[01;32m\]\u@\h\[\033[00m\]:\[\033[01;34m\]\w\[\033[00m\]\$ /usr/bin/cmake --install /home/loc/.distrobox/ros2-home/BTVN02/build/distance_warning
