[0.112s] DEBUG:colcon:Command line arguments: ['/usr/bin/colcon', 'build', '--packages-select', 'distance_warning']
[0.112s] DEBUG:colcon:Parsed command line arguments: Namespace(log_base=None, log_level=None, verb_name='build', build_base='build', install_base='install', merge_install=False, symlink_install=False, test_result_base=None, continue_on_error=False, executor='parallel', parallel_workers=32, event_handlers=None, ignore_user_meta=False, metas=['./colcon.meta'], base_paths=['.'], packages_ignore=None, packages_ignore_regex=None, paths=None, packages_up_to=None, packages_up_to_regex=None, packages_above=None, packages_above_and_dependencies=None, packages_above_depth=None, packages_select_by_dep=None, packages_skip_by_dep=None, packages_skip_up_to=None, packages_select_build_failed=False, packages_skip_build_finished=False, packages_select_test_failures=False, packages_skip_test_passed=False, packages_select=['distance_warning'], packages_skip=None, packages_select_regex=None, packages_skip_regex=None, packages_start=None, packages_end=None, allow_overriding=[], cmake_args=None, cmake_target=None, cmake_target_skip_unavailable=False, cmake_clean_cache=False, cmake_clean_first=False, cmake_force_configure=False, ament_cmake_args=None, catkin_cmake_args=None, catkin_skip_building_tests=False, verb_parser=<colcon_defaults.argument_parser.defaults.DefaultArgumentsDecorator object at 0x7f07e1f23070>, verb_extension=<colcon_core.verb.build.BuildVerb object at 0x7f07e2064580>, main=<bound method BuildVerb.main of <colcon_core.verb.build.BuildVerb object at 0x7f07e2064580>>)
[0.256s] Level 1:colcon.colcon_core.package_discovery:discover_packages(colcon_meta) check parameters
[0.256s] Level 1:colcon.colcon_core.package_discovery:discover_packages(recursive) check parameters
[0.256s] Level 1:colcon.colcon_core.package_discovery:discover_packages(ignore) check parameters
[0.256s] Level 1:colcon.colcon_core.package_discovery:discover_packages(path) check parameters
[0.256s] Level 1:colcon.colcon_core.package_discovery:discover_packages(colcon_meta) discover
[0.256s] Level 1:colcon.colcon_core.package_discovery:discover_packages(recursive) discover
[0.256s] INFO:colcon.colcon_core.package_discovery:Crawling recursively for packages in '/home/loc/.distrobox/ros2-home/BTVN02'
[0.257s] Level 1:colcon.colcon_core.package_identification:_identify(.) by extensions ['ignore', 'ignore_ament_install']
[0.257s] Level 1:colcon.colcon_core.package_identification:_identify(.) by extension 'ignore'
[0.257s] Level 1:colcon.colcon_core.package_identification:_identify(.) by extension 'ignore_ament_install'
[0.257s] Level 1:colcon.colcon_core.package_identification:_identify(.) by extensions ['colcon_pkg']
[0.257s] Level 1:colcon.colcon_core.package_identification:_identify(.) by extension 'colcon_pkg'
[0.257s] Level 1:colcon.colcon_core.package_identification:_identify(.) by extensions ['colcon_meta']
[0.257s] Level 1:colcon.colcon_core.package_identification:_identify(.) by extension 'colcon_meta'
[0.257s] Level 1:colcon.colcon_core.package_identification:_identify(.) by extensions ['ros']
[0.257s] Level 1:colcon.colcon_core.package_identification:_identify(.) by extension 'ros'
[0.269s] Level 1:colcon.colcon_core.package_identification:_identify(.) by extensions ['cmake', 'python']
[0.269s] Level 1:colcon.colcon_core.package_identification:_identify(.) by extension 'cmake'
[0.269s] Level 1:colcon.colcon_core.package_identification:_identify(.) by extension 'python'
[0.269s] Level 1:colcon.colcon_core.package_identification:_identify(.) by extensions ['python_setup_py']
[0.269s] Level 1:colcon.colcon_core.package_identification:_identify(.) by extension 'python_setup_py'
[0.269s] Level 1:colcon.colcon_core.package_identification:_identify(build) by extensions ['ignore', 'ignore_ament_install']
[0.270s] Level 1:colcon.colcon_core.package_identification:_identify(build) by extension 'ignore'
[0.270s] Level 1:colcon.colcon_core.package_identification:_identify(build) ignored
[0.270s] Level 1:colcon.colcon_core.package_identification:_identify(install) by extensions ['ignore', 'ignore_ament_install']
[0.270s] Level 1:colcon.colcon_core.package_identification:_identify(install) by extension 'ignore'
[0.270s] Level 1:colcon.colcon_core.package_identification:_identify(install) ignored
[0.270s] Level 1:colcon.colcon_core.package_identification:_identify(log) by extensions ['ignore', 'ignore_ament_install']
[0.270s] Level 1:colcon.colcon_core.package_identification:_identify(log) by extension 'ignore'
[0.270s] Level 1:colcon.colcon_core.package_identification:_identify(log) ignored
[0.270s] Level 1:colcon.colcon_core.package_identification:_identify(src) by extensions ['ignore', 'ignore_ament_install']
[0.270s] Level 1:colcon.colcon_core.package_identification:_identify(src) by extension 'ignore'
[0.270s] Level 1:colcon.colcon_core.package_identification:_identify(src) by extension 'ignore_ament_install'
[0.270s] Level 1:colcon.colcon_core.package_identification:_identify(src) by extensions ['colcon_pkg']
[0.270s] Level 1:colcon.colcon_core.package_identification:_identify(src) by extension 'colcon_pkg'
[0.270s] Level 1:colcon.colcon_core.package_identification:_identify(src) by extensions ['colcon_meta']
[0.270s] Level 1:colcon.colcon_core.package_identification:_identify(src) by extension 'colcon_meta'
[0.271s] Level 1:colcon.colcon_core.package_identification:_identify(src) by extensions ['ros']
[0.271s] Level 1:colcon.colcon_core.package_identification:_identify(src) by extension 'ros'
[0.271s] Level 1:colcon.colcon_core.package_identification:_identify(src) by extensions ['cmake', 'python']
[0.271s] Level 1:colcon.colcon_core.package_identification:_identify(src) by extension 'cmake'
[0.271s] Level 1:colcon.colcon_core.package_identification:_identify(src) by extension 'python'
[0.271s] Level 1:colcon.colcon_core.package_identification:_identify(src) by extensions ['python_setup_py']
[0.271s] Level 1:colcon.colcon_core.package_identification:_identify(src) by extension 'python_setup_py'
[0.271s] Level 1:colcon.colcon_core.package_identification:_identify(src/distance_warning) by extensions ['ignore', 'ignore_ament_install']
[0.271s] Level 1:colcon.colcon_core.package_identification:_identify(src/distance_warning) by extension 'ignore'
[0.271s] Level 1:colcon.colcon_core.package_identification:_identify(src/distance_warning) by extension 'ignore_ament_install'
[0.271s] Level 1:colcon.colcon_core.package_identification:_identify(src/distance_warning) by extensions ['colcon_pkg']
[0.271s] Level 1:colcon.colcon_core.package_identification:_identify(src/distance_warning) by extension 'colcon_pkg'
[0.271s] Level 1:colcon.colcon_core.package_identification:_identify(src/distance_warning) by extensions ['colcon_meta']
[0.271s] Level 1:colcon.colcon_core.package_identification:_identify(src/distance_warning) by extension 'colcon_meta'
[0.271s] Level 1:colcon.colcon_core.package_identification:_identify(src/distance_warning) by extensions ['ros']
[0.271s] Level 1:colcon.colcon_core.package_identification:_identify(src/distance_warning) by extension 'ros'
[0.275s] DEBUG:colcon.colcon_core.package_identification:Package 'src/distance_warning' with type 'ros.ament_cmake' and name 'distance_warning'
[0.275s] Level 1:colcon.colcon_core.package_discovery:discover_packages(recursive) using defaults
[0.275s] Level 1:colcon.colcon_core.package_discovery:discover_packages(ignore) discover
[0.275s] Level 1:colcon.colcon_core.package_discovery:discover_packages(ignore) using defaults
[0.275s] Level 1:colcon.colcon_core.package_discovery:discover_packages(path) discover
[0.275s] Level 1:colcon.colcon_core.package_discovery:discover_packages(path) using defaults
[0.297s] Level 1:colcon.colcon_core.package_discovery:discover_packages(prefix_path) check parameters
[0.297s] Level 1:colcon.colcon_core.package_discovery:discover_packages(prefix_path) discover
[0.298s] WARNING:colcon.colcon_ros.prefix_path.ament:The path '/home/loc/.distrobox/ros2-home/BTVN02/install/distance_warning' in the environment variable AMENT_PREFIX_PATH doesn't exist
[0.298s] WARNING:colcon.colcon_ros.prefix_path.catkin:The path '/home/loc/.distrobox/ros2-home/BTVN02/install/distance_warning' in the environment variable CMAKE_PREFIX_PATH doesn't exist
[0.298s] DEBUG:colcon.colcon_installed_package_information.package_discovery:Found 0 installed packages in /home/loc/.distrobox/ros2-home/BTVN02/install
[0.300s] DEBUG:colcon.colcon_installed_package_information.package_discovery:Found 273 installed packages in /opt/ros/humble
[0.301s] Level 1:colcon.colcon_core.package_discovery:discover_packages(prefix_path) using defaults
[0.349s] Level 5:colcon.colcon_core.verb:set package 'distance_warning' build argument 'cmake_args' from command line to 'None'
[0.349s] Level 5:colcon.colcon_core.verb:set package 'distance_warning' build argument 'cmake_target' from command line to 'None'
[0.349s] Level 5:colcon.colcon_core.verb:set package 'distance_warning' build argument 'cmake_target_skip_unavailable' from command line to 'False'
[0.349s] Level 5:colcon.colcon_core.verb:set package 'distance_warning' build argument 'cmake_clean_cache' from command line to 'False'
[0.349s] Level 5:colcon.colcon_core.verb:set package 'distance_warning' build argument 'cmake_clean_first' from command line to 'False'
[0.349s] Level 5:colcon.colcon_core.verb:set package 'distance_warning' build argument 'cmake_force_configure' from command line to 'False'
[0.349s] Level 5:colcon.colcon_core.verb:set package 'distance_warning' build argument 'ament_cmake_args' from command line to 'None'
[0.349s] Level 5:colcon.colcon_core.verb:set package 'distance_warning' build argument 'catkin_cmake_args' from command line to 'None'
[0.349s] Level 5:colcon.colcon_core.verb:set package 'distance_warning' build argument 'catkin_skip_building_tests' from command line to 'False'
[0.349s] DEBUG:colcon.colcon_core.verb:Building package 'distance_warning' with the following arguments: {'ament_cmake_args': None, 'build_base': '/home/loc/.distrobox/ros2-home/BTVN02/build/distance_warning', 'catkin_cmake_args': None, 'catkin_skip_building_tests': False, 'cmake_args': None, 'cmake_clean_cache': False, 'cmake_clean_first': False, 'cmake_force_configure': False, 'cmake_target': None, 'cmake_target_skip_unavailable': False, 'install_base': '/home/loc/.distrobox/ros2-home/BTVN02/install/distance_warning', 'merge_install': False, 'path': '/home/loc/.distrobox/ros2-home/BTVN02/src/distance_warning', 'symlink_install': False, 'test_result_base': None}
[0.349s] INFO:colcon.colcon_core.executor:Executing jobs using 'parallel' executor
[0.351s] DEBUG:colcon.colcon_parallel_executor.executor.parallel:run_until_complete
[0.351s] INFO:colcon.colcon_ros.task.ament_cmake.build:Building ROS package in '/home/loc/.distrobox/ros2-home/BTVN02/src/distance_warning' with build type 'ament_cmake'
[0.352s] INFO:colcon.colcon_cmake.task.cmake.build:Building CMake package in '/home/loc/.distrobox/ros2-home/BTVN02/src/distance_warning'
[0.354s] INFO:colcon.colcon_core.plugin_system:Skipping extension 'colcon_core.shell.bat': Not used on non-Windows systems
[0.354s] INFO:colcon.colcon_core.shell:Skip shell extension 'powershell' for command environment: Not usable outside of PowerShell
[0.354s] DEBUG:colcon.colcon_core.shell:Skip shell extension 'dsv' for command environment
[0.365s] DEBUG:colcon.colcon_core.event_handler.log_command:Invoking command in '/home/loc/.distrobox/ros2-home/BTVN02/build/distance_warning': CMAKE_PREFIX_PATH=${CMAKE_PREFIX_PATH}:/opt/ros/humble DEBUGINFOD_URLS=ima:enforcing https://debuginfod.fedoraproject.org/ ima:ignore PS1=\[\e]0;\u@\h: \w\a\]${debian_chroot:+($debian_chroot)}\[\033[01;32m\]\u@\h\[\033[00m\]:\[\033[01;34m\]\w\[\033[00m\]\$ /usr/bin/cmake /home/loc/.distrobox/ros2-home/BTVN02/src/distance_warning -DCMAKE_INSTALL_PREFIX=/home/loc/.distrobox/ros2-home/BTVN02/install/distance_warning
[3.108s] DEBUG:colcon.colcon_core.event_handler.log_command:Invoked command in '/home/loc/.distrobox/ros2-home/BTVN02/build/distance_warning' returned '0': CMAKE_PREFIX_PATH=${CMAKE_PREFIX_PATH}:/opt/ros/humble DEBUGINFOD_URLS=ima:enforcing https://debuginfod.fedoraproject.org/ ima:ignore PS1=\[\e]0;\u@\h: \w\a\]${debian_chroot:+($debian_chroot)}\[\033[01;32m\]\u@\h\[\033[00m\]:\[\033[01;34m\]\w\[\033[00m\]\$ /usr/bin/cmake /home/loc/.distrobox/ros2-home/BTVN02/src/distance_warning -DCMAKE_INSTALL_PREFIX=/home/loc/.distrobox/ros2-home/BTVN02/install/distance_warning
[3.112s] DEBUG:colcon.colcon_core.event_handler.log_command:Invoking command in '/home/loc/.distrobox/ros2-home/BTVN02/build/distance_warning': CMAKE_PREFIX_PATH=${CMAKE_PREFIX_PATH}:/opt/ros/humble DEBUGINFOD_URLS=ima:enforcing https://debuginfod.fedoraproject.org/ ima:ignore PS1=\[\e]0;\u@\h: \w\a\]${debian_chroot:+($debian_chroot)}\[\033[01;32m\]\u@\h\[\033[00m\]:\[\033[01;34m\]\w\[\033[00m\]\$ /usr/bin/cmake --build /home/loc/.distrobox/ros2-home/BTVN02/build/distance_warning -- -j32 -l32
[11.729s] DEBUG:colcon.colcon_core.event_handler.log_command:Invoked command in '/home/loc/.distrobox/ros2-home/BTVN02/build/distance_warning' returned '0': CMAKE_PREFIX_PATH=${CMAKE_PREFIX_PATH}:/opt/ros/humble DEBUGINFOD_URLS=ima:enforcing https://debuginfod.fedoraproject.org/ ima:ignore PS1=\[\e]0;\u@\h: \w\a\]${debian_chroot:+($debian_chroot)}\[\033[01;32m\]\u@\h\[\033[00m\]:\[\033[01;34m\]\w\[\033[00m\]\$ /usr/bin/cmake --build /home/loc/.distrobox/ros2-home/BTVN02/build/distance_warning -- -j32 -l32
[11.747s] DEBUG:colcon.colcon_core.event_handler.log_command:Invoking command in '/home/loc/.distrobox/ros2-home/BTVN02/build/distance_warning': CMAKE_PREFIX_PATH=${CMAKE_PREFIX_PATH}:/opt/ros/humble DEBUGINFOD_URLS=ima:enforcing https://debuginfod.fedoraproject.org/ ima:ignore PS1=\[\e]0;\u@\h: \w\a\]${debian_chroot:+($debian_chroot)}\[\033[01;32m\]\u@\h\[\033[00m\]:\[\033[01;34m\]\w\[\033[00m\]\$ /usr/bin/cmake --install /home/loc/.distrobox/ros2-home/BTVN02/build/distance_warning
[11.909s] Level 1:colcon.colcon_core.environment:create_environment_scripts_only(distance_warning)
[11.910s] DEBUG:colcon.colcon_core.event_handler.log_command:Invoked command in '/home/loc/.distrobox/ros2-home/BTVN02/build/distance_warning' returned '0': CMAKE_PREFIX_PATH=${CMAKE_PREFIX_PATH}:/opt/ros/humble DEBUGINFOD_URLS=ima:enforcing https://debuginfod.fedoraproject.org/ ima:ignore PS1=\[\e]0;\u@\h: \w\a\]${debian_chroot:+($debian_chroot)}\[\033[01;32m\]\u@\h\[\033[00m\]:\[\033[01;34m\]\w\[\033[00m\]\$ /usr/bin/cmake --install /home/loc/.distrobox/ros2-home/BTVN02/build/distance_warning
[11.915s] Level 1:colcon.colcon_core.environment:checking '/home/loc/.distrobox/ros2-home/BTVN02/install/distance_warning' for CMake module files
[11.916s] Level 1:colcon.colcon_core.environment:checking '/home/loc/.distrobox/ros2-home/BTVN02/install/distance_warning' for CMake config files
[11.917s] Level 1:colcon.colcon_core.shell:create_environment_hook('distance_warning', 'cmake_prefix_path')
[11.917s] INFO:colcon.colcon_core.shell:Creating environment hook '/home/loc/.distrobox/ros2-home/BTVN02/install/distance_warning/share/distance_warning/hook/cmake_prefix_path.ps1'
[11.918s] INFO:colcon.colcon_core.shell:Creating environment descriptor '/home/loc/.distrobox/ros2-home/BTVN02/install/distance_warning/share/distance_warning/hook/cmake_prefix_path.dsv'
[11.919s] INFO:colcon.colcon_core.shell:Creating environment hook '/home/loc/.distrobox/ros2-home/BTVN02/install/distance_warning/share/distance_warning/hook/cmake_prefix_path.sh'
[11.921s] Level 1:colcon.colcon_core.environment:checking '/home/loc/.distrobox/ros2-home/BTVN02/install/distance_warning/lib'
[11.921s] Level 1:colcon.colcon_core.shell:create_environment_hook('distance_warning', 'ld_library_path_lib')
[11.921s] INFO:colcon.colcon_core.shell:Creating environment hook '/home/loc/.distrobox/ros2-home/BTVN02/install/distance_warning/share/distance_warning/hook/ld_library_path_lib.ps1'
[11.922s] INFO:colcon.colcon_core.shell:Creating environment descriptor '/home/loc/.distrobox/ros2-home/BTVN02/install/distance_warning/share/distance_warning/hook/ld_library_path_lib.dsv'
[11.922s] INFO:colcon.colcon_core.shell:Creating environment hook '/home/loc/.distrobox/ros2-home/BTVN02/install/distance_warning/share/distance_warning/hook/ld_library_path_lib.sh'
[11.922s] Level 1:colcon.colcon_core.environment:checking '/home/loc/.distrobox/ros2-home/BTVN02/install/distance_warning/bin'
[11.922s] Level 1:colcon.colcon_core.environment:checking '/home/loc/.distrobox/ros2-home/BTVN02/install/distance_warning/lib/pkgconfig/distance_warning.pc'
[11.923s] Level 1:colcon.colcon_core.environment:checking '/home/loc/.distrobox/ros2-home/BTVN02/install/distance_warning/lib/python3.10/site-packages'
[11.923s] Level 1:colcon.colcon_core.environment:checking '/home/loc/.distrobox/ros2-home/BTVN02/install/distance_warning/bin'
[11.923s] INFO:colcon.colcon_core.shell:Creating package script '/home/loc/.distrobox/ros2-home/BTVN02/install/distance_warning/share/distance_warning/package.ps1'
[11.925s] INFO:colcon.colcon_core.shell:Creating package descriptor '/home/loc/.distrobox/ros2-home/BTVN02/install/distance_warning/share/distance_warning/package.dsv'
[11.925s] INFO:colcon.colcon_core.shell:Creating package script '/home/loc/.distrobox/ros2-home/BTVN02/install/distance_warning/share/distance_warning/package.sh'
[11.926s] INFO:colcon.colcon_core.shell:Creating package script '/home/loc/.distrobox/ros2-home/BTVN02/install/distance_warning/share/distance_warning/package.bash'
[11.927s] INFO:colcon.colcon_core.shell:Creating package script '/home/loc/.distrobox/ros2-home/BTVN02/install/distance_warning/share/distance_warning/package.zsh'
[11.928s] Level 1:colcon.colcon_core.environment:create_file_with_runtime_dependencies(/home/loc/.distrobox/ros2-home/BTVN02/install/distance_warning/share/colcon-core/packages/distance_warning)
[11.928s] Level 1:colcon.colcon_core.environment:create_environment_scripts_only(distance_warning)
[11.929s] Level 1:colcon.colcon_core.environment:checking '/home/loc/.distrobox/ros2-home/BTVN02/install/distance_warning' for CMake module files
[11.929s] Level 1:colcon.colcon_core.environment:checking '/home/loc/.distrobox/ros2-home/BTVN02/install/distance_warning' for CMake config files
[11.930s] Level 1:colcon.colcon_core.shell:create_environment_hook('distance_warning', 'cmake_prefix_path')
[11.930s] INFO:colcon.colcon_core.shell:Creating environment hook '/home/loc/.distrobox/ros2-home/BTVN02/install/distance_warning/share/distance_warning/hook/cmake_prefix_path.ps1'
[11.930s] INFO:colcon.colcon_core.shell:Creating environment descriptor '/home/loc/.distrobox/ros2-home/BTVN02/install/distance_warning/share/distance_warning/hook/cmake_prefix_path.dsv'
[11.931s] INFO:colcon.colcon_core.shell:Creating environment hook '/home/loc/.distrobox/ros2-home/BTVN02/install/distance_warning/share/distance_warning/hook/cmake_prefix_path.sh'
[11.931s] Level 1:colcon.colcon_core.environment:checking '/home/loc/.distrobox/ros2-home/BTVN02/install/distance_warning/lib'
[11.931s] Level 1:colcon.colcon_core.shell:create_environment_hook('distance_warning', 'ld_library_path_lib')
[11.932s] INFO:colcon.colcon_core.shell:Creating environment hook '/home/loc/.distrobox/ros2-home/BTVN02/install/distance_warning/share/distance_warning/hook/ld_library_path_lib.ps1'
[11.932s] INFO:colcon.colcon_core.shell:Creating environment descriptor '/home/loc/.distrobox/ros2-home/BTVN02/install/distance_warning/share/distance_warning/hook/ld_library_path_lib.dsv'
[11.932s] INFO:colcon.colcon_core.shell:Creating environment hook '/home/loc/.distrobox/ros2-home/BTVN02/install/distance_warning/share/distance_warning/hook/ld_library_path_lib.sh'
[11.933s] Level 1:colcon.colcon_core.environment:checking '/home/loc/.distrobox/ros2-home/BTVN02/install/distance_warning/bin'
[11.933s] Level 1:colcon.colcon_core.environment:checking '/home/loc/.distrobox/ros2-home/BTVN02/install/distance_warning/lib/pkgconfig/distance_warning.pc'
[11.933s] Level 1:colcon.colcon_core.environment:checking '/home/loc/.distrobox/ros2-home/BTVN02/install/distance_warning/lib/python3.10/site-packages'
[11.934s] Level 1:colcon.colcon_core.environment:checking '/home/loc/.distrobox/ros2-home/BTVN02/install/distance_warning/bin'
[11.934s] INFO:colcon.colcon_core.shell:Creating package script '/home/loc/.distrobox/ros2-home/BTVN02/install/distance_warning/share/distance_warning/package.ps1'
[11.935s] INFO:colcon.colcon_core.shell:Creating package descriptor '/home/loc/.distrobox/ros2-home/BTVN02/install/distance_warning/share/distance_warning/package.dsv'
[11.935s] INFO:colcon.colcon_core.shell:Creating package script '/home/loc/.distrobox/ros2-home/BTVN02/install/distance_warning/share/distance_warning/package.sh'
[11.936s] INFO:colcon.colcon_core.shell:Creating package script '/home/loc/.distrobox/ros2-home/BTVN02/install/distance_warning/share/distance_warning/package.bash'
[11.936s] INFO:colcon.colcon_core.shell:Creating package script '/home/loc/.distrobox/ros2-home/BTVN02/install/distance_warning/share/distance_warning/package.zsh'
[11.936s] Level 1:colcon.colcon_core.environment:create_file_with_runtime_dependencies(/home/loc/.distrobox/ros2-home/BTVN02/install/distance_warning/share/colcon-core/packages/distance_warning)
[11.937s] DEBUG:colcon.colcon_parallel_executor.executor.parallel:closing loop
[11.937s] DEBUG:colcon.colcon_parallel_executor.executor.parallel:loop closed
[11.937s] DEBUG:colcon.colcon_parallel_executor.executor.parallel:run_until_complete finished with '0'
[11.937s] DEBUG:colcon.colcon_core.event_reactor:joining thread
[11.943s] INFO:colcon.colcon_core.plugin_system:Skipping extension 'colcon_notification.desktop_notification.notify_send': Could not find 'notify-send'
[11.944s] INFO:colcon.colcon_core.plugin_system:Skipping extension 'colcon_notification.desktop_notification.terminal_notifier': Not used on non-Darwin systems
[11.944s] INFO:colcon.colcon_core.plugin_system:Skipping extension 'colcon_notification.desktop_notification.win32': Not used on non-Windows systems
[11.944s] INFO:colcon.colcon_notification.desktop_notification:Sending desktop notification using 'notify2'
[11.964s] DEBUG:colcon.colcon_core.event_reactor:joined thread
[11.965s] INFO:colcon.colcon_core.shell:Creating prefix script '/home/loc/.distrobox/ros2-home/BTVN02/install/local_setup.ps1'
[11.966s] INFO:colcon.colcon_core.shell:Creating prefix util module '/home/loc/.distrobox/ros2-home/BTVN02/install/_local_setup_util_ps1.py'
[11.968s] INFO:colcon.colcon_core.shell:Creating prefix chain script '/home/loc/.distrobox/ros2-home/BTVN02/install/setup.ps1'
[11.969s] INFO:colcon.colcon_core.shell:Creating prefix script '/home/loc/.distrobox/ros2-home/BTVN02/install/local_setup.sh'
[11.970s] INFO:colcon.colcon_core.shell:Creating prefix util module '/home/loc/.distrobox/ros2-home/BTVN02/install/_local_setup_util_sh.py'
[11.970s] INFO:colcon.colcon_core.shell:Creating prefix chain script '/home/loc/.distrobox/ros2-home/BTVN02/install/setup.sh'
[11.971s] INFO:colcon.colcon_core.shell:Creating prefix script '/home/loc/.distrobox/ros2-home/BTVN02/install/local_setup.bash'
[11.972s] INFO:colcon.colcon_core.shell:Creating prefix chain script '/home/loc/.distrobox/ros2-home/BTVN02/install/setup.bash'
[11.973s] INFO:colcon.colcon_core.shell:Creating prefix script '/home/loc/.distrobox/ros2-home/BTVN02/install/local_setup.zsh'
[11.974s] INFO:colcon.colcon_core.shell:Creating prefix chain script '/home/loc/.distrobox/ros2-home/BTVN02/install/setup.zsh'
